Component: ARM Compiler 5.06 update 6 (build 750) Tool: armlink [4d35ed]

==============================================================================

Section Cross References

    startup_stm32g474xx.o(RESET) refers to startup_stm32g474xx.o(STACK) for __initial_sp
    startup_stm32g474xx.o(RESET) refers to startup_stm32g474xx.o(.text) for Reset_Handler
    startup_stm32g474xx.o(RESET) refers to stm32g4xx_it.o(i.NMI_Handler) for NMI_Handler
    startup_stm32g474xx.o(RESET) refers to stm32g4xx_it.o(i.HardFault_Handler) for HardFault_Handler
    startup_stm32g474xx.o(RESET) refers to stm32g4xx_it.o(i.MemManage_Handler) for MemManage_Handler
    startup_stm32g474xx.o(RESET) refers to stm32g4xx_it.o(i.BusFault_Handler) for BusFault_Handler
    startup_stm32g474xx.o(RESET) refers to stm32g4xx_it.o(i.UsageFault_Handler) for UsageFault_Handler
    startup_stm32g474xx.o(RESET) refers to stm32g4xx_it.o(i.SVC_Handler) for SVC_Handler
    startup_stm32g474xx.o(RESET) refers to stm32g4xx_it.o(i.DebugMon_Handler) for DebugMon_Handler
    startup_stm32g474xx.o(RESET) refers to stm32g4xx_it.o(i.PendSV_Handler) for PendSV_Handler
    startup_stm32g474xx.o(RESET) refers to stm32g4xx_it.o(i.SysTick_Handler) for SysTick_Handler
    startup_stm32g474xx.o(.text) refers to system_stm32g4xx.o(i.SystemInit) for SystemInit
    startup_stm32g474xx.o(.text) refers to entry.o(.ARM.Collect$$$$00000000) for __main
    w25qxx.o(i.QSPI_Send_CMD) refers to stm32g4xx_hal_qspi.o(i.HAL_QSPI_Command) for HAL_QSPI_Command
    w25qxx.o(i.QSPI_Send_CMD) refers to quadspi.o(.bss) for hqspi1
    w25qxx.o(i.W25QXX_Erase_Sector) refers to w25qxx.o(i.QSPI_Send_CMD) for QSPI_Send_CMD
    w25qxx.o(i.W25QXX_Erase_Sector) refers to w25qxx.o(i.W25QXX_Wait_Busy) for W25QXX_Wait_Busy
    w25qxx.o(i.W25QXX_Read) refers to w25qxx.o(i.QSPI_Send_CMD) for QSPI_Send_CMD
    w25qxx.o(i.W25QXX_Read) refers to stm32g4xx_hal_qspi.o(i.HAL_QSPI_Receive) for HAL_QSPI_Receive
    w25qxx.o(i.W25QXX_Read) refers to quadspi.o(.bss) for hqspi1
    w25qxx.o(i.W25QXX_ReadID) refers to w25qxx.o(i.QSPI_Send_CMD) for QSPI_Send_CMD
    w25qxx.o(i.W25QXX_ReadID) refers to stm32g4xx_hal_qspi.o(i.HAL_QSPI_Receive) for HAL_QSPI_Receive
    w25qxx.o(i.W25QXX_ReadID) refers to quadspi.o(.bss) for hqspi1
    w25qxx.o(i.W25QXX_Wait_Busy) refers to w25qxx.o(i.QSPI_Send_CMD) for QSPI_Send_CMD
    w25qxx.o(i.W25QXX_Wait_Busy) refers to stm32g4xx_hal_qspi.o(i.HAL_QSPI_Receive) for HAL_QSPI_Receive
    w25qxx.o(i.W25QXX_Wait_Busy) refers to quadspi.o(.bss) for hqspi1
    w25qxx.o(i.W25QXX_Write) refers to w25qxx.o(i.W25QXX_Read) for W25QXX_Read
    w25qxx.o(i.W25QXX_Write) refers to w25qxx.o(i.W25QXX_Erase_Sector) for W25QXX_Erase_Sector
    w25qxx.o(i.W25QXX_Write) refers to w25qxx.o(i.W25QXX_Write_NoCheck) for W25QXX_Write_NoCheck
    w25qxx.o(i.W25QXX_Write) refers to w25qxx.o(.bss) for .bss
    w25qxx.o(i.W25QXX_Write_NoCheck) refers to w25qxx.o(i.W25QXX_Write_Page) for W25QXX_Write_Page
    w25qxx.o(i.W25QXX_Write_Page) refers to w25qxx.o(i.QSPI_Send_CMD) for QSPI_Send_CMD
    w25qxx.o(i.W25QXX_Write_Page) refers to w25qxx.o(i.W25QXX_Wait_Busy) for W25QXX_Wait_Busy
    w25qxx.o(i.W25QXX_Write_Page) refers to stm32g4xx_hal_qspi.o(i.HAL_QSPI_Transmit) for HAL_QSPI_Transmit
    w25qxx.o(i.W25QXX_Write_Page) refers to quadspi.o(.bss) for hqspi1
    w25qxx.o(i.W25QXX_int) refers to w25qxx.o(i.W25QXX_ReadID) for W25QXX_ReadID
    main.o(i.SystemClock_Config) refers to memseta.o(.text) for __aeabi_memclr4
    main.o(i.SystemClock_Config) refers to stm32g4xx_hal_pwr_ex.o(i.HAL_PWREx_ControlVoltageScaling) for HAL_PWREx_ControlVoltageScaling
    main.o(i.SystemClock_Config) refers to stm32g4xx_hal_rcc.o(i.HAL_RCC_OscConfig) for HAL_RCC_OscConfig
    main.o(i.SystemClock_Config) refers to stm32g4xx_hal_rcc.o(i.HAL_RCC_ClockConfig) for HAL_RCC_ClockConfig
    main.o(i.SystemClock_Config) refers to stm32g4xx_hal_rcc_ex.o(i.HAL_RCCEx_PeriphCLKConfig) for HAL_RCCEx_PeriphCLKConfig
    main.o(i.main) refers to stm32g4xx_hal.o(i.HAL_Init) for HAL_Init
    main.o(i.main) refers to main.o(i.SystemClock_Config) for SystemClock_Config
    main.o(i.main) refers to gpio.o(i.MX_GPIO_Init) for MX_GPIO_Init
    main.o(i.main) refers to quadspi.o(i.MX_QUADSPI1_Init) for MX_QUADSPI1_Init
    main.o(i.main) refers to usart.o(i.MX_USART1_UART_Init) for MX_USART1_UART_Init
    main.o(i.main) refers to usb.o(i.MX_USB_PCD_Init) for MX_USB_PCD_Init
    main.o(i.main) refers to w25qxx.o(i.W25QXX_int) for W25QXX_int
    main.o(i.main) refers to printf8.o(i.__0printf$8) for __2printf
    main.o(i.main) refers to w25qxx.o(i.W25QXX_ReadID) for W25QXX_ReadID
    main.o(i.main) refers to w25qxx.o(i.W25QXX_Write) for W25QXX_Write
    main.o(i.main) refers to w25qxx.o(i.W25QXX_Read) for W25QXX_Read
    main.o(i.main) refers to memcmp.o(.text) for memcmp
    main.o(i.main) refers to w25qxx.o(.data) for W25QXX_TYPE
    gpio.o(i.MX_GPIO_Init) refers to memseta.o(.text) for __aeabi_memclr4
[...]
    Removing stm32g4xx_hal_rcc_ex.o(i.HAL_RCCEx_CRSWaitSynchronization), (132 bytes).
    Removing stm32g4xx_hal_rcc_ex.o(i.HAL_RCCEx_CRS_ErrorCallback), (2 bytes).
    Removing stm32g4xx_hal_rcc_ex.o(i.HAL_RCCEx_CRS_ExpectedSyncCallback), (2 bytes).
    Removing stm32g4xx_hal_rcc_ex.o(i.HAL_RCCEx_CRS_IRQHandler), (108 bytes).
    Removing stm32g4xx_hal_rcc_ex.o(i.HAL_RCCEx_CRS_SyncOkCallback), (2 bytes).
    Removing stm32g4xx_hal_rcc_ex.o(i.HAL_RCCEx_CRS_SyncWarnCallback), (2 bytes).
    Removing stm32g4xx_hal_rcc_ex.o(i.HAL_RCCEx_DisableLSCO), (88 bytes).
    Removing stm32g4xx_hal_rcc_ex.o(i.HAL_RCCEx_DisableLSECSS), (28 bytes).
    Removing stm32g4xx_hal_rcc_ex.o(i.HAL_RCCEx_EnableLSCO), (140 bytes).
    Removing stm32g4xx_hal_rcc_ex.o(i.HAL_RCCEx_EnableLSECSS), (20 bytes).
    Removing stm32g4xx_hal_rcc_ex.o(i.HAL_RCCEx_EnableLSECSS_IT), (56 bytes).
    Removing stm32g4xx_hal_rcc_ex.o(i.HAL_RCCEx_GetPeriphCLKConfig), (180 bytes).
    Removing stm32g4xx_hal_rcc_ex.o(i.HAL_RCCEx_GetPeriphCLKFreq), (1020 bytes).
    Removing stm32g4xx_hal_rcc_ex.o(i.HAL_RCCEx_LSECSS_Callback), (2 bytes).
    Removing stm32g4xx_hal_rcc_ex.o(i.HAL_RCCEx_LSECSS_IRQHandler), (24 bytes).
    Removing stm32g4xx_hal_flash.o(.rev16_text), (4 bytes).
    Removing stm32g4xx_hal_flash.o(.revsh_text), (4 bytes).
    Removing stm32g4xx_hal_flash.o(.rrx_text), (6 bytes).
    Removing stm32g4xx_hal_flash.o(i.FLASH_Program_DoubleWord), (28 bytes).
    Removing stm32g4xx_hal_flash.o(i.FLASH_Program_Fast), (44 bytes).
    Removing stm32g4xx_hal_flash.o(i.FLASH_WaitForLastOperation), (96 bytes).
    Removing stm32g4xx_hal_flash.o(i.HAL_FLASH_EndOfOperationCallback), (2 bytes).
    Removing stm32g4xx_hal_flash.o(i.HAL_FLASH_GetError), (12 bytes).
    Removing stm32g4xx_hal_flash.o(i.HAL_FLASH_IRQHandler), (236 bytes).
    Removing stm32g4xx_hal_flash.o(i.HAL_FLASH_Lock), (28 bytes).
    Removing stm32g4xx_hal_flash.o(i.HAL_FLASH_OB_Launch), (24 bytes).
    Removing stm32g4xx_hal_flash.o(i.HAL_FLASH_OB_Lock), (28 bytes).
    Removing stm32g4xx_hal_flash.o(i.HAL_FLASH_OB_Unlock), (40 bytes).
    Removing stm32g4xx_hal_flash.o(i.HAL_FLASH_OperationErrorCallback), (2 bytes).
    Removing stm32g4xx_hal_flash.o(i.HAL_FLASH_Program), (124 bytes).
    Removing stm32g4xx_hal_flash.o(i.HAL_FLASH_Program_IT), (128 bytes).
    Removing stm32g4xx_hal_flash.o(i.HAL_FLASH_Unlock), (40 bytes).
    Removing stm32g4xx_hal_flash.o(.data), (32 bytes).
    Removing stm32g4xx_hal_flash_ex.o(.rev16_text), (4 bytes).
    Removing stm32g4xx_hal_flash_ex.o(.revsh_text), (4 bytes).
    Removing stm32g4xx_hal_flash_ex.o(.rrx_text), (6 bytes).
    Removing stm32g4xx_hal_flash_ex.o(i.FLASH_FlushCaches), (84 bytes).
    Removing stm32g4xx_hal_flash_ex.o(i.FLASH_MassErase), (56 bytes).
    Removing stm32g4xx_hal_flash_ex.o(i.FLASH_OB_GetPCROP), (208 bytes).
    Removing stm32g4xx_hal_flash_ex.o(i.FLASH_OB_PCROPConfig), (268 bytes).
    Removing stm32g4xx_hal_flash_ex.o(i.FLASH_OB_UserConfig), (284 bytes).
    Removing stm32g4xx_hal_flash_ex.o(i.FLASH_PageErase), (64 bytes).
    Removing stm32g4xx_hal_flash_ex.o(i.HAL_FLASHEx_DisableDebugger), (16 bytes).
    Removing stm32g4xx_hal_flash_ex.o(i.HAL_FLASHEx_EnableDebugger), (16 bytes).
    Removing stm32g4xx_hal_flash_ex.o(i.HAL_FLASHEx_EnableSecMemProtection), (48 bytes).
    Removing stm32g4xx_hal_flash_ex.o(i.HAL_FLASHEx_Erase), (228 bytes).
    Removing stm32g4xx_hal_flash_ex.o(i.HAL_FLASHEx_Erase_IT), (148 bytes).
    Removing stm32g4xx_hal_flash_ex.o(i.HAL_FLASHEx_OBGetConfig), (212 bytes).
    Removing stm32g4xx_hal_flash_ex.o(i.HAL_FLASHEx_OBProgram), (356 bytes).
    Removing stm32g4xx_hal_flash_ramfunc.o(.rev16_text), (4 bytes).
    Removing stm32g4xx_hal_flash_ramfunc.o(.revsh_text), (4 bytes).
    Removing stm32g4xx_hal_flash_ramfunc.o(.rrx_text), (6 bytes).
    Removing stm32g4xx_hal_flash_ramfunc.o(i.HAL_FLASHEx_DisableRunPowerDown), (36 bytes).
    Removing stm32g4xx_hal_flash_ramfunc.o(i.HAL_FLASHEx_EnableRunPowerDown), (36 bytes).
    Removing stm32g4xx_hal_flash_ramfunc.o(i.HAL_FLASHEx_OB_DBankConfig), (300 bytes).
    Removing stm32g4xx_hal_gpio.o(.rev16_text), (4 bytes).
    Removing stm32g4xx_hal_gpio.o(.revsh_text), (4 bytes).
    Removing stm32g4xx_hal_gpio.o(.rrx_text), (6 bytes).
    Removing stm32g4xx_hal_gpio.o(i.HAL_GPIO_DeInit), (332 bytes).
    Removing stm32g4xx_hal_gpio.o(i.HAL_GPIO_EXTI_Callback), (2 bytes).
    Removing stm32g4xx_hal_gpio.o(i.HAL_GPIO_EXTI_IRQHandler), (24 bytes).
    Removing stm32g4xx_hal_gpio.o(i.HAL_GPIO_LockPin), (34 bytes).
    Removing stm32g4xx_hal_gpio.o(i.HAL_GPIO_ReadPin), (10 bytes).
    Removing stm32g4xx_hal_gpio.o(i.HAL_GPIO_TogglePin), (16 bytes).
    Removing stm32g4xx_hal_exti.o(.rev16_text), (4 bytes).
    Removing stm32g4xx_hal_exti.o(.revsh_text), (4 bytes).
    Removing stm32g4xx_hal_exti.o(.rrx_text), (6 bytes).
    Removing stm32g4xx_hal_exti.o(i.HAL_EXTI_ClearConfigLine), (128 bytes).
    Removing stm32g4xx_hal_exti.o(i.HAL_EXTI_ClearPending), (28 bytes).
    Removing stm32g4xx_hal_exti.o(i.HAL_EXTI_GenerateSWI), (28 bytes).
    Removing stm32g4xx_hal_exti.o(i.HAL_EXTI_GetConfigLine), (164 bytes).
    Removing stm32g4xx_hal_exti.o(i.HAL_EXTI_GetHandle), (12 bytes).
    Removing stm32g4xx_hal_exti.o(i.HAL_EXTI_GetPending), (32 bytes).
    Removing stm32g4xx_hal_exti.o(i.HAL_EXTI_IRQHandler), (44 bytes).
    Removing stm32g4xx_hal_exti.o(i.HAL_EXTI_RegisterCallback), (16 bytes).
    Removing stm32g4xx_hal_exti.o(i.HAL_EXTI_SetConfigLine), (176 bytes).
    Removing stm32g4xx_hal_dma.o(.rev16_text), (4 bytes).
    Removing stm32g4xx_hal_dma.o(.revsh_text), (4 bytes).
    Removing stm32g4xx_hal_dma.o(.rrx_text), (6 bytes).
    Removing stm32g4xx_hal_dma.o(i.DMA_CalcDMAMUXChannelBaseAndMask), (64 bytes).
    Removing stm32g4xx_hal_dma.o(i.DMA_CalcDMAMUXRequestGenBaseAndMask), (36 bytes).
    Removing stm32g4xx_hal_dma.o(i.DMA_SetConfig), (62 bytes).
    Removing stm32g4xx_hal_dma.o(i.HAL_DMA_Abort), (106 bytes).
    Removing stm32g4xx_hal_dma.o(i.HAL_DMA_Abort_IT), (120 bytes).
    Removing stm32g4xx_hal_dma.o(i.HAL_DMA_DeInit), (168 bytes).
    Removing stm32g4xx_hal_dma.o(i.HAL_DMA_GetError), (4 bytes).
    Removing stm32g4xx_hal_dma.o(i.HAL_DMA_GetState), (6 bytes).
    Removing stm32g4xx_hal_dma.o(i.HAL_DMA_IRQHandler), (186 bytes).
    Removing stm32g4xx_hal_dma.o(i.HAL_DMA_Init), (192 bytes).
    Removing stm32g4xx_hal_dma.o(i.HAL_DMA_PollForTransfer), (274 bytes).
    Removing stm32g4xx_hal_dma.o(i.HAL_DMA_RegisterCallback), (74 bytes).
    Removing stm32g4xx_hal_dma.o(i.HAL_DMA_Start), (80 bytes).
    Removing stm32g4xx_hal_dma.o(i.HAL_DMA_Start_IT), (140 bytes).
    Removing stm32g4xx_hal_dma.o(i.HAL_DMA_UnRegisterCallback), (82 bytes).
    Removing stm32g4xx_hal_dma_ex.o(.rev16_text), (4 bytes).
    Removing stm32g4xx_hal_dma_ex.o(.revsh_text), (4 bytes).
    Removing stm32g4xx_hal_dma_ex.o(.rrx_text), (6 bytes).
    Removing stm32g4xx_hal_dma_ex.o(i.HAL_DMAEx_ConfigMuxRequestGenerator), (76 bytes).
    Removing stm32g4xx_hal_dma_ex.o(i.HAL_DMAEx_ConfigMuxSync), (84 bytes).
    Removing stm32g4xx_hal_dma_ex.o(i.HAL_DMAEx_DisableMuxRequestGenerator), (26 bytes).
    Removing stm32g4xx_hal_dma_ex.o(i.HAL_DMAEx_EnableMuxRequestGenerator), (26 bytes).
    Removing stm32g4xx_hal_dma_ex.o(i.HAL_DMAEx_MUX_IRQHandler), (100 bytes).
    Removing stm32g4xx_hal_pwr.o(.rev16_text), (4 bytes).
    Removing stm32g4xx_hal_pwr.o(.revsh_text), (4 bytes).
    Removing stm32g4xx_hal_pwr.o(.rrx_text), (6 bytes).
    Removing stm32g4xx_hal_pwr.o(i.HAL_PWR_ConfigPVD), (128 bytes).
    Removing stm32g4xx_hal_pwr.o(i.HAL_PWR_DeInit), (24 bytes).
    Removing stm32g4xx_hal_pwr.o(i.HAL_PWR_DisableBkUpAccess), (16 bytes).
    Removing stm32g4xx_hal_pwr.o(i.HAL_PWR_DisablePVD), (16 bytes).
    Removing stm32g4xx_hal_pwr.o(i.HAL_PWR_DisableSEVOnPend), (16 bytes).
    Removing stm32g4xx_hal_pwr.o(i.HAL_PWR_DisableSleepOnExit), (16 bytes).
    Removing stm32g4xx_hal_pwr.o(i.HAL_PWR_DisableWakeUpPin), (20 bytes).
    Removing stm32g4xx_hal_pwr.o(i.HAL_PWR_EnableBkUpAccess), (16 bytes).
    Removing stm32g4xx_hal_pwr.o(i.HAL_PWR_EnablePVD), (16 bytes).
    Removing stm32g4xx_hal_pwr.o(i.HAL_PWR_EnableSEVOnPend), (16 bytes).
    Removing stm32g4xx_hal_pwr.o(i.HAL_PWR_EnableSleepOnExit), (16 bytes).
    Removing stm32g4xx_hal_pwr.o(i.HAL_PWR_EnableWakeUpPin), (28 bytes).
    Removing stm32g4xx_hal_pwr.o(i.HAL_PWR_EnterSLEEPMode), (68 bytes).
    Removing stm32g4xx_hal_pwr.o(i.HAL_PWR_EnterSTANDBYMode), (36 bytes).
    Removing stm32g4xx_hal_pwr.o(i.HAL_PWR_EnterSTOPMode), (16 bytes).
    Removing stm32g4xx_hal_pwr.o(i.HAL_PWR_PVDCallback), (2 bytes).
    Removing stm32g4xx_hal_pwr_ex.o(.rev16_text), (4 bytes).
    Removing stm32g4xx_hal_pwr_ex.o(.revsh_text), (4 bytes).
    Removing stm32g4xx_hal_pwr_ex.o(.rrx_text), (6 bytes).
    Removing stm32g4xx_hal_pwr_ex.o(i.HAL_PWREx_ConfigPVM), (400 bytes).
    Removing stm32g4xx_hal_pwr_ex.o(i.HAL_PWREx_DisableBatteryCharging), (16 bytes).
    Removing stm32g4xx_hal_pwr_ex.o(i.HAL_PWREx_DisableGPIOPullDown), (104 bytes).
    Removing stm32g4xx_hal_pwr_ex.o(i.HAL_PWREx_DisableGPIOPullUp), (100 bytes).
    Removing stm32g4xx_hal_pwr_ex.o(i.HAL_PWREx_DisableInternalWakeUpLine), (16 bytes).
    Removing stm32g4xx_hal_pwr_ex.o(i.HAL_PWREx_DisableLowPowerRunMode), (64 bytes).
    Removing stm32g4xx_hal_pwr_ex.o(i.HAL_PWREx_DisablePVM1), (16 bytes).
    Removing stm32g4xx_hal_pwr_ex.o(i.HAL_PWREx_DisablePVM2), (16 bytes).
    Removing stm32g4xx_hal_pwr_ex.o(i.HAL_PWREx_DisablePVM3), (16 bytes).
    Removing stm32g4xx_hal_pwr_ex.o(i.HAL_PWREx_DisablePVM4), (16 bytes).
    Removing stm32g4xx_hal_pwr_ex.o(i.HAL_PWREx_DisablePullUpPullDownConfig), (16 bytes).
    Removing stm32g4xx_hal_pwr_ex.o(i.HAL_PWREx_DisableSRAM2ContentRetention), (16 bytes).
    Removing stm32g4xx_hal_pwr_ex.o(i.HAL_PWREx_DisableUCPDStandbyMode), (16 bytes).
    Removing stm32g4xx_hal_pwr_ex.o(i.HAL_PWREx_EnableBatteryCharging), (28 bytes).
    Removing stm32g4xx_hal_pwr_ex.o(i.HAL_PWREx_EnableGPIOPullDown), (152 bytes).
    Removing stm32g4xx_hal_pwr_ex.o(i.HAL_PWREx_EnableGPIOPullUp), (152 bytes).
    Removing stm32g4xx_hal_pwr_ex.o(i.HAL_PWREx_EnableInternalWakeUpLine), (16 bytes).
    Removing stm32g4xx_hal_pwr_ex.o(i.HAL_PWREx_EnableLowPowerRunMode), (16 bytes).
    Removing stm32g4xx_hal_pwr_ex.o(i.HAL_PWREx_EnablePVM1), (16 bytes).
    Removing stm32g4xx_hal_pwr_ex.o(i.HAL_PWREx_EnablePVM2), (16 bytes).
    Removing stm32g4xx_hal_pwr_ex.o(i.HAL_PWREx_EnablePVM3), (16 bytes).
    Removing stm32g4xx_hal_pwr_ex.o(i.HAL_PWREx_EnablePVM4), (16 bytes).
    Removing stm32g4xx_hal_pwr_ex.o(i.HAL_PWREx_EnablePullUpPullDownConfig), (16 bytes).
    Removing stm32g4xx_hal_pwr_ex.o(i.HAL_PWREx_EnableSRAM2ContentRetention), (16 bytes).
    Removing stm32g4xx_hal_pwr_ex.o(i.HAL_PWREx_EnableUCPDDeadBattery), (16 bytes).
    Removing stm32g4xx_hal_pwr_ex.o(i.HAL_PWREx_EnableUCPDStandbyMode), (16 bytes).
    Removing stm32g4xx_hal_pwr_ex.o(i.HAL_PWREx_EnterSHUTDOWNMode), (36 bytes).
    Removing stm32g4xx_hal_pwr_ex.o(i.HAL_PWREx_EnterSTOP0Mode), (52 bytes).
    Removing stm32g4xx_hal_pwr_ex.o(i.HAL_PWREx_EnterSTOP1Mode), (56 bytes).
    Removing stm32g4xx_hal_pwr_ex.o(i.HAL_PWREx_GetVoltageRange), (40 bytes).
    Removing stm32g4xx_hal_pwr_ex.o(i.HAL_PWREx_PVD_PVM_IRQHandler), (88 bytes).
    Removing stm32g4xx_hal_pwr_ex.o(i.HAL_PWREx_PVM1Callback), (2 bytes).
    Removing stm32g4xx_hal_pwr_ex.o(i.HAL_PWREx_PVM2Callback), (2 bytes).
    Removing stm32g4xx_hal_pwr_ex.o(i.HAL_PWREx_PVM3Callback), (2 bytes).
    Removing stm32g4xx_hal_pwr_ex.o(i.HAL_PWREx_PVM4Callback), (2 bytes).
    Removing stm32g4xx_hal_cortex.o(.rev16_text), (4 bytes).
    Removing stm32g4xx_hal_cortex.o(.revsh_text), (4 bytes).
    Removing stm32g4xx_hal_cortex.o(.rrx_text), (6 bytes).
    Removing stm32g4xx_hal_cortex.o(i.HAL_MPU_ConfigRegion), (84 bytes).
    Removing stm32g4xx_hal_cortex.o(i.HAL_MPU_Disable), (16 bytes).
    Removing stm32g4xx_hal_cortex.o(i.HAL_MPU_Enable), (24 bytes).
    Removing stm32g4xx_hal_cortex.o(i.HAL_NVIC_ClearPendingIRQ), (26 bytes).
    Removing stm32g4xx_hal_cortex.o(i.HAL_NVIC_DisableIRQ), (34 bytes).
    Removing stm32g4xx_hal_cortex.o(i.HAL_NVIC_EnableIRQ), (26 bytes).
    Removing stm32g4xx_hal_cortex.o(i.HAL_NVIC_GetActive), (36 bytes).
    Removing stm32g4xx_hal_cortex.o(i.HAL_NVIC_GetPendingIRQ), (36 bytes).
    Removing stm32g4xx_hal_cortex.o(i.HAL_NVIC_GetPriority), (82 bytes).
    Removing stm32g4xx_hal_cortex.o(i.HAL_NVIC_GetPriorityGrouping), (16 bytes).
    Removing stm32g4xx_hal_cortex.o(i.HAL_NVIC_SetPendingIRQ), (26 bytes).
    Removing stm32g4xx_hal_cortex.o(i.HAL_NVIC_SystemReset), (36 bytes).
    Removing stm32g4xx_hal_cortex.o(i.HAL_SYSTICK_CLKSourceConfig), (24 bytes).
    Removing stm32g4xx_hal_cortex.o(i.HAL_SYSTICK_Callback), (2 bytes).
    Removing stm32g4xx_hal_cortex.o(i.HAL_SYSTICK_IRQHandler), (8 bytes).
    Removing stm32g4xx_hal_tim.o(.rev16_text), (4 bytes).
    Removing stm32g4xx_hal_tim.o(.revsh_text), (4 bytes).
    Removing stm32g4xx_hal_tim.o(.rrx_text), (6 bytes).
    Removing stm32g4xx_hal_tim_ex.o(.rev16_text), (4 bytes).
    Removing stm32g4xx_hal_tim_ex.o(.revsh_text), (4 bytes).
    Removing stm32g4xx_hal_tim_ex.o(.rrx_text), (6 bytes).
    Removing stm32g4xx_hal_uart.o(.rev16_text), (4 bytes).
    Removing stm32g4xx_hal_uart.o(.revsh_text), (4 bytes).
    Removing stm32g4xx_hal_uart.o(.rrx_text), (6 bytes).
    Removing stm32g4xx_hal_uart.o(i.HAL_HalfDuplex_EnableReceiver), (58 bytes).
    Removing stm32g4xx_hal_uart.o(i.HAL_HalfDuplex_EnableTransmitter), (58 bytes).
    Removing stm32g4xx_hal_uart.o(i.HAL_HalfDuplex_Init), (116 bytes).
    Removing stm32g4xx_hal_uart.o(i.HAL_LIN_Init), (140 bytes).
    Removing stm32g4xx_hal_uart.o(i.HAL_LIN_SendBreak), (46 bytes).
    Removing stm32g4xx_hal_uart.o(i.HAL_MultiProcessor_DisableMuteMode), (44 bytes).
    Removing stm32g4xx_hal_uart.o(i.HAL_MultiProcessor_EnableMuteMode), (44 bytes).
    Removing stm32g4xx_hal_uart.o(i.HAL_MultiProcessor_EnterMuteMode), (12 bytes).
    Removing stm32g4xx_hal_uart.o(i.HAL_MultiProcessor_Init), (138 bytes).
    Removing stm32g4xx_hal_uart.o(i.HAL_UARTEx_RxEventCallback), (2 bytes).
    Removing stm32g4xx_hal_uart.o(i.HAL_UART_Abort), (204 bytes).
    Removing stm32g4xx_hal_uart.o(i.HAL_UART_AbortCpltCallback), (2 bytes).
    Removing stm32g4xx_hal_uart.o(i.HAL_UART_AbortReceive), (132 bytes).
    Removing stm32g4xx_hal_uart.o(i.HAL_UART_AbortReceiveCpltCallback), (2 bytes).
    Removing stm32g4xx_hal_uart.o(i.HAL_UART_AbortReceive_IT), (148 bytes).
    Removing stm32g4xx_hal_uart.o(i.HAL_UART_AbortTransmit), (112 bytes).
    Removing stm32g4xx_hal_uart.o(i.HAL_UART_AbortTransmitCpltCallback), (2 bytes).
    Removing stm32g4xx_hal_uart.o(i.HAL_UART_AbortTransmit_IT), (120 bytes).
    Removing stm32g4xx_hal_uart.o(i.HAL_UART_Abort_IT), (236 bytes).
    Removing stm32g4xx_hal_uart.o(i.HAL_UART_DMAPause), (100 bytes).
    Removing stm32g4xx_hal_uart.o(i.HAL_UART_DMAResume), (92 bytes).
    Removing stm32g4xx_hal_uart.o(i.HAL_UART_DMAStop), (120 bytes).
    Removing stm32g4xx_hal_uart.o(i.HAL_UART_DeInit), (68 bytes).
    Removing stm32g4xx_hal_uart.o(i.HAL_UART_DisableReceiverTimeout), (68 bytes).
    Removing stm32g4xx_hal_uart.o(i.HAL_UART_EnableReceiverTimeout), (68 bytes).
    Removing stm32g4xx_hal_uart.o(i.HAL_UART_ErrorCallback), (2 bytes).
    Removing stm32g4xx_hal_uart.o(i.HAL_UART_GetError), (6 bytes).
    Removing stm32g4xx_hal_uart.o(i.HAL_UART_GetState), (12 bytes).
    Removing stm32g4xx_hal_uart.o(i.HAL_UART_IRQHandler), (644 bytes).
    Removing stm32g4xx_hal_uart.o(i.HAL_UART_MspDeInit), (2 bytes).
    Removing stm32g4xx_hal_uart.o(i.HAL_UART_MspInit), (2 bytes).
    Removing stm32g4xx_hal_uart.o(i.HAL_UART_Receive), (250 bytes).
    Removing stm32g4xx_hal_uart.o(i.HAL_UART_Receive_DMA), (76 bytes).
    Removing stm32g4xx_hal_uart.o(i.HAL_UART_Receive_IT), (76 bytes).
    Removing stm32g4xx_hal_uart.o(i.HAL_UART_ReceiverTimeout_Config), (24 bytes).
    Removing stm32g4xx_hal_uart.o(i.HAL_UART_RxCpltCallback), (2 bytes).
    Removing stm32g4xx_hal_uart.o(i.HAL_UART_RxHalfCpltCallback), (2 bytes).
    Removing stm32g4xx_hal_uart.o(i.HAL_UART_Transmit_DMA), (152 bytes).
    Removing stm32g4xx_hal_uart.o(i.HAL_UART_Transmit_IT), (156 bytes).
    Removing stm32g4xx_hal_uart.o(i.HAL_UART_TxCpltCallback), (2 bytes).
    Removing stm32g4xx_hal_uart.o(i.HAL_UART_TxHalfCpltCallback), (2 bytes).
    Removing stm32g4xx_hal_uart.o(i.UART_DMAAbortOnError), (20 bytes).
    Removing stm32g4xx_hal_uart.o(i.UART_DMAError), (80 bytes).
    Removing stm32g4xx_hal_uart.o(i.UART_DMAReceiveCplt), (94 bytes).
    Removing stm32g4xx_hal_uart.o(i.UART_DMARxAbortCallback), (66 bytes).
    Removing stm32g4xx_hal_uart.o(i.UART_DMARxHalfCplt), (28 bytes).
    Removing stm32g4xx_hal_uart.o(i.UART_DMARxOnlyAbortCallback), (40 bytes).
    Removing stm32g4xx_hal_uart.o(i.UART_DMATransmitCplt), (48 bytes).
    Removing stm32g4xx_hal_uart.o(i.UART_DMATxAbortCallback), (74 bytes).
    Removing stm32g4xx_hal_uart.o(i.UART_DMATxHalfCplt), (10 bytes).
    Removing stm32g4xx_hal_uart.o(i.UART_DMATxOnlyAbortCallback), (40 bytes).
    Removing stm32g4xx_hal_uart.o(i.UART_EndRxTransfer), (56 bytes).
    Removing stm32g4xx_hal_uart.o(i.UART_EndTxTransfer), (28 bytes).
    Removing stm32g4xx_hal_uart.o(i.UART_RxISR_16BIT), (128 bytes).
    Removing stm32g4xx_hal_uart.o(i.UART_RxISR_16BIT_FIFOEN), (316 bytes).
    Removing stm32g4xx_hal_uart.o(i.UART_RxISR_8BIT), (128 bytes).
    Removing stm32g4xx_hal_uart.o(i.UART_RxISR_8BIT_FIFOEN), (316 bytes).
    Removing stm32g4xx_hal_uart.o(i.UART_Start_Receive_DMA), (132 bytes).
    Removing stm32g4xx_hal_uart.o(i.UART_Start_Receive_IT), (216 bytes).
    Removing stm32g4xx_hal_uart.o(i.UART_TxISR_16BIT), (66 bytes).
    Removing stm32g4xx_hal_uart.o(i.UART_TxISR_16BIT_FIFOEN), (88 bytes).
    Removing stm32g4xx_hal_uart.o(i.UART_TxISR_8BIT), (62 bytes).
    Removing stm32g4xx_hal_uart.o(i.UART_TxISR_8BIT_FIFOEN), (84 bytes).
    Removing stm32g4xx_hal_uart_ex.o(.rev16_text), (4 bytes).
    Removing stm32g4xx_hal_uart_ex.o(.revsh_text), (4 bytes).
    Removing stm32g4xx_hal_uart_ex.o(.rrx_text), (6 bytes).
    Removing stm32g4xx_hal_uart_ex.o(i.HAL_MultiProcessorEx_AddressLength_Set), (48 bytes).
    Removing stm32g4xx_hal_uart_ex.o(i.HAL_RS485Ex_Init), (140 bytes).
    Removing stm32g4xx_hal_uart_ex.o(i.HAL_UARTEx_DisableStopMode), (38 bytes).
    Removing stm32g4xx_hal_uart_ex.o(i.HAL_UARTEx_EnableFifoMode), (74 bytes).
    Removing stm32g4xx_hal_uart_ex.o(i.HAL_UARTEx_EnableStopMode), (38 bytes).
    Removing stm32g4xx_hal_uart_ex.o(i.HAL_UARTEx_ReceiveToIdle), (308 bytes).
    Removing stm32g4xx_hal_uart_ex.o(i.HAL_UARTEx_ReceiveToIdle_DMA), (74 bytes).
    Removing stm32g4xx_hal_uart_ex.o(i.HAL_UARTEx_ReceiveToIdle_IT), (74 bytes).
    Removing stm32g4xx_hal_uart_ex.o(i.HAL_UARTEx_RxFifoFullCallback), (2 bytes).
    Removing stm32g4xx_hal_uart_ex.o(i.HAL_UARTEx_StopModeWakeUpSourceConfig), (138 bytes).
    Removing stm32g4xx_hal_uart_ex.o(i.HAL_UARTEx_TxFifoEmptyCallback), (2 bytes).
    Removing stm32g4xx_hal_uart_ex.o(i.HAL_UARTEx_WakeupCallback), (2 bytes).
    Removing stm32g4xx_hal_pcd.o(.rev16_text), (4 bytes).
    Removing stm32g4xx_hal_pcd.o(.revsh_text), (4 bytes).
    Removing stm32g4xx_hal_pcd.o(.rrx_text), (6 bytes).
    Removing stm32g4xx_hal_pcd.o(i.HAL_PCD_ActivateRemoteWakeup), (6 bytes).
    Removing stm32g4xx_hal_pcd.o(i.HAL_PCD_ConnectCallback), (2 bytes).
    Removing stm32g4xx_hal_pcd.o(i.HAL_PCD_DataInStageCallback), (2 bytes).
    Removing stm32g4xx_hal_pcd.o(i.HAL_PCD_DataOutStageCallback), (2 bytes).
    Removing stm32g4xx_hal_pcd.o(i.HAL_PCD_DeActivateRemoteWakeup), (6 bytes).
    Removing stm32g4xx_hal_pcd.o(i.HAL_PCD_DeInit), (38 bytes).
    Removing stm32g4xx_hal_pcd.o(i.HAL_PCD_DevConnect), (36 bytes).
    Removing stm32g4xx_hal_pcd.o(i.HAL_PCD_DevDisconnect), (36 bytes).
    Removing stm32g4xx_hal_pcd.o(i.HAL_PCD_DisconnectCallback), (2 bytes).
    Removing stm32g4xx_hal_pcd.o(i.HAL_PCD_EP_Close), (76 bytes).
    Removing stm32g4xx_hal_pcd.o(i.HAL_PCD_EP_ClrStall), (92 bytes).
    Removing stm32g4xx_hal_pcd.o(i.HAL_PCD_EP_DB_Receive), (220 bytes).
    Removing stm32g4xx_hal_pcd.o(i.HAL_PCD_EP_DB_Transmit), (816 bytes).
    Removing stm32g4xx_hal_pcd.o(i.HAL_PCD_EP_Flush), (4 bytes).
    Removing stm32g4xx_hal_pcd.o(i.HAL_PCD_EP_GetRxCount), (18 bytes).
    Removing stm32g4xx_hal_pcd.o(i.HAL_PCD_EP_Open), (96 bytes).
    Removing stm32g4xx_hal_pcd.o(i.HAL_PCD_EP_Receive), (50 bytes).
    Removing stm32g4xx_hal_pcd.o(i.HAL_PCD_EP_SetStall), (96 bytes).
    Removing stm32g4xx_hal_pcd.o(i.HAL_PCD_EP_Transmit), (52 bytes).
    Removing stm32g4xx_hal_pcd.o(i.HAL_PCD_GetState), (6 bytes).
    Removing stm32g4xx_hal_pcd.o(i.HAL_PCD_IRQHandler), (368 bytes).
    Removing stm32g4xx_hal_pcd.o(i.HAL_PCD_ISOINIncompleteCallback), (2 bytes).
    Removing stm32g4xx_hal_pcd.o(i.HAL_PCD_ISOOUTIncompleteCallback), (2 bytes).
    Removing stm32g4xx_hal_pcd.o(i.HAL_PCD_MspDeInit), (2 bytes).
    Removing stm32g4xx_hal_pcd.o(i.HAL_PCD_MspInit), (2 bytes).
    Removing stm32g4xx_hal_pcd.o(i.HAL_PCD_ResetCallback), (2 bytes).
    Removing stm32g4xx_hal_pcd.o(i.HAL_PCD_ResumeCallback), (2 bytes).
    Removing stm32g4xx_hal_pcd.o(i.HAL_PCD_SOFCallback), (2 bytes).
    Removing stm32g4xx_hal_pcd.o(i.HAL_PCD_SetAddress), (40 bytes).
    Removing stm32g4xx_hal_pcd.o(i.HAL_PCD_SetupStageCallback), (2 bytes).
    Removing stm32g4xx_hal_pcd.o(i.HAL_PCD_Start), (42 bytes).
    Removing stm32g4xx_hal_pcd.o(i.HAL_PCD_Stop), (42 bytes).
    Removing stm32g4xx_hal_pcd.o(i.HAL_PCD_SuspendCallback), (2 bytes).
    Removing stm32g4xx_hal_pcd.o(i.PCD_EP_ISR_Handler), (734 bytes).
    Removing stm32g4xx_hal_pcd_ex.o(.rev16_text), (4 bytes).
    Removing stm32g4xx_hal_pcd_ex.o(.revsh_text), (4 bytes).
    Removing stm32g4xx_hal_pcd_ex.o(.rrx_text), (6 bytes).
    Removing stm32g4xx_hal_pcd_ex.o(i.HAL_PCDEx_ActivateBCD), (46 bytes).
    Removing stm32g4xx_hal_pcd_ex.o(i.HAL_PCDEx_BCD_Callback), (2 bytes).
    Removing stm32g4xx_hal_pcd_ex.o(i.HAL_PCDEx_BCD_VBUSDetect), (172 bytes).
    Removing stm32g4xx_hal_pcd_ex.o(i.HAL_PCDEx_DeActivateBCD), (22 bytes).
    Removing stm32g4xx_hal_pcd_ex.o(i.HAL_PCDEx_DeActivateLPM), (30 bytes).
    Removing stm32g4xx_hal_pcd_ex.o(i.HAL_PCDEx_LPM_Callback), (2 bytes).
    Removing stm32g4xx_hal_pcd_ex.o(i.HAL_PCDEx_PMAConfig), (60 bytes).
    Removing stm32g4xx_ll_usb.o(.rev16_text), (4 bytes).
    Removing stm32g4xx_ll_usb.o(.revsh_text), (4 bytes).
    Removing stm32g4xx_ll_usb.o(.rrx_text), (6 bytes).
    Removing stm32g4xx_ll_usb.o(i.USB_ActivateEndpoint), (600 bytes).
    Removing stm32g4xx_ll_usb.o(i.USB_ActivateRemoteWakeup), (14 bytes).
    Removing stm32g4xx_ll_usb.o(i.USB_CoreInit), (4 bytes).
    Removing stm32g4xx_ll_usb.o(i.USB_DeActivateRemoteWakeup), (14 bytes).
    Removing stm32g4xx_ll_usb.o(i.USB_DeactivateEndpoint), (270 bytes).
    Removing stm32g4xx_ll_usb.o(i.USB_DevConnect), (14 bytes).
    Removing stm32g4xx_ll_usb.o(i.USB_DevDisconnect), (14 bytes).
    Removing stm32g4xx_ll_usb.o(i.USB_EPClearStall), (120 bytes).
    Removing stm32g4xx_ll_usb.o(i.USB_EPSetStall), (50 bytes).
    Removing stm32g4xx_ll_usb.o(i.USB_EPStartXfer), (1548 bytes).
    Removing stm32g4xx_ll_usb.o(i.USB_EnableGlobalInt), (18 bytes).
    Removing stm32g4xx_ll_usb.o(i.USB_ReadInterrupts), (6 bytes).
    Removing stm32g4xx_ll_usb.o(i.USB_ReadPMA), (40 bytes).
    Removing stm32g4xx_ll_usb.o(i.USB_SetCurrentMode), (4 bytes).
    Removing stm32g4xx_ll_usb.o(i.USB_SetDevAddress), (12 bytes).
    Removing stm32g4xx_ll_usb.o(i.USB_StopDevice), (18 bytes).
    Removing stm32g4xx_ll_usb.o(i.USB_WritePMA), (38 bytes).
    Removing system_stm32g4xx.o(.rev16_text), (4 bytes).
    Removing system_stm32g4xx.o(.revsh_text), (4 bytes).
    Removing system_stm32g4xx.o(.rrx_text), (6 bytes).
    Removing system_stm32g4xx.o(i.SystemCoreClockUpdate), (128 bytes).
    Removing dadd.o(.text), (334 bytes).
    Removing dmul.o(.text), (228 bytes).
    Removing ddiv.o(.text), (222 bytes).
    Removing dfixul.o(.text), (48 bytes).
    Removing cdrcmple.o(.text), (48 bytes).
    Removing depilogue.o(.text), (186 bytes).

463 unused section(s) (total 29198 bytes) removed from the image.

==============================================================================

Image Symbol Table

    Local Symbols

    Symbol Name                              Value     Ov Type        Size  Object(Section)

    ../Core/Src/gpio.c                       0x00000000   Number         0  gpio.o ABSOLUTE
    ../Core/Src/main.c                       0x00000000   Number         0  main.o ABSOLUTE
    ../Core/Src/quadspi.c                    0x00000000   Number         0  quadspi.o ABSOLUTE
    ../Core/Src/stm32g4xx_hal_msp.c          0x00000000   Number         0  stm32g4xx_hal_msp.o ABSOLUTE
    ../Core/Src/stm32g4xx_it.c               0x00000000   Number         0  stm32g4xx_it.o ABSOLUTE
    ../Core/Src/system_stm32g4xx.c           0x00000000   Number         0  system_stm32g4xx.o ABSOLUTE
    ../Core/Src/usart.c                      0x00000000   Number         0  usart.o ABSOLUTE
    ../Core/Src/usb.c                        0x00000000   Number         0  usb.o ABSOLUTE
    ../Drivers/STM32G4xx_HAL_Driver/Src/stm32g4xx_hal.c 0x00000000   Number         0  stm32g4xx_hal.o ABSOLUTE
    ../Drivers/STM32G4xx_HAL_Driver/Src/stm32g4xx_hal_cortex.c 0x00000000   Number         0  stm32g4xx_hal_cortex.o ABSOLUTE
    ../Drivers/STM32G4xx_HAL_Driver/Src/stm32g4xx_hal_dma.c 0x00000000   Number         0  stm32g4xx_hal_dma.o ABSOLUTE
    ../Drivers/STM32G4xx_HAL_Driver/Src/stm32g4xx_hal_dma_ex.c 0x00000000   Number         0  stm32g4xx_hal_dma_ex.o ABSOLUTE
    ../Drivers/STM32G4xx_HAL_Driver/Src/stm32g4xx_hal_exti.c 0x00000000   Number         0  stm32g4xx_hal_exti.o ABSOLUTE
    ../Drivers/STM32G4xx_HAL_Driver/Src/stm32g4xx_hal_flash.c 0x00000000   Number         0  stm32g4xx_hal_flash.o ABSOLUTE
    ../Drivers/STM32G4xx_HAL_Driver/Src/stm32g4xx_hal_flash_ex.c 0x00000000   Number         0  stm32g4xx_hal_flash_ex.o ABSOLUTE
    ../Drivers/STM32G4xx_HAL_Driver/Src/stm32g4xx_hal_flash_ramfunc.c 0x00000000   Number         0  stm32g4xx_hal_flash_ramfunc.o ABSOLUTE
    ../Drivers/STM32G4xx_HAL_Driver/Src/stm32g4xx_hal_gpio.c 0x00000000   Number         0  stm32g4xx_hal_gpio.o ABSOLUTE
    ../Drivers/STM32G4xx_HAL_Driver/Src/stm32g4xx_hal_pcd.c 0x00000000   Number         0  stm32g4xx_hal_pcd.o ABSOLUTE
    ../Drivers/STM32G4xx_HAL_Driver/Src/stm32g4xx_hal_pcd_ex.c 0x00000000   Number         0  stm32g4xx_hal_pcd_ex.o ABSOLUTE
    ../Drivers/STM32G4xx_HAL_Driver/Src/stm32g4xx_hal_pwr.c 0x00000000   Number         0  stm32g4xx_hal_pwr.o ABSOLUTE
    ../Drivers/STM32G4xx_HAL_Driver/Src/stm32g4xx_hal_pwr_ex.c 0x00000000   Number         0  stm32g4xx_hal_pwr_ex.o ABSOLUTE
    ../Drivers/STM32G4xx_HAL_Driver/Src/stm32g4xx_hal_qspi.c 0x00000000   Number         0  stm32g4xx_hal_qspi.o ABSOLUTE
    ../Drivers/STM32G4xx_HAL_Driver/Src/stm32g4xx_hal_rcc.c 0x00000000   Number         0  stm32g4xx_hal_rcc.o ABSOLUTE
    ../Drivers/STM32G4xx_HAL_Driver/Src/stm32g4xx_hal_rcc_ex.c 0x00000000   Number         0  stm32g4xx_hal_rcc_ex.o ABSOLUTE
    ../Drivers/STM32G4xx_HAL_Driver/Src/stm32g4xx_hal_tim.c 0x00000000   Number         0  stm32g4xx_hal_tim.o ABSOLUTE
    ../Drivers/STM32G4xx_HAL_Driver/Src/stm32g4xx_hal_tim_ex.c 0x00000000   Number         0  stm32g4xx_hal_tim_ex.o ABSOLUTE
    ../Drivers/STM32G4xx_HAL_Driver/Src/stm32g4xx_hal_uart.c 0x00000000   Number         0  stm32g4xx_hal_uart.o ABSOLUTE
    ../Drivers/STM32G4xx_HAL_Driver/Src/stm32g4xx_hal_uart_ex.c 0x00000000   Number         0  stm32g4xx_hal_uart_ex.o ABSOLUTE
    ../Drivers/STM32G4xx_HAL_Driver/Src/stm32g4xx_ll_usb.c 0x00000000   Number         0  stm32g4xx_ll_usb.o ABSOLUTE
    ../clib/microlib/division.c              0x00000000   Number         0  uldiv.o ABSOLUTE
    ../clib/microlib/division.c              0x00000000   Number         0  uidiv.o ABSOLUTE
    ../clib/microlib/init/entry.s            0x00000000   Number         0  entry8a.o ABSOLUTE
    ../clib/microlib/init/entry.s            0x00000000   Number         0  entry7b.o ABSOLUTE
    ../clib/microlib/init/entry.s            0x00000000   Number         0  entry7a.o ABSOLUTE
    ../clib/microlib/init/entry.s            0x00000000   Number         0  entry5.o ABSOLUTE
    ../clib/microlib/init/entry.s            0x00000000   Number         0  entry2.o ABSOLUTE
    ../clib/microlib/init/entry.s            0x00000000   Number         0  entry.o ABSOLUTE
    ../clib/microlib/init/entry.s            0x00000000   Number         0  entry11b.o ABSOLUTE
    ../clib/microlib/init/entry.s            0x00000000   Number         0  entry11a.o ABSOLUTE
    ../clib/microlib/init/entry.s            0x00000000   Number         0  entry10b.o ABSOLUTE
    ../clib/microlib/init/entry.s            0x00000000   Number         0  entry10a.o ABSOLUTE
    ../clib/microlib/init/entry.s            0x00000000   Number         0  entry9b.o ABSOLUTE
    ../clib/microlib/init/entry.s            0x00000000   Number         0  entry9a.o ABSOLUTE
    ../clib/microlib/init/entry.s            0x00000000   Number         0  entry8b.o ABSOLUTE
    ../clib/microlib/longlong.c              0x00000000   Number         0  llushr.o ABSOLUTE
    ../clib/microlib/longlong.c              0x00000000   Number         0  llsshr.o ABSOLUTE
    ../clib/microlib/longlong.c              0x00000000   Number         0  llshl.o ABSOLUTE
    ../clib/microlib/printf/printf.c         0x00000000   Number         0  printf3.o ABSOLUTE
    ../clib/microlib/printf/printf.c         0x00000000   Number         0  printf4.o ABSOLUTE
    ../clib/microlib/printf/printf.c         0x00000000   Number         0  printf5.o ABSOLUTE
    ../clib/microlib/printf/printf.c         0x00000000   Number         0  printfa.o ABSOLUTE
    ../clib/microlib/printf/printf.c         0x00000000   Number         0  printf8.o ABSOLUTE
    ../clib/microlib/printf/printf.c         0x00000000   Number         0  printf2.o ABSOLUTE
    ../clib/microlib/printf/printf.c         0x00000000   Number         0  printf1.o ABSOLUTE
    ../clib/microlib/printf/printf.c         0x00000000   Number         0  printf0.o ABSOLUTE
    ../clib/microlib/printf/printf.c         0x00000000   Number         0  printfb.o ABSOLUTE
    ../clib/microlib/printf/printf.c         0x00000000   Number         0  printf6.o ABSOLUTE
    ../clib/microlib/printf/printf.c         0x00000000   Number         0  printf7.o ABSOLUTE
    ../clib/microlib/printf/stubs.s          0x00000000   Number         0  stubs.o ABSOLUTE
    ../clib/microlib/stdio/streams.c         0x00000000   Number         0  stdout.o ABSOLUTE
    ../clib/microlib/string/memcmp.c         0x00000000   Number         0  memcmp.o ABSOLUTE
    ../clib/microlib/string/memcpy.c         0x00000000   Number         0  memcpyb.o ABSOLUTE
    ../clib/microlib/string/memcpy.c         0x00000000   Number         0  memcpya.o ABSOLUTE
    ../clib/microlib/string/memset.c         0x00000000   Number         0  memseta.o ABSOLUTE
    ../clib/microlib/stubs.s                 0x00000000   Number         0  iusefp.o ABSOLUTE
    ../fplib/microlib/fpadd.c                0x00000000   Number         0  dadd.o ABSOLUTE
    ../fplib/microlib/fpdiv.c                0x00000000   Number         0  ddiv.o ABSOLUTE
    ../fplib/microlib/fpepilogue.c           0x00000000   Number         0  depilogue.o ABSOLUTE
    ../fplib/microlib/fpfix.c                0x00000000   Number         0  dfixul.o ABSOLUTE
    ../fplib/microlib/fpmul.c                0x00000000   Number         0  dmul.o ABSOLUTE
    ..\Core\Src\W25QXX.c                     0x00000000   Number         0  w25qxx.o ABSOLUTE
    ..\Core\Src\gpio.c                       0x00000000   Number         0  gpio.o ABSOLUTE
    ..\Core\Src\main.c                       0x00000000   Number         0  main.o ABSOLUTE
    ..\Core\Src\quadspi.c                    0x00000000   Number         0  quadspi.o ABSOLUTE
    ..\Core\Src\stm32g4xx_hal_msp.c          0x00000000   Number         0  stm32g4xx_hal_msp.o ABSOLUTE
    ..\Core\Src\stm32g4xx_it.c               0x00000000   Number         0  stm32g4xx_it.o ABSOLUTE
    ..\Core\Src\system_stm32g4xx.c           0x00000000   Number         0  system_stm32g4xx.o ABSOLUTE
    ..\Core\Src\usart.c                      0x00000000   Number         0  usart.o ABSOLUTE
    ..\Core\Src\usb.c                        0x00000000   Number         0  usb.o ABSOLUTE
    ..\Drivers\STM32G4xx_HAL_Driver\Src\stm32g4xx_hal.c 0x00000000   Number         0  stm32g4xx_hal.o ABSOLUTE
    ..\Drivers\STM32G4xx_HAL_Driver\Src\stm32g4xx_hal_cortex.c 0x00000000   Number         0  stm32g4xx_hal_cortex.o ABSOLUTE
    ..\Drivers\STM32G4xx_HAL_Driver\Src\stm32g4xx_hal_dma.c 0x00000000   Number         0  stm32g4xx_hal_dma.o ABSOLUTE
    ..\Drivers\STM32G4xx_HAL_Driver\Src\stm32g4xx_hal_dma_ex.c 0x00000000   Number         0  stm32g4xx_hal_dma_ex.o ABSOLUTE
    ..\Drivers\STM32G4xx_HAL_Driver\Src\stm32g4xx_hal_exti.c 0x00000000   Number         0  stm32g4xx_hal_exti.o ABSOLUTE
    ..\Drivers\STM32G4xx_HAL_Driver\Src\stm32g4xx_hal_flash.c 0x00000000   Number         0  stm32g4xx_hal_flash.o ABSOLUTE
    ..\Drivers\STM32G4xx_HAL_Driver\Src\stm32g4xx_hal_flash_ex.c 0x00000000   Number         0  stm32g4xx_hal_flash_ex.o ABSOLUTE
    ..\Drivers\STM32G4xx_HAL_Driver\Src\stm32g4xx_hal_flash_ramfunc.c 0x00000000   Number         0  stm32g4xx_hal_flash_ramfunc.o ABSOLUTE
    ..\Drivers\STM32G4xx_HAL_Driver\Src\stm32g4xx_hal_gpio.c 0x00000000   Number         0  stm32g4xx_hal_gpio.o ABSOLUTE
    ..\Drivers\STM32G4xx_HAL_Driver\Src\stm32g4xx_hal_pcd.c 0x00000000   Number         0  stm32g4xx_hal_pcd.o ABSOLUTE
    ..\Drivers\STM32G4xx_HAL_Driver\Src\stm32g4xx_hal_pcd_ex.c 0x00000000   Number         0  stm32g4xx_hal_pcd_ex.o ABSOLUTE
    ..\Drivers\STM32G4xx_HAL_Driver\Src\stm32g4xx_hal_pwr.c 0x00000000   Number         0  stm32g4xx_hal_pwr.o ABSOLUTE
    ..\Drivers\STM32G4xx_HAL_Driver\Src\stm32g4xx_hal_pwr_ex.c 0x00000000   Number         0  stm32g4xx_hal_pwr_ex.o ABSOLUTE
    ..\Drivers\STM32G4xx_HAL_Driver\Src\stm32g4xx_hal_qspi.c 0x00000000   Number         0  stm32g4xx_hal_qspi.o ABSOLUTE
    ..\Drivers\STM32G4xx_HAL_Driver\Src\stm32g4xx_hal_rcc.c 0x00000000   Number         0  stm32g4xx_hal_rcc.o ABSOLUTE
    ..\Drivers\STM32G4xx_HAL_Driver\Src\stm32g4xx_hal_rcc_ex.c 0x00000000   Number         0  stm32g4xx_hal_rcc_ex.o ABSOLUTE
    ..\Drivers\STM32G4xx_HAL_Driver\Src\stm32g4xx_hal_tim.c 0x00000000   Number         0  stm32g4xx_hal_tim.o ABSOLUTE
    ..\Drivers\STM32G4xx_HAL_Driver\Src\stm32g4xx_hal_tim_ex.c 0x00000000   Number         0  stm32g4xx_hal_tim_ex.o ABSOLUTE
    ..\Drivers\STM32G4xx_HAL_Driver\Src\stm32g4xx_hal_uart.c 0x00000000   Number         0  stm32g4xx_hal_uart.o ABSOLUTE
    ..\Drivers\STM32G4xx_HAL_Driver\Src\stm32g4xx_hal_uart_ex.c 0x00000000   Number         0  stm32g4xx_hal_uart_ex.o ABSOLUTE
    ..\Drivers\STM32G4xx_HAL_Driver\Src\stm32g4xx_ll_usb.c 0x00000000   Number         0  stm32g4xx_ll_usb.o ABSOLUTE
    ..\\Core\\Src\\W25QXX.c                  0x00000000   Number         0  w25qxx.o ABSOLUTE
    cdrcmple.s                               0x00000000   Number         0  cdrcmple.o ABSOLUTE
    dc.s                                     0x00000000   Number         0  dc.o ABSOLUTE
    handlers.s                               0x00000000   Number         0  handlers.o ABSOLUTE
    init.s                                   0x00000000   Number         0  init.o ABSOLUTE
    startup_stm32g474xx.s                    0x00000000   Number         0  startup_stm32g474xx.o ABSOLUTE
    RESET                                    0x08000000   Section      472  startup_stm32g474xx.o(RESET)
    .ARM.Collect$$$$00000000                 0x080001d8   Section        0  entry.o(.ARM.Collect$$$$00000000)
    .ARM.Collect$$$$00000001                 0x080001d8   Section        4  entry2.o(.ARM.Collect$$$$00000001)
    .ARM.Collect$$$$00000004                 0x080001dc   Section        4  entry5.o(.ARM.Collect$$$$00000004)
    .ARM.Collect$$$$00000008                 0x080001e0   Section        0  entry7b.o(.ARM.Collect$$$$00000008)
    .ARM.Collect$$$$0000000A                 0x080001e0   Section        0  entry8b.o(.ARM.Collect$$$$0000000A)
    .ARM.Collect$$$$0000000B                 0x080001e0   Section        8  entry9a.o(.ARM.Collect$$$$0000000B)
    .ARM.Collect$$$$0000000D                 0x080001e8   Section        0  entry10a.o(.ARM.Collect$$$$0000000D)
    .ARM.Collect$$$$0000000F                 0x080001e8   Section        0  entry11a.o(.ARM.Collect$$$$0000000F)
    .ARM.Collect$$$$00002712                 0x080001e8   Section        4  entry2.o(.ARM.Collect$$$$00002712)
    __lit__00000000                          0x080001e8   Data           4  entry2.o(.ARM.Collect$$$$00002712)
    .text                                    0x080001ec   Section       36  startup_stm32g474xx.o(.text)
    $v0                                      0x080001ec   Number         0  startup_stm32g474xx.o(.text)
    .text                                    0x08000210   Section        0  uldiv.o(.text)
    .text                                    0x08000272   Section        0  memcpya.o(.text)
    .text                                    0x08000296   Section        0  memseta.o(.text)
    .text                                    0x080002ba   Section        0  memcmp.o(.text)
    .text                                    0x080002d4   Section        0  llshl.o(.text)
    .text                                    0x080002f2   Section        0  llushr.o(.text)
    .text                                    0x08000314   Section       36  init.o(.text)
    i.BusFault_Handler                       0x08000338   Section        0  stm32g4xx_it.o(i.BusFault_Handler)
    i.DebugMon_Handler                       0x0800033a   Section        0  stm32g4xx_it.o(i.DebugMon_Handler)
    i.Error_Handler                          0x0800033c   Section        0  main.o(i.Error_Handler)
    i.HAL_GPIO_Init                          0x08000340   Section        0  stm32g4xx_hal_gpio.o(i.HAL_GPIO_Init)
    i.HAL_GPIO_WritePin                      0x08000508   Section        0  stm32g4xx_hal_gpio.o(i.HAL_GPIO_WritePin)
    i.HAL_GetTick                            0x08000514   Section        0  stm32g4xx_hal.o(i.HAL_GetTick)
    i.HAL_IncTick                            0x08000520   Section        0  stm32g4xx_hal.o(i.HAL_IncTick)
    i.HAL_Init                               0x08000530   Section        0  stm32g4xx_hal.o(i.HAL_Init)
    i.HAL_InitTick                           0x08000550   Section        0  stm32g4xx_hal.o(i.HAL_InitTick)
    i.HAL_MspInit                            0x08000594   Section        0  stm32g4xx_hal_msp.o(i.HAL_MspInit)
    i.HAL_NVIC_SetPriority                   0x080005c4   Section        0  stm32g4xx_hal_cortex.o(i.HAL_NVIC_SetPriority)
    i.HAL_NVIC_SetPriorityGrouping           0x08000604   Section        0  stm32g4xx_hal_cortex.o(i.HAL_NVIC_SetPriorityGrouping)
    i.HAL_PCDEx_ActivateLPM                  0x08000628   Section        0  stm32g4xx_hal_pcd_ex.o(i.HAL_PCDEx_ActivateLPM)
    i.HAL_PCD_Init                           0x0800064c   Section        0  stm32g4xx_hal_pcd.o(i.HAL_PCD_Init)
    i.HAL_PCD_MspInit                        0x08000700   Section        0  usb.o(i.HAL_PCD_MspInit)
    i.HAL_PWREx_ControlVoltageScaling        0x08000728   Section        0  stm32g4xx_hal_pwr_ex.o(i.HAL_PWREx_ControlVoltageScaling)
    i.HAL_PWREx_DisableUCPDDeadBattery       0x080007e4   Section        0  stm32g4xx_hal_pwr_ex.o(i.HAL_PWREx_DisableUCPDDeadBattery)
    i.HAL_QSPI_Command                       0x080007f4   Section        0  stm32g4xx_hal_qspi.o(i.HAL_QSPI_Command)
    i.HAL_QSPI_Init                          0x0800087c   Section        0  stm32g4xx_hal_qspi.o(i.HAL_QSPI_Init)
    i.HAL_QSPI_MspInit                       0x08000934   Section        0  quadspi.o(i.HAL_QSPI_MspInit)
    i.HAL_QSPI_Receive                       0x0800099c   Section        0  stm32g4xx_hal_qspi.o(i.HAL_QSPI_Receive)
    i.HAL_QSPI_Transmit                      0x08000a5c   Section        0  stm32g4xx_hal_qspi.o(i.HAL_QSPI_Transmit)
    i.HAL_RCCEx_PeriphCLKConfig              0x08000b14   Section        0  stm32g4xx_hal_rcc_ex.o(i.HAL_RCCEx_PeriphCLKConfig)
    i.HAL_RCC_ClockConfig                    0x08000e14   Section        0  stm32g4xx_hal_rcc.o(i.HAL_RCC_ClockConfig)
    i.HAL_RCC_GetPCLK1Freq                   0x08000ff0   Section        0  stm32g4xx_hal_rcc.o(i.HAL_RCC_GetPCLK1Freq)
    i.HAL_RCC_GetPCLK2Freq                   0x08001014   Section        0  stm32g4xx_hal_rcc.o(i.HAL_RCC_GetPCLK2Freq)
    i.HAL_RCC_GetSysClockFreq                0x08001038   Section        0  stm32g4xx_hal_rcc.o(i.HAL_RCC_GetSysClockFreq)
    i.HAL_RCC_OscConfig                      0x080010a8   Section        0  stm32g4xx_hal_rcc.o(i.HAL_RCC_OscConfig)
    i.HAL_SYSTICK_Config                     0x080014b4   Section        0  stm32g4xx_hal_cortex.o(i.HAL_SYSTICK_Config)
    i.HAL_UARTEx_DisableFifoMode             0x080014dc   Section        0  stm32g4xx_hal_uart_ex.o(i.HAL_UARTEx_DisableFifoMode)
    i.HAL_UARTEx_SetRxFifoThreshold          0x0800151a   Section        0  stm32g4xx_hal_uart_ex.o(i.HAL_UARTEx_SetRxFifoThreshold)
    i.HAL_UARTEx_SetTxFifoThreshold          0x08001566   Section        0  stm32g4xx_hal_uart_ex.o(i.HAL_UARTEx_SetTxFifoThreshold)
    i.HAL_UART_Init                          0x080015b2   Section        0  stm32g4xx_hal_uart.o(i.HAL_UART_Init)
    i.HAL_UART_MspInit                       0x0800161c   Section        0  usart.o(i.HAL_UART_MspInit)
    i.HAL_UART_Transmit                      0x08001680   Section        0  stm32g4xx_hal_uart.o(i.HAL_UART_Transmit)
    i.HardFault_Handler                      0x0800173c   Section        0  stm32g4xx_it.o(i.HardFault_Handler)
    i.MX_GPIO_Init                           0x08001740   Section        0  gpio.o(i.MX_GPIO_Init)
    i.MX_QUADSPI1_Init                       0x080017cc   Section        0  quadspi.o(i.MX_QUADSPI1_Init)
    i.MX_USART1_UART_Init                    0x0800180c   Section        0  usart.o(i.MX_USART1_UART_Init)
    i.MX_USB_PCD_Init                        0x08001874   Section        0  usb.o(i.MX_USB_PCD_Init)
    i.MemManage_Handler                      0x080018ac   Section        0  stm32g4xx_it.o(i.MemManage_Handler)
    i.NMI_Handler                            0x080018ae   Section        0  stm32g4xx_it.o(i.NMI_Handler)
    i.PendSV_Handler                         0x080018b0   Section        0  stm32g4xx_it.o(i.PendSV_Handler)
    i.QSPI_Config                            0x080018b2   Section        0  stm32g4xx_hal_qspi.o(i.QSPI_Config)
    QSPI_Config                              0x080018b3   Thumb Code   350  stm32g4xx_hal_qspi.o(i.QSPI_Config)
    i.QSPI_Send_CMD                          0x08001a10   Section        0  w25qxx.o(i.QSPI_Send_CMD)
    i.QSPI_WaitFlagStateUntilTimeout         0x08001a58   Section        0  stm32g4xx_hal_qspi.o(i.QSPI_WaitFlagStateUntilTimeout)
    QSPI_WaitFlagStateUntilTimeout           0x08001a59   Thumb Code    72  stm32g4xx_hal_qspi.o(i.QSPI_WaitFlagStateUntilTimeout)
    i.SVC_Handler                            0x08001aa0   Section        0  stm32g4xx_it.o(i.SVC_Handler)
    i.SysTick_Handler                        0x08001aa2   Section        0  stm32g4xx_it.o(i.SysTick_Handler)
    i.SystemClock_Config                     0x08001aa8   Section        0  main.o(i.SystemClock_Config)
    i.SystemInit                             0x08001b38   Section        0  system_stm32g4xx.o(i.SystemInit)
    i.UARTEx_SetNbDataToProcess              0x08001b48   Section        0  stm32g4xx_hal_uart_ex.o(i.UARTEx_SetNbDataToProcess)
    UARTEx_SetNbDataToProcess                0x08001b49   Thumb Code    62  stm32g4xx_hal_uart_ex.o(i.UARTEx_SetNbDataToProcess)
    i.UART_AdvFeatureConfig                  0x08001b8c   Section        0  stm32g4xx_hal_uart.o(i.UART_AdvFeatureConfig)
    i.UART_CheckIdleState                    0x08001c54   Section        0  stm32g4xx_hal_uart.o(i.UART_CheckIdleState)
    i.UART_SetConfig                         0x08001cb4   Section        0  stm32g4xx_hal_uart.o(i.UART_SetConfig)
    i.UART_WaitOnFlagUntilTimeout            0x08001f50   Section        0  stm32g4xx_hal_uart.o(i.UART_WaitOnFlagUntilTimeout)
    i.USB_DevInit                            0x08001ff4   Section        0  stm32g4xx_ll_usb.o(i.USB_DevInit)
    i.USB_DisableGlobalInt                   0x08002006   Section        0  stm32g4xx_ll_usb.o(i.USB_DisableGlobalInt)
    i.UsageFault_Handler                     0x08002016   Section        0  stm32g4xx_it.o(i.UsageFault_Handler)
    i.W25QXX_Erase_Sector                    0x08002018   Section        0  w25qxx.o(i.W25QXX_Erase_Sector)
    i.W25QXX_Read                            0x0800204c   Section        0  w25qxx.o(i.W25QXX_Read)
    i.W25QXX_ReadID                          0x0800207c   Section        0  w25qxx.o(i.W25QXX_ReadID)
    i.W25QXX_Wait_Busy                       0x080020ac   Section        0  w25qxx.o(i.W25QXX_Wait_Busy)
    i.W25QXX_Write                           0x080020e4   Section        0  w25qxx.o(i.W25QXX_Write)
    i.W25QXX_Write_NoCheck                   0x0800217c   Section        0  w25qxx.o(i.W25QXX_Write_NoCheck)
    i.W25QXX_Write_Page                      0x080021b8   Section        0  w25qxx.o(i.W25QXX_Write_Page)
    i.W25QXX_int                             0x08002210   Section        0  w25qxx.o(i.W25QXX_int)
    i.__0printf$8                            0x08002214   Section        0  printf8.o(i.__0printf$8)
    i.__NVIC_SetPriority                     0x08002234   Section        0  stm32g4xx_hal_cortex.o(i.__NVIC_SetPriority)
    __NVIC_SetPriority                       0x08002235   Thumb Code    32  stm32g4xx_hal_cortex.o(i.__NVIC_SetPriority)
    i.__scatterload_copy                     0x08002254   Section       14  handlers.o(i.__scatterload_copy)
    i.__scatterload_null                     0x08002262   Section        2  handlers.o(i.__scatterload_null)
    i.__scatterload_zeroinit                 0x08002264   Section       14  handlers.o(i.__scatterload_zeroinit)
    i._printf_core                           0x08002274   Section        0  printf8.o(i._printf_core)
    _printf_core                             0x08002275   Thumb Code   996  printf8.o(i._printf_core)
    i._printf_post_padding                   0x08002684   Section        0  printf8.o(i._printf_post_padding)
    _printf_post_padding                     0x08002685   Thumb Code    36  printf8.o(i._printf_post_padding)
    i._printf_pre_padding                    0x080026a8   Section        0  printf8.o(i._printf_pre_padding)
    _printf_pre_padding                      0x080026a9   Thumb Code    46  printf8.o(i._printf_pre_padding)
    i.fputc                                  0x080026d8   Section        0  usart.o(i.fputc)
    i.main                                   0x080026f0   Section        0  main.o(i.main)
    .constdata                               0x080028ac   Section       24  stm32g4xx_hal_uart.o(.constdata)
    .constdata                               0x080028c4   Section       16  stm32g4xx_hal_uart_ex.o(.constdata)
    numerator                                0x080028c4   Data           8  stm32g4xx_hal_uart_ex.o(.constdata)
    denominator                              0x080028cc   Data           8  stm32g4xx_hal_uart_ex.o(.constdata)
    .constdata                               0x080028d4   Section       16  system_stm32g4xx.o(.constdata)
    .constdata                               0x080028e4   Section        8  system_stm32g4xx.o(.constdata)
    .data                                    0x20000000   Section        2  w25qxx.o(.data)
    .data                                    0x20000004   Section       12  stm32g4xx_hal.o(.data)
    .data                                    0x20000010   Section        4  system_stm32g4xx.o(.data)
    .data                                    0x20000014   Section        4  stdout.o(.data)
    .bss                                     0x20000018   Section     4096  w25qxx.o(.bss)
    .bss                                     0x20001018   Section       76  quadspi.o(.bss)
    .bss                                     0x20001064   Section      144  usart.o(.bss)
    .bss                                     0x200010f4   Section      756  usb.o(.bss)
    STACK                                    0x200013e8   Section     1024  startup_stm32g474xx.o(STACK)

    Global Symbols

    Symbol Name                              Value     Ov Type        Size  Object(Section)

    BuildAttributes$$THM_ISAv4$E$P$D$K$B$S$7EM$VFPi3$EXTD16$VFPS$VFMA$PE$A:L22UL41UL21$X:L11$S22US41US21$IEEE1$IW$USESV6$~STKCKD$USESV7$~SHL$OSPACE$ROPI$EBA8$MICROLIB$REQ8$PRES8$EABIv2 0x00000000   Number         0  anon$$obj.o ABSOLUTE
    __ARM_use_no_argv                        0x00000000   Number         0  main.o ABSOLUTE
    _printf_a                                0x00000000   Number         0  stubs.o ABSOLUTE
    _printf_c                                0x00000000   Number         0  stubs.o ABSOLUTE
    _printf_charcount                        0x00000000   Number         0  stubs.o ABSOLUTE
    _printf_d                                0x00000000   Number         0  stubs.o ABSOLUTE
    _printf_e                                0x00000000   Number         0  stubs.o ABSOLUTE
    _printf_f                                0x00000000   Number         0  stubs.o ABSOLUTE
    _printf_flags                            0x00000000   Number         0  stubs.o ABSOLUTE
    _printf_fp_dec                           0x00000000   Number         0  stubs.o ABSOLUTE
    _printf_fp_hex                           0x00000000   Number         0  stubs.o ABSOLUTE
    _printf_g                                0x00000000   Number         0  stubs.o ABSOLUTE
    _printf_i                                0x00000000   Number         0  stubs.o ABSOLUTE
    _printf_int_dec                          0x00000000   Number         0  stubs.o ABSOLUTE
    _printf_l                                0x00000000   Number         0  stubs.o ABSOLUTE
    _printf_lc                               0x00000000   Number         0  stubs.o ABSOLUTE
    _printf_ll                               0x00000000   Number         0  stubs.o ABSOLUTE
    _printf_lld                              0x00000000   Number         0  stubs.o ABSOLUTE
    _printf_lli                              0x00000000   Number         0  stubs.o ABSOLUTE
    _printf_llo                              0x00000000   Number         0  stubs.o ABSOLUTE
    _printf_llu                              0x00000000   Number         0  stubs.o ABSOLUTE
    _printf_llx                              0x00000000   Number         0  stubs.o ABSOLUTE
    _printf_longlong_dec                     0x00000000   Number         0  stubs.o ABSOLUTE
    _printf_longlong_hex                     0x00000000   Number         0  stubs.o ABSOLUTE
    _printf_longlong_oct                     0x00000000   Number         0  stubs.o ABSOLUTE
    _printf_ls                               0x00000000   Number         0  stubs.o ABSOLUTE
    _printf_mbtowc                           0x00000000   Number         0  stubs.o ABSOLUTE
    _printf_n                                0x00000000   Number         0  stubs.o ABSOLUTE
    _printf_o                                0x00000000   Number         0  stubs.o ABSOLUTE
    _printf_p                                0x00000000   Number         0  stubs.o ABSOLUTE
    _printf_percent                          0x00000000   Number         0  stubs.o ABSOLUTE
    _printf_pre_padding                      0x00000000   Number         0  stubs.o ABSOLUTE
    _printf_return_value                     0x00000000   Number         0  stubs.o ABSOLUTE
    _printf_s                                0x00000000   Number         0  stubs.o ABSOLUTE
    _printf_sizespec                         0x00000000   Number         0  stubs.o ABSOLUTE
    _printf_str                              0x00000000   Number         0  stubs.o ABSOLUTE
    _printf_truncate_signed                  0x00000000   Number         0  stubs.o ABSOLUTE
    _printf_truncate_unsigned                0x00000000   Number         0  stubs.o ABSOLUTE
    _printf_u                                0x00000000   Number         0  stubs.o ABSOLUTE
    _printf_wc                               0x00000000   Number         0  stubs.o ABSOLUTE
    _printf_wctomb                           0x00000000   Number         0  stubs.o ABSOLUTE
    _printf_widthprec                        0x00000000   Number         0  stubs.o ABSOLUTE
    _printf_x                                0x00000000   Number         0  stubs.o ABSOLUTE
    __cpp_initialize__aeabi_                  - Undefined Weak Reference
    __cxa_finalize                            - Undefined Weak Reference
    __decompress                              - Undefined Weak Reference
    _clock_init                               - Undefined Weak Reference
    _microlib_exit                            - Undefined Weak Reference
    __Vectors_Size                           0x000001d8   Number         0  startup_stm32g474xx.o ABSOLUTE
    __Vectors                                0x08000000   Data           4  startup_stm32g474xx.o(RESET)
    __Vectors_End                            0x080001d8   Data           0  startup_stm32g474xx.o(RESET)
    __main                                   0x080001d9   Thumb Code     0  entry.o(.ARM.Collect$$$$00000000)
    _main_stk                                0x080001d9   Thumb Code     0  entry2.o(.ARM.Collect$$$$00000001)
    _main_scatterload                        0x080001dd   Thumb Code     0  entry5.o(.ARM.Collect$$$$00000004)
    __main_after_scatterload                 0x080001e1   Thumb Code     0  entry5.o(.ARM.Collect$$$$00000004)
    _main_clock                              0x080001e1   Thumb Code     0  entry7b.o(.ARM.Collect$$$$00000008)
    _main_cpp_init                           0x080001e1   Thumb Code     0  entry8b.o(.ARM.Collect$$$$0000000A)
    _main_init                               0x080001e1   Thumb Code     0  entry9a.o(.ARM.Collect$$$$0000000B)
    __rt_final_cpp                           0x080001e9   Thumb Code     0  entry10a.o(.ARM.Collect$$$$0000000D)
    __rt_final_exit                          0x080001e9   Thumb Code     0  entry11a.o(.ARM.Collect$$$$0000000F)
    Reset_Handler                            0x080001ed   Thumb Code     8  startup_stm32g474xx.o(.text)
    ADC1_2_IRQHandler                        0x08000207   Thumb Code     0  startup_stm32g474xx.o(.text)
    ADC3_IRQHandler                          0x08000207   Thumb Code     0  startup_stm32g474xx.o(.text)
    ADC4_IRQHandler                          0x08000207   Thumb Code     0  startup_stm32g474xx.o(.text)
    ADC5_IRQHandler                          0x08000207   Thumb Code     0  startup_stm32g474xx.o(.text)
    COMP1_2_3_IRQHandler                     0x08000207   Thumb Code     0  startup_stm32g474xx.o(.text)
    COMP4_5_6_IRQHandler                     0x08000207   Thumb Code     0  startup_stm32g474xx.o(.text)
    COMP7_IRQHandler                         0x08000207   Thumb Code     0  startup_stm32g474xx.o(.text)
    CORDIC_IRQHandler                        0x08000207   Thumb Code     0  startup_stm32g474xx.o(.text)
    CRS_IRQHandler                           0x08000207   Thumb Code     0  startup_stm32g474xx.o(.text)
    DMA1_Channel1_IRQHandler                 0x08000207   Thumb Code     0  startup_stm32g474xx.o(.text)
    DMA1_Channel2_IRQHandler                 0x08000207   Thumb Code     0  startup_stm32g474xx.o(.text)
    DMA1_Channel3_IRQHandler                 0x08000207   Thumb Code     0  startup_stm32g474xx.o(.text)
    DMA1_Channel4_IRQHandler                 0x08000207   Thumb Code     0  startup_stm32g474xx.o(.text)
    DMA1_Channel5_IRQHandler                 0x08000207   Thumb Code     0  startup_stm32g474xx.o(.text)
    DMA1_Channel6_IRQHandler                 0x08000207   Thumb Code     0  startup_stm32g474xx.o(.text)
    DMA1_Channel7_IRQHandler                 0x08000207   Thumb Code     0  startup_stm32g474xx.o(.text)
    DMA1_Channel8_IRQHandler                 0x08000207   Thumb Code     0  startup_stm32g474xx.o(.text)
    DMA2_Channel1_IRQHandler                 0x08000207   Thumb Code     0  startup_stm32g474xx.o(.text)
    DMA2_Channel2_IRQHandler                 0x08000207   Thumb Code     0  startup_stm32g474xx.o(.text)
    DMA2_Channel3_IRQHandler                 0x08000207   Thumb Code     0  startup_stm32g474xx.o(.text)
    DMA2_Channel4_IRQHandler                 0x08000207   Thumb Code     0  startup_stm32g474xx.o(.text)
    DMA2_Channel5_IRQHandler                 0x08000207   Thumb Code     0  startup_stm32g474xx.o(.text)
    DMA2_Channel6_IRQHandler                 0x08000207   Thumb Code     0  startup_stm32g474xx.o(.text)
    DMA2_Channel7_IRQHandler                 0x08000207   Thumb Code     0  startup_stm32g474xx.o(.text)
    DMA2_Channel8_IRQHandler                 0x08000207   Thumb Code     0  startup_stm32g474xx.o(.text)
    DMAMUX_OVR_IRQHandler                    0x08000207   Thumb Code     0  startup_stm32g474xx.o(.text)
    EXTI0_IRQHandler                         0x08000207   Thumb Code     0  startup_stm32g474xx.o(.text)
    EXTI15_10_IRQHandler                     0x08000207   Thumb Code     0  startup_stm32g474xx.o(.text)
    EXTI1_IRQHandler                         0x08000207   Thumb Code     0  startup_stm32g474xx.o(.text)
    EXTI2_IRQHandler                         0x08000207   Thumb Code     0  startup_stm32g474xx.o(.text)
    EXTI3_IRQHandler                         0x08000207   Thumb Code     0  startup_stm32g474xx.o(.text)
    EXTI4_IRQHandler                         0x08000207   Thumb Code     0  startup_stm32g474xx.o(.text)
    EXTI9_5_IRQHandler                       0x08000207   Thumb Code     0  startup_stm32g474xx.o(.text)
    FDCAN1_IT0_IRQHandler                    0x08000207   Thumb Code     0  startup_stm32g474xx.o(.text)
    FDCAN1_IT1_IRQHandler                    0x08000207   Thumb Code     0  startup_stm32g474xx.o(.text)
    FDCAN2_IT0_IRQHandler                    0x08000207   Thumb Code     0  startup_stm32g474xx.o(.text)
    FDCAN2_IT1_IRQHandler                    0x08000207   Thumb Code     0  startup_stm32g474xx.o(.text)
    FDCAN3_IT0_IRQHandler                    0x08000207   Thumb Code     0  startup_stm32g474xx.o(.text)
    FDCAN3_IT1_IRQHandler                    0x08000207   Thumb Code     0  startup_stm32g474xx.o(.text)
    FLASH_IRQHandler                         0x08000207   Thumb Code     0  startup_stm32g474xx.o(.text)
    FMAC_IRQHandler                          0x08000207   Thumb Code     0  startup_stm32g474xx.o(.text)
    FMC_IRQHandler                           0x08000207   Thumb Code     0  startup_stm32g474xx.o(.text)
    FPU_IRQHandler                           0x08000207   Thumb Code     0  startup_stm32g474xx.o(.text)
    HRTIM1_FLT_IRQHandler                    0x08000207   Thumb Code     0  startup_stm32g474xx.o(.text)
    HRTIM1_Master_IRQHandler                 0x08000207   Thumb Code     0  startup_stm32g474xx.o(.text)
    HRTIM1_TIMA_IRQHandler                   0x08000207   Thumb Code     0  startup_stm32g474xx.o(.text)
    HRTIM1_TIMB_IRQHandler                   0x08000207   Thumb Code     0  startup_stm32g474xx.o(.text)
    HRTIM1_TIMC_IRQHandler                   0x08000207   Thumb Code     0  startup_stm32g474xx.o(.text)
    HRTIM1_TIMD_IRQHandler                   0x08000207   Thumb Code     0  startup_stm32g474xx.o(.text)
    HRTIM1_TIME_IRQHandler                   0x08000207   Thumb Code     0  startup_stm32g474xx.o(.text)
    HRTIM1_TIMF_IRQHandler                   0x08000207   Thumb Code     0  startup_stm32g474xx.o(.text)
    I2C1_ER_IRQHandler                       0x08000207   Thumb Code     0  startup_stm32g474xx.o(.text)
    I2C1_EV_IRQHandler                       0x08000207   Thumb Code     0  startup_stm32g474xx.o(.text)
    I2C2_ER_IRQHandler                       0x08000207   Thumb Code     0  startup_stm32g474xx.o(.text)
    I2C2_EV_IRQHandler                       0x08000207   Thumb Code     0  startup_stm32g474xx.o(.text)
    I2C3_ER_IRQHandler                       0x08000207   Thumb Code     0  startup_stm32g474xx.o(.text)
    I2C3_EV_IRQHandler                       0x08000207   Thumb Code     0  startup_stm32g474xx.o(.text)
    I2C4_ER_IRQHandler                       0x08000207   Thumb Code     0  startup_stm32g474xx.o(.text)
    I2C4_EV_IRQHandler                       0x08000207   Thumb Code     0  startup_stm32g474xx.o(.text)
    LPTIM1_IRQHandler                        0x08000207   Thumb Code     0  startup_stm32g474xx.o(.text)
    LPUART1_IRQHandler                       0x08000207   Thumb Code     0  startup_stm32g474xx.o(.text)
    PVD_PVM_IRQHandler                       0x08000207   Thumb Code     0  startup_stm32g474xx.o(.text)
    QUADSPI_IRQHandler                       0x08000207   Thumb Code     0  startup_stm32g474xx.o(.text)
    RCC_IRQHandler                           0x08000207   Thumb Code     0  startup_stm32g474xx.o(.text)
    RNG_IRQHandler                           0x08000207   Thumb Code     0  startup_stm32g474xx.o(.text)
    RTC_Alarm_IRQHandler                     0x08000207   Thumb Code     0  startup_stm32g474xx.o(.text)
    RTC_TAMP_LSECSS_IRQHandler               0x08000207   Thumb Code     0  startup_stm32g474xx.o(.text)
    RTC_WKUP_IRQHandler                      0x08000207   Thumb Code     0  startup_stm32g474xx.o(.text)
    SAI1_IRQHandler                          0x08000207   Thumb Code     0  startup_stm32g474xx.o(.text)
    SPI1_IRQHandler                          0x08000207   Thumb Code     0  startup_stm32g474xx.o(.text)
    SPI2_IRQHandler                          0x08000207   Thumb Code     0  startup_stm32g474xx.o(.text)
    SPI3_IRQHandler                          0x08000207   Thumb Code     0  startup_stm32g474xx.o(.text)
    SPI4_IRQHandler                          0x08000207   Thumb Code     0  startup_stm32g474xx.o(.text)
    TIM1_BRK_TIM15_IRQHandler                0x08000207   Thumb Code     0  startup_stm32g474xx.o(.text)
    TIM1_CC_IRQHandler                       0x08000207   Thumb Code     0  startup_stm32g474xx.o(.text)
    TIM1_TRG_COM_TIM17_IRQHandler            0x08000207   Thumb Code     0  startup_stm32g474xx.o(.text)
    TIM1_UP_TIM16_IRQHandler                 0x08000207   Thumb Code     0  startup_stm32g474xx.o(.text)
    TIM20_BRK_IRQHandler                     0x08000207   Thumb Code     0  startup_stm32g474xx.o(.text)
    TIM20_CC_IRQHandler                      0x08000207   Thumb Code     0  startup_stm32g474xx.o(.text)
    TIM20_TRG_COM_IRQHandler                 0x08000207   Thumb Code     0  startup_stm32g474xx.o(.text)
    TIM20_UP_IRQHandler                      0x08000207   Thumb Code     0  startup_stm32g474xx.o(.text)
    TIM2_IRQHandler                          0x08000207   Thumb Code     0  startup_stm32g474xx.o(.text)
    TIM3_IRQHandler                          0x08000207   Thumb Code     0  startup_stm32g474xx.o(.text)
    TIM4_IRQHandler                          0x08000207   Thumb Code     0  startup_stm32g474xx.o(.text)
    TIM5_IRQHandler                          0x08000207   Thumb Code     0  startup_stm32g474xx.o(.text)
    TIM6_DAC_IRQHandler                      0x08000207   Thumb Code     0  startup_stm32g474xx.o(.text)
    TIM7_DAC_IRQHandler                      0x08000207   Thumb Code     0  startup_stm32g474xx.o(.text)
    TIM8_BRK_IRQHandler                      0x08000207   Thumb Code     0  startup_stm32g474xx.o(.text)
    TIM8_CC_IRQHandler                       0x08000207   Thumb Code     0  startup_stm32g474xx.o(.text)
    TIM8_TRG_COM_IRQHandler                  0x08000207   Thumb Code     0  startup_stm32g474xx.o(.text)
    TIM8_UP_IRQHandler                       0x08000207   Thumb Code     0  startup_stm32g474xx.o(.text)
    UART4_IRQHandler                         0x08000207   Thumb Code     0  startup_stm32g474xx.o(.text)
    UART5_IRQHandler                         0x08000207   Thumb Code     0  startup_stm32g474xx.o(.text)
    UCPD1_IRQHandler                         0x08000207   Thumb Code     0  startup_stm32g474xx.o(.text)
    USART1_IRQHandler                        0x08000207   Thumb Code     0  startup_stm32g474xx.o(.text)
    USART2_IRQHandler                        0x08000207   Thumb Code     0  startup_stm32g474xx.o(.text)
    USART3_IRQHandler                        0x08000207   Thumb Code     0  startup_stm32g474xx.o(.text)
    USBWakeUp_IRQHandler                     0x08000207   Thumb Code     0  startup_stm32g474xx.o(.text)
    USB_HP_IRQHandler                        0x08000207   Thumb Code     0  startup_stm32g474xx.o(.text)
    USB_LP_IRQHandler                        0x08000207   Thumb Code     0  startup_stm32g474xx.o(.text)
    WWDG_IRQHandler                          0x08000207   Thumb Code     0  startup_stm32g474xx.o(.text)
    __aeabi_uldivmod                         0x08000211   Thumb Code    98  uldiv.o(.text)
    __aeabi_memcpy                           0x08000273   Thumb Code    36  memcpya.o(.text)
    __aeabi_memcpy4                          0x08000273   Thumb Code     0  memcpya.o(.text)
    __aeabi_memcpy8                          0x08000273   Thumb Code     0  memcpya.o(.text)
    __aeabi_memset                           0x08000297   Thumb Code    14  memseta.o(.text)
    __aeabi_memset4                          0x08000297   Thumb Code     0  memseta.o(.text)
    __aeabi_memset8                          0x08000297   Thumb Code     0  memseta.o(.text)
    __aeabi_memclr                           0x080002a5   Thumb Code     4  memseta.o(.text)
    __aeabi_memclr4                          0x080002a5   Thumb Code     0  memseta.o(.text)
    __aeabi_memclr8                          0x080002a5   Thumb Code     0  memseta.o(.text)
    _memset$wrapper                          0x080002a9   Thumb Code    18  memseta.o(.text)
    memcmp                                   0x080002bb   Thumb Code    26  memcmp.o(.text)
    __aeabi_llsl                             0x080002d5   Thumb Code    30  llshl.o(.text)
    _ll_shift_l                              0x080002d5   Thumb Code     0  llshl.o(.text)
    __aeabi_llsr                             0x080002f3   Thumb Code    32  llushr.o(.text)
    _ll_ushift_r                             0x080002f3   Thumb Code     0  llushr.o(.text)
    __scatterload                            0x08000315   Thumb Code    28  init.o(.text)
    __scatterload_rt2                        0x08000315   Thumb Code     0  init.o(.text)
    BusFault_Handler                         0x08000339   Thumb Code     2  stm32g4xx_it.o(i.BusFault_Handler)
    DebugMon_Handler                         0x0800033b   Thumb Code     2  stm32g4xx_it.o(i.DebugMon_Handler)
    Error_Handler                            0x0800033d   Thumb Code     4  main.o(i.Error_Handler)
    HAL_GPIO_Init                            0x08000341   Thumb Code   422  stm32g4xx_hal_gpio.o(i.HAL_GPIO_Init)
    HAL_GPIO_WritePin                        0x08000509   Thumb Code    10  stm32g4xx_hal_gpio.o(i.HAL_GPIO_WritePin)
    HAL_GetTick                              0x08000515   Thumb Code     6  stm32g4xx_hal.o(i.HAL_GetTick)
    HAL_IncTick                              0x08000521   Thumb Code    12  stm32g4xx_hal.o(i.HAL_IncTick)
    HAL_Init                                 0x08000531   Thumb Code    30  stm32g4xx_hal.o(i.HAL_Init)
    HAL_InitTick                             0x08000551   Thumb Code    58  stm32g4xx_hal.o(i.HAL_InitTick)
    HAL_MspInit                              0x08000595   Thumb Code    42  stm32g4xx_hal_msp.o(i.HAL_MspInit)
    HAL_NVIC_SetPriority                     0x080005c5   Thumb Code    60  stm32g4xx_hal_cortex.o(i.HAL_NVIC_SetPriority)
    HAL_NVIC_SetPriorityGrouping             0x08000605   Thumb Code    26  stm32g4xx_hal_cortex.o(i.HAL_NVIC_SetPriorityGrouping)
    HAL_PCDEx_ActivateLPM                    0x08000629   Thumb Code    36  stm32g4xx_hal_pcd_ex.o(i.HAL_PCDEx_ActivateLPM)
    HAL_PCD_Init                             0x0800064d   Thumb Code   178  stm32g4xx_hal_pcd.o(i.HAL_PCD_Init)
    HAL_PCD_MspInit                          0x08000701   Thumb Code    30  usb.o(i.HAL_PCD_MspInit)
    HAL_PWREx_ControlVoltageScaling          0x08000729   Thumb Code   174  stm32g4xx_hal_pwr_ex.o(i.HAL_PWREx_ControlVoltageScaling)
    HAL_PWREx_DisableUCPDDeadBattery         0x080007e5   Thumb Code    12  stm32g4xx_hal_pwr_ex.o(i.HAL_PWREx_DisableUCPDDeadBattery)
    HAL_QSPI_Command                         0x080007f5   Thumb Code   134  stm32g4xx_hal_qspi.o(i.HAL_QSPI_Command)
    HAL_QSPI_Init                            0x0800087d   Thumb Code   174  stm32g4xx_hal_qspi.o(i.HAL_QSPI_Init)
    HAL_QSPI_MspInit                         0x08000935   Thumb Code    90  quadspi.o(i.HAL_QSPI_MspInit)
    HAL_QSPI_Receive                         0x0800099d   Thumb Code   190  stm32g4xx_hal_qspi.o(i.HAL_QSPI_Receive)
    HAL_QSPI_Transmit                        0x08000a5d   Thumb Code   182  stm32g4xx_hal_qspi.o(i.HAL_QSPI_Transmit)
    HAL_RCCEx_PeriphCLKConfig                0x08000b15   Thumb Code   758  stm32g4xx_hal_rcc_ex.o(i.HAL_RCCEx_PeriphCLKConfig)
    HAL_RCC_ClockConfig                      0x08000e15   Thumb Code   444  stm32g4xx_hal_rcc.o(i.HAL_RCC_ClockConfig)
    HAL_RCC_GetPCLK1Freq                     0x08000ff1   Thumb Code    24  stm32g4xx_hal_rcc.o(i.HAL_RCC_GetPCLK1Freq)
    HAL_RCC_GetPCLK2Freq                     0x08001015   Thumb Code    24  stm32g4xx_hal_rcc.o(i.HAL_RCC_GetPCLK2Freq)
    HAL_RCC_GetSysClockFreq                  0x08001039   Thumb Code    98  stm32g4xx_hal_rcc.o(i.HAL_RCC_GetSysClockFreq)
    HAL_RCC_OscConfig                        0x080010a9   Thumb Code  1036  stm32g4xx_hal_rcc.o(i.HAL_RCC_OscConfig)
    HAL_SYSTICK_Config                       0x080014b5   Thumb Code    40  stm32g4xx_hal_cortex.o(i.HAL_SYSTICK_Config)
    HAL_UARTEx_DisableFifoMode               0x080014dd   Thumb Code    62  stm32g4xx_hal_uart_ex.o(i.HAL_UARTEx_DisableFifoMode)
    HAL_UARTEx_SetRxFifoThreshold            0x0800151b   Thumb Code    76  stm32g4xx_hal_uart_ex.o(i.HAL_UARTEx_SetRxFifoThreshold)
    HAL_UARTEx_SetTxFifoThreshold            0x08001567   Thumb Code    76  stm32g4xx_hal_uart_ex.o(i.HAL_UARTEx_SetTxFifoThreshold)
    HAL_UART_Init                            0x080015b3   Thumb Code   106  stm32g4xx_hal_uart.o(i.HAL_UART_Init)
    HAL_UART_MspInit                         0x0800161d   Thumb Code    92  usart.o(i.HAL_UART_MspInit)
    HAL_UART_Transmit                        0x08001681   Thumb Code   188  stm32g4xx_hal_uart.o(i.HAL_UART_Transmit)
    HardFault_Handler                        0x0800173d   Thumb Code     2  stm32g4xx_it.o(i.HardFault_Handler)
    MX_GPIO_Init                             0x08001741   Thumb Code   132  gpio.o(i.MX_GPIO_Init)
    MX_QUADSPI1_Init                         0x080017cd   Thumb Code    54  quadspi.o(i.MX_QUADSPI1_Init)
    MX_USART1_UART_Init                      0x0800180d   Thumb Code    94  usart.o(i.MX_USART1_UART_Init)
    MX_USB_PCD_Init                          0x08001875   Thumb Code    46  usb.o(i.MX_USB_PCD_Init)
    MemManage_Handler                        0x080018ad   Thumb Code     2  stm32g4xx_it.o(i.MemManage_Handler)
    NMI_Handler                              0x080018af   Thumb Code     2  stm32g4xx_it.o(i.NMI_Handler)
    PendSV_Handler                           0x080018b1   Thumb Code     2  stm32g4xx_it.o(i.PendSV_Handler)
    QSPI_Send_CMD                            0x08001a11   Thumb Code    68  w25qxx.o(i.QSPI_Send_CMD)
    SVC_Handler                              0x08001aa1   Thumb Code     2  stm32g4xx_it.o(i.SVC_Handler)
    SysTick_Handler                          0x08001aa3   Thumb Code     4  stm32g4xx_it.o(i.SysTick_Handler)
    SystemClock_Config                       0x08001aa9   Thumb Code   138  main.o(i.SystemClock_Config)
    SystemInit                               0x08001b39   Thumb Code    12  system_stm32g4xx.o(i.SystemInit)
    UART_AdvFeatureConfig                    0x08001b8d   Thumb Code   200  stm32g4xx_hal_uart.o(i.UART_AdvFeatureConfig)
    UART_CheckIdleState                      0x08001c55   Thumb Code    96  stm32g4xx_hal_uart.o(i.UART_CheckIdleState)
    UART_SetConfig                           0x08001cb5   Thumb Code   618  stm32g4xx_hal_uart.o(i.UART_SetConfig)
    UART_WaitOnFlagUntilTimeout              0x08001f51   Thumb Code   164  stm32g4xx_hal_uart.o(i.UART_WaitOnFlagUntilTimeout)
    USB_DevInit                              0x08001ff5   Thumb Code    18  stm32g4xx_ll_usb.o(i.USB_DevInit)
    USB_DisableGlobalInt                     0x08002007   Thumb Code    16  stm32g4xx_ll_usb.o(i.USB_DisableGlobalInt)
    UsageFault_Handler                       0x08002017   Thumb Code     2  stm32g4xx_it.o(i.UsageFault_Handler)
    W25QXX_Erase_Sector                      0x08002019   Thumb Code    52  w25qxx.o(i.W25QXX_Erase_Sector)
    W25QXX_Read                              0x0800204d   Thumb Code    44  w25qxx.o(i.W25QXX_Read)
    W25QXX_ReadID                            0x0800207d   Thumb Code    42  w25qxx.o(i.W25QXX_ReadID)
    W25QXX_Wait_Busy                         0x080020ad   Thumb Code    52  w25qxx.o(i.W25QXX_Wait_Busy)
    W25QXX_Write                             0x080020e5   Thumb Code   146  w25qxx.o(i.W25QXX_Write)
    W25QXX_Write_NoCheck                     0x0800217d   Thumb Code    60  w25qxx.o(i.W25QXX_Write_NoCheck)
    W25QXX_Write_Page                        0x080021b9   Thumb Code    82  w25qxx.o(i.W25QXX_Write_Page)
    W25QXX_int                               0x08002211   Thumb Code     4  w25qxx.o(i.W25QXX_int)
    __0printf$8                              0x08002215   Thumb Code    22  printf8.o(i.__0printf$8)
    __1printf$8                              0x08002215   Thumb Code     0  printf8.o(i.__0printf$8)
    __2printf                                0x08002215   Thumb Code     0  printf8.o(i.__0printf$8)
    __scatterload_copy                       0x08002255   Thumb Code    14  handlers.o(i.__scatterload_copy)
    __scatterload_null                       0x08002263   Thumb Code     2  handlers.o(i.__scatterload_null)
    __scatterload_zeroinit                   0x08002265   Thumb Code    14  handlers.o(i.__scatterload_zeroinit)
    fputc                                    0x080026d9   Thumb Code    20  usart.o(i.fputc)
    main                                     0x080026f1   Thumb Code   182  main.o(i.main)
    UARTPrescTable                           0x080028ac   Data          24  stm32g4xx_hal_uart.o(.constdata)
    AHBPrescTable                            0x080028d4   Data          16  system_stm32g4xx.o(.constdata)
    APBPrescTable                            0x080028e4   Data           8  system_stm32g4xx.o(.constdata)
    Region$$Table$$Base                      0x080028ec   Number         0  anon$$obj.o(Region$$Table)
    Region$$Table$$Limit                     0x0800290c   Number         0  anon$$obj.o(Region$$Table)
    W25QXX_TYPE                              0x20000000   Data           2  w25qxx.o(.data)
    uwTickPrio                               0x20000004   Data           4  stm32g4xx_hal.o(.data)
    uwTickFreq                               0x20000008   Data           4  stm32g4xx_hal.o(.data)
    uwTick                                   0x2000000c   Data           4  stm32g4xx_hal.o(.data)
    SystemCoreClock                          0x20000010   Data           4  system_stm32g4xx.o(.data)
    __stdout                                 0x20000014   Data           4  stdout.o(.data)
    W25QXX_BUFFER                            0x20000018   Data        4096  w25qxx.o(.bss)
    hqspi1                                   0x20001018   Data          76  quadspi.o(.bss)
    huart1                                   0x20001064   Data         144  usart.o(.bss)
    hpcd_USB_FS                              0x200010f4   Data         756  usb.o(.bss)
    __initial_sp                             0x200017e8   Data           0  startup_stm32g474xx.o(STACK)



==============================================================================

Memory Map of the image

  Image Entry point : 0x080001d9

  Load Region LR_IROM1 (Base: 0x08000000, Size: 0x00002924, Max: 0x00080000, ABSOLUTE)

    Execution Region ER_IROM1 (Exec base: 0x08000000, Load base: 0x08000000, Size: 0x0000290c, Max: 0x00080000, ABSOLUTE)

    Exec Addr    Load Addr    Size         Type   Attr      Idx    E Section Name        Object

    0x08000000   0x08000000   0x000001d8   Data   RO            3    RESET               startup_stm32g474xx.o
    0x080001d8   0x080001d8   0x00000000   Code   RO         3307  * .ARM.Collect$$$$00000000  mc_w.l(entry.o)
    0x080001d8   0x080001d8   0x00000004   Code   RO         3581    .ARM.Collect$$$$00000001  mc_w.l(entry2.o)
    0x080001dc   0x080001dc   0x00000004   Code   RO         3584    .ARM.Collect$$$$00000004  mc_w.l(entry5.o)
    0x080001e0   0x080001e0   0x00000000   Code   RO         3586    .ARM.Collect$$$$00000008  mc_w.l(entry7b.o)
    0x080001e0   0x080001e0   0x00000000   Code   RO         3588    .ARM.Collect$$$$0000000A  mc_w.l(entry8b.o)
    0x080001e0   0x080001e0   0x00000008   Code   RO         3589    .ARM.Collect$$$$0000000B  mc_w.l(entry9a.o)
    0x080001e8   0x080001e8   0x00000000   Code   RO         3591    .ARM.Collect$$$$0000000D  mc_w.l(entry10a.o)
    0x080001e8   0x080001e8   0x00000000   Code   RO         3593    .ARM.Collect$$$$0000000F  mc_w.l(entry11a.o)
    0x080001e8   0x080001e8   0x00000004   Code   RO         3582    .ARM.Collect$$$$00002712  mc_w.l(entry2.o)
    0x080001ec   0x080001ec   0x00000024   Code   RO            4    .text               startup_stm32g474xx.o
    0x08000210   0x08000210   0x00000062   Code   RO         3310    .text               mc_w.l(uldiv.o)
    0x08000272   0x08000272   0x00000024   Code   RO         3312    .text               mc_w.l(memcpya.o)
    0x08000296   0x08000296   0x00000024   Code   RO         3314    .text               mc_w.l(memseta.o)
    0x080002ba   0x080002ba   0x0000001a   Code   RO         3316    .text               mc_w.l(memcmp.o)
    0x080002d4   0x080002d4   0x0000001e   Code   RO         3598    .text               mc_w.l(llshl.o)
    0x080002f2   0x080002f2   0x00000020   Code   RO         3600    .text               mc_w.l(llushr.o)
    0x08000312   0x08000312   0x00000002   PAD
    0x08000314   0x08000314   0x00000024   Code   RO         3613    .text               mc_w.l(init.o)
    0x08000338   0x08000338   0x00000002   Code   RO          429    i.BusFault_Handler  stm32g4xx_it.o
    0x0800033a   0x0800033a   0x00000002   Code   RO          430    i.DebugMon_Handler  stm32g4xx_it.o
    0x0800033c   0x0800033c   0x00000004   Code   RO          217    i.Error_Handler     main.o
    0x08000340   0x08000340   0x000001c8   Code   RO         1504    i.HAL_GPIO_Init     stm32g4xx_hal_gpio.o
    0x08000508   0x08000508   0x0000000a   Code   RO         1508    i.HAL_GPIO_WritePin  stm32g4xx_hal_gpio.o
    0x08000512   0x08000512   0x00000002   PAD
    0x08000514   0x08000514   0x0000000c   Code   RO          801    i.HAL_GetTick       stm32g4xx_hal.o
    0x08000520   0x08000520   0x00000010   Code   RO          804    i.HAL_IncTick       stm32g4xx_hal.o
    0x08000530   0x08000530   0x0000001e   Code   RO          805    i.HAL_Init          stm32g4xx_hal.o
    0x0800054e   0x0800054e   0x00000002   PAD
    0x08000550   0x08000550   0x00000044   Code   RO          806    i.HAL_InitTick      stm32g4xx_hal.o
    0x08000594   0x08000594   0x00000030   Code   RO          504    i.HAL_MspInit       stm32g4xx_hal_msp.o
    0x080005c4   0x080005c4   0x00000040   Code   RO         2157    i.HAL_NVIC_SetPriority  stm32g4xx_hal_cortex.o
    0x08000604   0x08000604   0x00000024   Code   RO         2158    i.HAL_NVIC_SetPriorityGrouping  stm32g4xx_hal_cortex.o
    0x08000628   0x08000628   0x00000024   Code   RO         3075    i.HAL_PCDEx_ActivateLPM  stm32g4xx_hal_pcd_ex.o
    0x0800064c   0x0800064c   0x000000b2   Code   RO         2872    i.HAL_PCD_Init      stm32g4xx_hal_pcd.o
    0x080006fe   0x080006fe   0x00000002   PAD
    0x08000700   0x08000700   0x00000028   Code   RO          388    i.HAL_PCD_MspInit   usb.o
    0x08000728   0x08000728   0x000000bc   Code   RO         1907    i.HAL_PWREx_ControlVoltageScaling  stm32g4xx_hal_pwr_ex.o
    0x080007e4   0x080007e4   0x00000010   Code   RO         1919    i.HAL_PWREx_DisableUCPDDeadBattery  stm32g4xx_hal_pwr_ex.o
    0x080007f4   0x080007f4   0x00000086   Code   RO          534    i.HAL_QSPI_Command  stm32g4xx_hal_qspi.o
    0x0800087a   0x0800087a   0x00000002   PAD
    0x0800087c   0x0800087c   0x000000b8   Code   RO          543    i.HAL_QSPI_Init     stm32g4xx_hal_qspi.o
    0x08000934   0x08000934   0x00000068   Code   RO          286    i.HAL_QSPI_MspInit  quadspi.o
    0x0800099c   0x0800099c   0x000000be   Code   RO          547    i.HAL_QSPI_Receive  stm32g4xx_hal_qspi.o
    0x08000a5a   0x08000a5a   0x00000002   PAD
    0x08000a5c   0x08000a5c   0x000000b6   Code   RO          557    i.HAL_QSPI_Transmit  stm32g4xx_hal_qspi.o
    0x08000b12   0x08000b12   0x00000002   PAD
    0x08000b14   0x08000b14   0x00000300   Code   RO         1150    i.HAL_RCCEx_PeriphCLKConfig  stm32g4xx_hal_rcc_ex.o
    0x08000e14   0x08000e14   0x000001dc   Code   RO         1025    i.HAL_RCC_ClockConfig  stm32g4xx_hal_rcc.o
    0x08000ff0   0x08000ff0   0x00000024   Code   RO         1033    i.HAL_RCC_GetPCLK1Freq  stm32g4xx_hal_rcc.o
    0x08001014   0x08001014   0x00000024   Code   RO         1034    i.HAL_RCC_GetPCLK2Freq  stm32g4xx_hal_rcc.o
    0x08001038   0x08001038   0x00000070   Code   RO         1035    i.HAL_RCC_GetSysClockFreq  stm32g4xx_hal_rcc.o
    0x080010a8   0x080010a8   0x0000040c   Code   RO         1038    i.HAL_RCC_OscConfig  stm32g4xx_hal_rcc.o
    0x080014b4   0x080014b4   0x00000028   Code   RO         2162    i.HAL_SYSTICK_Config  stm32g4xx_hal_cortex.o
    0x080014dc   0x080014dc   0x0000003e   Code   RO         2737    i.HAL_UARTEx_DisableFifoMode  stm32g4xx_hal_uart_ex.o
    0x0800151a   0x0800151a   0x0000004c   Code   RO         2745    i.HAL_UARTEx_SetRxFifoThreshold  stm32g4xx_hal_uart_ex.o
    0x08001566   0x08001566   0x0000004c   Code   RO         2746    i.HAL_UARTEx_SetTxFifoThreshold  stm32g4xx_hal_uart_ex.o
    0x080015b2   0x080015b2   0x0000006a   Code   RO         2346    i.HAL_UART_Init     stm32g4xx_hal_uart.o
    0x0800161c   0x0800161c   0x00000064   Code   RO          328    i.HAL_UART_MspInit  usart.o
    0x08001680   0x08001680   0x000000bc   Code   RO         2355    i.HAL_UART_Transmit  stm32g4xx_hal_uart.o
    0x0800173c   0x0800173c   0x00000002   Code   RO          431    i.HardFault_Handler  stm32g4xx_it.o
    0x0800173e   0x0800173e   0x00000002   PAD
    0x08001740   0x08001740   0x0000008c   Code   RO          261    i.MX_GPIO_Init      gpio.o
    0x080017cc   0x080017cc   0x00000040   Code   RO          287    i.MX_QUADSPI1_Init  quadspi.o
    0x0800180c   0x0800180c   0x00000068   Code   RO          329    i.MX_USART1_UART_Init  usart.o
    0x08001874   0x08001874   0x00000038   Code   RO          389    i.MX_USB_PCD_Init   usb.o
    0x080018ac   0x080018ac   0x00000002   Code   RO          432    i.MemManage_Handler  stm32g4xx_it.o
    0x080018ae   0x080018ae   0x00000002   Code   RO          433    i.NMI_Handler       stm32g4xx_it.o
    0x080018b0   0x080018b0   0x00000002   Code   RO          434    i.PendSV_Handler    stm32g4xx_it.o
    0x080018b2   0x080018b2   0x0000015e   Code   RO          562    i.QSPI_Config       stm32g4xx_hal_qspi.o
    0x08001a10   0x08001a10   0x00000048   Code   RO           13    i.QSPI_Send_CMD     w25qxx.o
    0x08001a58   0x08001a58   0x00000048   Code   RO          569    i.QSPI_WaitFlagStateUntilTimeout  stm32g4xx_hal_qspi.o
    0x08001aa0   0x08001aa0   0x00000002   Code   RO          435    i.SVC_Handler       stm32g4xx_it.o
    0x08001aa2   0x08001aa2   0x00000004   Code   RO          436    i.SysTick_Handler   stm32g4xx_it.o
    0x08001aa6   0x08001aa6   0x00000002   PAD
    0x08001aa8   0x08001aa8   0x00000090   Code   RO          218    i.SystemClock_Config  main.o
    0x08001b38   0x08001b38   0x00000010   Code   RO         3273    i.SystemInit        system_stm32g4xx.o
    0x08001b48   0x08001b48   0x00000044   Code   RO         2750    i.UARTEx_SetNbDataToProcess  stm32g4xx_hal_uart_ex.o
    0x08001b8c   0x08001b8c   0x000000c8   Code   RO         2360    i.UART_AdvFeatureConfig  stm32g4xx_hal_uart.o
    0x08001c54   0x08001c54   0x00000060   Code   RO         2361    i.UART_CheckIdleState  stm32g4xx_hal_uart.o
    0x08001cb4   0x08001cb4   0x0000029c   Code   RO         2378    i.UART_SetConfig    stm32g4xx_hal_uart.o
    0x08001f50   0x08001f50   0x000000a4   Code   RO         2385    i.UART_WaitOnFlagUntilTimeout  stm32g4xx_hal_uart.o
    0x08001ff4   0x08001ff4   0x00000012   Code   RO         3147    i.USB_DevInit       stm32g4xx_ll_usb.o
    0x08002006   0x08002006   0x00000010   Code   RO         3148    i.USB_DisableGlobalInt  stm32g4xx_ll_usb.o
    0x08002016   0x08002016   0x00000002   Code   RO          437    i.UsageFault_Handler  stm32g4xx_it.o
    0x08002018   0x08002018   0x00000034   Code   RO           14    i.W25QXX_Erase_Sector  w25qxx.o
    0x0800204c   0x0800204c   0x00000030   Code   RO           15    i.W25QXX_Read       w25qxx.o
    0x0800207c   0x0800207c   0x00000030   Code   RO           16    i.W25QXX_ReadID     w25qxx.o
    0x080020ac   0x080020ac   0x00000038   Code   RO           17    i.W25QXX_Wait_Busy  w25qxx.o
    0x080020e4   0x080020e4   0x00000098   Code   RO           18    i.W25QXX_Write      w25qxx.o
    0x0800217c   0x0800217c   0x0000003c   Code   RO           19    i.W25QXX_Write_NoCheck  w25qxx.o
    0x080021b8   0x080021b8   0x00000058   Code   RO           20    i.W25QXX_Write_Page  w25qxx.o
    0x08002210   0x08002210   0x00000004   Code   RO           21    i.W25QXX_int        w25qxx.o
    0x08002214   0x08002214   0x00000020   Code   RO         3527    i.__0printf$8       mc_w.l(printf8.o)
    0x08002234   0x08002234   0x00000020   Code   RO         2164    i.__NVIC_SetPriority  stm32g4xx_hal_cortex.o
    0x08002254   0x08002254   0x0000000e   Code   RO         3621    i.__scatterload_copy  mc_w.l(handlers.o)
    0x08002262   0x08002262   0x00000002   Code   RO         3622    i.__scatterload_null  mc_w.l(handlers.o)
    0x08002264   0x08002264   0x0000000e   Code   RO         3623    i.__scatterload_zeroinit  mc_w.l(handlers.o)
    0x08002272   0x08002272   0x00000002   PAD
    0x08002274   0x08002274   0x00000410   Code   RO         3534    i._printf_core      mc_w.l(printf8.o)
    0x08002684   0x08002684   0x00000024   Code   RO         3535    i._printf_post_padding  mc_w.l(printf8.o)
    0x080026a8   0x080026a8   0x0000002e   Code   RO         3536    i._printf_pre_padding  mc_w.l(printf8.o)
    0x080026d6   0x080026d6   0x00000002   PAD
    0x080026d8   0x080026d8   0x00000018   Code   RO          332    i.fputc             usart.o
    0x080026f0   0x080026f0   0x000001bc   Code   RO          219    i.main              main.o
    0x080028ac   0x080028ac   0x00000018   Data   RO         2386    .constdata          stm32g4xx_hal_uart.o
    0x080028c4   0x080028c4   0x00000010   Data   RO         2751    .constdata          stm32g4xx_hal_uart_ex.o
    0x080028d4   0x080028d4   0x00000010   Data   RO         3274    .constdata          system_stm32g4xx.o
    0x080028e4   0x080028e4   0x00000008   Data   RO         3275    .constdata          system_stm32g4xx.o
    0x080028ec   0x080028ec   0x00000020   Data   RO         3619    Region$$Table       anon$$obj.o


    Execution Region RW_IRAM1 (Exec base: 0x20000000, Load base: 0x0800290c, Size: 0x000017e8, Max: 0x00020000, ABSOLUTE)

    Exec Addr    Load Addr    Size         Type   Attr      Idx    E Section Name        Object

    0x20000000   0x0800290c   0x00000002   Data   RW           23    .data               w25qxx.o
    0x20000002   0x0800290e   0x00000002   PAD
    0x20000004   0x08002910   0x0000000c   Data   RW          825    .data               stm32g4xx_hal.o
    0x20000010   0x0800291c   0x00000004   Data   RW         3276    .data               system_stm32g4xx.o
    0x20000014   0x08002920   0x00000004   Data   RW         3595    .data               mc_w.l(stdout.o)
    0x20000018        -       0x00001000   Zero   RW           22    .bss                w25qxx.o
    0x20001018        -       0x0000004c   Zero   RW          288    .bss                quadspi.o
    0x20001064        -       0x00000090   Zero   RW          333    .bss                usart.o
    0x200010f4        -       0x000002f4   Zero   RW          390    .bss                usb.o
    0x200013e8        -       0x00000400   Zero   RW            1    STACK               startup_stm32g474xx.o


==============================================================================

Image component sizes


      Code (inc. data)   RO Data    RW Data    ZI Data      Debug   Object Name

       140          8          0          0          0        975   gpio.o
       592        268          0          0          0       2304   main.o
       168         24          0          0         76       1759   quadspi.o
        36          8        472          0       1024        840   startup_stm32g474xx.o
       126         20          0         12          0       3717   stm32g4xx_hal.o
       172         14          0          0          0      33174   stm32g4xx_hal_cortex.o
       466         34          0          0          0       2460   stm32g4xx_hal_gpio.o
        48          6          0          0          0        874   stm32g4xx_hal_msp.o
       178          0          0          0          0       1476   stm32g4xx_hal_pcd.o
        36          0          0          0          0       1142   stm32g4xx_hal_pcd_ex.o
       204         18          0          0          0       1417   stm32g4xx_hal_pwr_ex.o
      1112         10          0          0          0       7036   stm32g4xx_hal_qspi.o
      1696         92          0          0          0       6016   stm32g4xx_hal_rcc.o
       768         10          0          0          0       1972   stm32g4xx_hal_rcc_ex.o
      1422         70         24          0          0      25358   stm32g4xx_hal_uart.o
       282          6         16          0          0       3685   stm32g4xx_hal_uart_ex.o
        20          0          0          0          0       4226   stm32g4xx_it.o
        34          0          0          0          0       1808   stm32g4xx_ll_usb.o
        16          4         24          4          0       1147   system_stm32g4xx.o
       228         22          0          0        144       2322   usart.o
        96         20          0          0        756       1586   usb.o
       580         30          0          2       4096     818805   w25qxx.o

    ----------------------------------------------------------------------
      8436        664        568         20       6096     924099   Object Totals
         0          0         32          0          0          0   (incl. Generated)
        16          0          0          2          0          0   (incl. Padding)

    ----------------------------------------------------------------------

      Code (inc. data)   RO Data    RW Data    ZI Data      Debug   Library Member Name

         0          0          0          0          0          0   entry.o
         0          0          0          0          0          0   entry10a.o
         0          0          0          0          0          0   entry11a.o
         8          4          0          0          0          0   entry2.o
         4          0          0          0          0          0   entry5.o
         0          0          0          0          0          0   entry7b.o
         0          0          0          0          0          0   entry8b.o
         8          4          0          0          0          0   entry9a.o
        30          0          0          0          0          0   handlers.o
        36          8          0          0          0         68   init.o
        30          0          0          0          0         68   llshl.o
        32          0          0          0          0         68   llushr.o
        26          0          0          0          0         80   memcmp.o
        36          0          0          0          0         68   memcpya.o
        36          0          0          0          0        108   memseta.o
      1154         54          0          0          0        352   printf8.o
         0          0          0          4          0          0   stdout.o
        98          0          0          0          0         92   uldiv.o

    ----------------------------------------------------------------------
      1504         70          0          4          0        904   Library Totals
         6          0          0          0          0          0   (incl. Padding)

    ----------------------------------------------------------------------

      Code (inc. data)   RO Data    RW Data    ZI Data      Debug   Library Name

      1498         70          0          4          0        904   mc_w.l

    ----------------------------------------------------------------------
      1504         70          0          4          0        904   Library Totals

    ----------------------------------------------------------------------

==============================================================================


      Code (inc. data)   RO Data    RW Data    ZI Data      Debug   

      9940        734        568         24       6096     918591   Grand Totals
      9940        734        568         24       6096     918591   ELF Image Totals
      9940        734        568         24          0          0   ROM Totals

==============================================================================

    Total RO  Size (Code + RO Data)                10508 (  10.26kB)
    Total RW  Size (RW Data + ZI Data)              6120 (   5.98kB)
    Total ROM Size (Code + RO Data + RW Data)      10532 (  10.29kB)

==============================================================================

