<html>
<body>
<pre>
<h1>µVision Build Log</h1>
<h2>Tool Versions:</h2>
IDE-Version: ¦ÌVision V5.29.0.0
Copyright (C) 2019 ARM Ltd and ARM Germany GmbH. All rights reserved.
License Information: Administrator,  , LIC=47GU5-GQLMK-DY8V3-A0MUC-I2FWP-VULZ1
 
Tool Versions:
Toolchain:       MDK-ARM Plus  Version: 5.27.0.0
Toolchain Path:  C:\Keil_v5\ARM\ARMCC\Bin
C Compiler:      Armcc.exe V5.06 update 6 (build 750)
Assembler:       Armasm.exe V5.06 update 6 (build 750)
Linker/Locator:  ArmLink.exe V5.06 update 6 (build 750)
Library Manager: ArmAr.exe V5.06 update 6 (build 750)
Hex Converter:   FromElf.exe V5.06 update 6 (build 750)
CPU DLL:         SARMCM3.DLL V5.27.0.0
Dialog DLL:      DCM.DLL V1.17.2.0
Target DLL:      CMSIS_AGDI.dll V1.31.9.0
Dialog DLL:      TCM.DLL V1.36.1.0
 
<h2>Project:</h2>
H:\Github\STM32G474_board\SDK\QSPI_W25Q128\MDK-ARM\QSPI_W25Q128.uvprojx
Project File Date:  06/16/2021

<h2>Output:</h2>
*** Using Compiler 'V5.06 update 6 (build 750)', folder: 'C:\Keil_v5\ARM\ARMCC\Bin'
Build target 'QSPI_W25Q128'
compiling quadspi.c...
linking...
Program Size: Code=9940 RO-data=568 RW-data=24 ZI-data=6096  
FromELF: creating hex file...
"QSPI_W25Q128\QSPI_W25Q128.axf" - 0 Error(s), 0 Warning(s).

<h2>Software Packages used:</h2>

Package Vendor: ARM
                http://www.keil.com/pack/ARM.CMSIS.5.4.0.pack
                ARM.CMSIS.5.4.0
                CMSIS (Cortex Microcontroller Software Interface Standard)
   * Component: CORE Version: 5.1.2

Package Vendor: Keil
                http://www.keil.com/pack/Keil.STM32G4xx_DFP.1.3.0.pack
                Keil.STM32G4xx_DFP.1.3.0
                STMicroelectronics STM32G4 Series Device Support, Drivers and Examples

<h2>Collection of Component include folders:</h2>
  .\RTE\_QSPI_W25Q128
  C:\Keil_v5\ARM\PACK\ARM\CMSIS\5.4.0\CMSIS\Core\Include
  C:\Keil_v5\ARM\PACK\Keil\STM32G4xx_DFP\1.3.0\Drivers\CMSIS\Device\ST\STM32G4xx\Include

<h2>Collection of Component Files used:</h2>

   * Component: ARM::CMSIS:CORE:5.1.2
Build Time Elapsed:  00:00:04
</pre>
</body>
</html>
