Component: ARM Compiler 5.06 update 6 (build 750) Tool: armlink [4d35ed]

==============================================================================

Section Cross References

    startup_stm32g474xx.o(RESET) refers to startup_stm32g474xx.o(STACK) for __initial_sp
    startup_stm32g474xx.o(RESET) refers to startup_stm32g474xx.o(.text) for Reset_Handler
    startup_stm32g474xx.o(RESET) refers to stm32g4xx_it.o(i.NMI_Handler) for NMI_Handler
    startup_stm32g474xx.o(RESET) refers to stm32g4xx_it.o(i.HardFault_Handler) for HardFault_Handler
    startup_stm32g474xx.o(RESET) refers to stm32g4xx_it.o(i.MemManage_Handler) for MemManage_Handler
    startup_stm32g474xx.o(RESET) refers to stm32g4xx_it.o(i.BusFault_Handler) for BusFault_Handler
    startup_stm32g474xx.o(RESET) refers to stm32g4xx_it.o(i.UsageFault_Handler) for UsageFault_Handler
    startup_stm32g474xx.o(RESET) refers to stm32g4xx_it.o(i.SVC_Handler) for SVC_Handler
    startup_stm32g474xx.o(RESET) refers to stm32g4xx_it.o(i.DebugMon_Handler) for DebugMon_Handler
    startup_stm32g474xx.o(RESET) refers to stm32g4xx_it.o(i.PendSV_Handler) for PendSV_Handler
    startup_stm32g474xx.o(RESET) refers to stm32g4xx_it.o(i.SysTick_Handler) for SysTick_Handler
    startup_stm32g474xx.o(.text) refers to system_stm32g4xx.o(i.SystemInit) for SystemInit
    startup_stm32g474xx.o(.text) refers to entry.o(.ARM.Collect$$$$00000000) for __main
    oled.o(i.OLED_Clear) refers to oled.o(i.OLED_Write_Cmd) for OLED_Write_Cmd
    oled.o(i.OLED_Clear) refers to oled.o(i.OLED_Write_Dat) for OLED_Write_Dat
    oled.o(i.OLED_Display_Off) refers to oled.o(i.OLED_Write_Cmd) for OLED_Write_Cmd
    oled.o(i.OLED_Display_On) refers to oled.o(i.OLED_Write_Cmd) for OLED_Write_Cmd
    oled.o(i.OLED_DrawBMP) refers to oled.o(i.OLED_Set_Pos) for OLED_Set_Pos
    oled.o(i.OLED_DrawBMP) refers to oled.o(i.OLED_Write_Dat) for OLED_Write_Dat
    oled.o(i.OLED_Init) refers to stm32g4xx_hal.o(i.HAL_Delay) for HAL_Delay
    oled.o(i.OLED_Init) refers to oled.o(i.OLED_Write_Cmd) for OLED_Write_Cmd
    oled.o(i.OLED_Init) refers to oled.o(i.OLED_Clear) for OLED_Clear
    oled.o(i.OLED_Init) refers to oled.o(i.OLED_Set_Pos) for OLED_Set_Pos
    oled.o(i.OLED_On) refers to oled.o(i.OLED_Write_Cmd) for OLED_Write_Cmd
    oled.o(i.OLED_On) refers to oled.o(i.OLED_Write_Dat) for OLED_Write_Dat
    oled.o(i.OLED_Set_Pos) refers to oled.o(i.OLED_Write_Cmd) for OLED_Write_Cmd
    oled.o(i.OLED_ShowCHinese) refers to oled.o(i.OLED_Set_Pos) for OLED_Set_Pos
    oled.o(i.OLED_ShowCHinese) refers to oled.o(i.OLED_Write_Dat) for OLED_Write_Dat
    oled.o(i.OLED_ShowCHinese) refers to oled.o(.data) for .data
    oled.o(i.OLED_ShowChar) refers to oled.o(i.OLED_Set_Pos) for OLED_Set_Pos
    oled.o(i.OLED_ShowChar) refers to oled.o(i.OLED_Write_Dat) for OLED_Write_Dat
    oled.o(i.OLED_ShowChar) refers to oled.o(.constdata) for .constdata
    oled.o(i.OLED_ShowNum) refers to oled.o(i.OLED_ShowChar) for OLED_ShowChar
    oled.o(i.OLED_ShowString) refers to oled.o(i.OLED_ShowChar) for OLED_ShowChar
    oled.o(i.OLED_Write_Cmd) refers to stm32g4xx_hal_i2c.o(i.HAL_I2C_Master_Transmit) for HAL_I2C_Master_Transmit
    oled.o(i.OLED_Write_Cmd) refers to i2c.o(.bss) for hi2c3
    oled.o(i.OLED_Write_Dat) refers to stm32g4xx_hal_i2c.o(i.HAL_I2C_Master_Transmit) for HAL_I2C_Master_Transmit
    oled.o(i.OLED_Write_Dat) refers to i2c.o(.bss) for hi2c3
    bno055.o(i.BNO055_Init) refers to stm32g4xx_hal_gpio.o(i.HAL_GPIO_WritePin) for HAL_GPIO_WritePin
    bno055.o(i.BNO055_Init) refers to printf5.o(i.__0printf$5) for __2printf
    bno055.o(i.BNO055_Init) refers to stm32g4xx_hal.o(i.HAL_Delay) for HAL_Delay
    bno055.o(i.BNO055_Init) refers to stm32g4xx_hal_i2c.o(i.HAL_I2C_Master_Transmit) for HAL_I2C_Master_Transmit
    bno055.o(i.BNO055_Init) refers to stm32g4xx_hal_i2c.o(i.HAL_I2C_Master_Receive) for HAL_I2C_Master_Receive
    bno055.o(i.BNO055_Init) refers to i2c.o(.bss) for hi2c1
    bno055.o(i.BNO055_Read) refers to stm32g4xx_hal_i2c.o(i.HAL_I2C_Master_Transmit) for HAL_I2C_Master_Transmit
    bno055.o(i.BNO055_Read) refers to printf5.o(i.__0printf$5) for __2printf
    bno055.o(i.BNO055_Read) refers to stm32g4xx_hal_i2c.o(i.HAL_I2C_Master_Receive) for HAL_I2C_Master_Receive
    bno055.o(i.BNO055_Read) refers to i2c.o(.bss) for hi2c1
    main.o(i.SystemClock_Config) refers to memseta.o(.text) for __aeabi_memclr4
    main.o(i.SystemClock_Config) refers to stm32g4xx_hal_pwr_ex.o(i.HAL_PWREx_ControlVoltageScaling) for HAL_PWREx_ControlVoltageScaling
    main.o(i.SystemClock_Config) refers to stm32g4xx_hal_rcc.o(i.HAL_RCC_OscConfig) for HAL_RCC_OscConfig
    main.o(i.SystemClock_Config) refers to stm32g4xx_hal_rcc.o(i.HAL_RCC_ClockConfig) for HAL_RCC_ClockConfig
    main.o(i.SystemClock_Config) refers to stm32g4xx_hal_rcc_ex.o(i.HAL_RCCEx_PeriphCLKConfig) for HAL_RCCEx_PeriphCLKConfig
    main.o(i.main) refers to stm32g4xx_hal.o(i.HAL_Init) for HAL_Init
[...]
    Removing stm32g4xx_hal_dma.o(i.DMA_CalcDMAMUXRequestGenBaseAndMask), (36 bytes).
    Removing stm32g4xx_hal_dma.o(i.DMA_SetConfig), (62 bytes).
    Removing stm32g4xx_hal_dma.o(i.HAL_DMA_Abort), (106 bytes).
    Removing stm32g4xx_hal_dma.o(i.HAL_DMA_Abort_IT), (120 bytes).
    Removing stm32g4xx_hal_dma.o(i.HAL_DMA_DeInit), (168 bytes).
    Removing stm32g4xx_hal_dma.o(i.HAL_DMA_GetError), (4 bytes).
    Removing stm32g4xx_hal_dma.o(i.HAL_DMA_GetState), (6 bytes).
    Removing stm32g4xx_hal_dma.o(i.HAL_DMA_IRQHandler), (186 bytes).
    Removing stm32g4xx_hal_dma.o(i.HAL_DMA_Init), (192 bytes).
    Removing stm32g4xx_hal_dma.o(i.HAL_DMA_PollForTransfer), (274 bytes).
    Removing stm32g4xx_hal_dma.o(i.HAL_DMA_RegisterCallback), (74 bytes).
    Removing stm32g4xx_hal_dma.o(i.HAL_DMA_Start), (80 bytes).
    Removing stm32g4xx_hal_dma.o(i.HAL_DMA_Start_IT), (140 bytes).
    Removing stm32g4xx_hal_dma.o(i.HAL_DMA_UnRegisterCallback), (82 bytes).
    Removing stm32g4xx_hal_dma_ex.o(.rev16_text), (4 bytes).
    Removing stm32g4xx_hal_dma_ex.o(.revsh_text), (4 bytes).
    Removing stm32g4xx_hal_dma_ex.o(.rrx_text), (6 bytes).
    Removing stm32g4xx_hal_dma_ex.o(i.HAL_DMAEx_ConfigMuxRequestGenerator), (76 bytes).
    Removing stm32g4xx_hal_dma_ex.o(i.HAL_DMAEx_ConfigMuxSync), (84 bytes).
    Removing stm32g4xx_hal_dma_ex.o(i.HAL_DMAEx_DisableMuxRequestGenerator), (26 bytes).
    Removing stm32g4xx_hal_dma_ex.o(i.HAL_DMAEx_EnableMuxRequestGenerator), (26 bytes).
    Removing stm32g4xx_hal_dma_ex.o(i.HAL_DMAEx_MUX_IRQHandler), (100 bytes).
    Removing stm32g4xx_hal_pwr.o(.rev16_text), (4 bytes).
    Removing stm32g4xx_hal_pwr.o(.revsh_text), (4 bytes).
    Removing stm32g4xx_hal_pwr.o(.rrx_text), (6 bytes).
    Removing stm32g4xx_hal_pwr.o(i.HAL_PWR_ConfigPVD), (128 bytes).
    Removing stm32g4xx_hal_pwr.o(i.HAL_PWR_DeInit), (24 bytes).
    Removing stm32g4xx_hal_pwr.o(i.HAL_PWR_DisableBkUpAccess), (16 bytes).
    Removing stm32g4xx_hal_pwr.o(i.HAL_PWR_DisablePVD), (16 bytes).
    Removing stm32g4xx_hal_pwr.o(i.HAL_PWR_DisableSEVOnPend), (16 bytes).
    Removing stm32g4xx_hal_pwr.o(i.HAL_PWR_DisableSleepOnExit), (16 bytes).
    Removing stm32g4xx_hal_pwr.o(i.HAL_PWR_DisableWakeUpPin), (20 bytes).
    Removing stm32g4xx_hal_pwr.o(i.HAL_PWR_EnableBkUpAccess), (16 bytes).
    Removing stm32g4xx_hal_pwr.o(i.HAL_PWR_EnablePVD), (16 bytes).
    Removing stm32g4xx_hal_pwr.o(i.HAL_PWR_EnableSEVOnPend), (16 bytes).
    Removing stm32g4xx_hal_pwr.o(i.HAL_PWR_EnableSleepOnExit), (16 bytes).
    Removing stm32g4xx_hal_pwr.o(i.HAL_PWR_EnableWakeUpPin), (28 bytes).
    Removing stm32g4xx_hal_pwr.o(i.HAL_PWR_EnterSLEEPMode), (68 bytes).
    Removing stm32g4xx_hal_pwr.o(i.HAL_PWR_EnterSTANDBYMode), (36 bytes).
    Removing stm32g4xx_hal_pwr.o(i.HAL_PWR_EnterSTOPMode), (16 bytes).
    Removing stm32g4xx_hal_pwr.o(i.HAL_PWR_PVDCallback), (2 bytes).
    Removing stm32g4xx_hal_pwr_ex.o(.rev16_text), (4 bytes).
    Removing stm32g4xx_hal_pwr_ex.o(.revsh_text), (4 bytes).
    Removing stm32g4xx_hal_pwr_ex.o(.rrx_text), (6 bytes).
    Removing stm32g4xx_hal_pwr_ex.o(i.HAL_PWREx_ConfigPVM), (400 bytes).
    Removing stm32g4xx_hal_pwr_ex.o(i.HAL_PWREx_DisableBatteryCharging), (16 bytes).
    Removing stm32g4xx_hal_pwr_ex.o(i.HAL_PWREx_DisableGPIOPullDown), (104 bytes).
    Removing stm32g4xx_hal_pwr_ex.o(i.HAL_PWREx_DisableGPIOPullUp), (100 bytes).
    Removing stm32g4xx_hal_pwr_ex.o(i.HAL_PWREx_DisableInternalWakeUpLine), (16 bytes).
    Removing stm32g4xx_hal_pwr_ex.o(i.HAL_PWREx_DisableLowPowerRunMode), (64 bytes).
    Removing stm32g4xx_hal_pwr_ex.o(i.HAL_PWREx_DisablePVM1), (16 bytes).
    Removing stm32g4xx_hal_pwr_ex.o(i.HAL_PWREx_DisablePVM2), (16 bytes).
    Removing stm32g4xx_hal_pwr_ex.o(i.HAL_PWREx_DisablePVM3), (16 bytes).
    Removing stm32g4xx_hal_pwr_ex.o(i.HAL_PWREx_DisablePVM4), (16 bytes).
    Removing stm32g4xx_hal_pwr_ex.o(i.HAL_PWREx_DisablePullUpPullDownConfig), (16 bytes).
    Removing stm32g4xx_hal_pwr_ex.o(i.HAL_PWREx_DisableSRAM2ContentRetention), (16 bytes).
    Removing stm32g4xx_hal_pwr_ex.o(i.HAL_PWREx_DisableUCPDStandbyMode), (16 bytes).
    Removing stm32g4xx_hal_pwr_ex.o(i.HAL_PWREx_EnableBatteryCharging), (28 bytes).
    Removing stm32g4xx_hal_pwr_ex.o(i.HAL_PWREx_EnableGPIOPullDown), (152 bytes).
    Removing stm32g4xx_hal_pwr_ex.o(i.HAL_PWREx_EnableGPIOPullUp), (152 bytes).
    Removing stm32g4xx_hal_pwr_ex.o(i.HAL_PWREx_EnableInternalWakeUpLine), (16 bytes).
    Removing stm32g4xx_hal_pwr_ex.o(i.HAL_PWREx_EnableLowPowerRunMode), (16 bytes).
    Removing stm32g4xx_hal_pwr_ex.o(i.HAL_PWREx_EnablePVM1), (16 bytes).
    Removing stm32g4xx_hal_pwr_ex.o(i.HAL_PWREx_EnablePVM2), (16 bytes).
    Removing stm32g4xx_hal_pwr_ex.o(i.HAL_PWREx_EnablePVM3), (16 bytes).
    Removing stm32g4xx_hal_pwr_ex.o(i.HAL_PWREx_EnablePVM4), (16 bytes).
    Removing stm32g4xx_hal_pwr_ex.o(i.HAL_PWREx_EnablePullUpPullDownConfig), (16 bytes).
    Removing stm32g4xx_hal_pwr_ex.o(i.HAL_PWREx_EnableSRAM2ContentRetention), (16 bytes).
    Removing stm32g4xx_hal_pwr_ex.o(i.HAL_PWREx_EnableUCPDDeadBattery), (16 bytes).
    Removing stm32g4xx_hal_pwr_ex.o(i.HAL_PWREx_EnableUCPDStandbyMode), (16 bytes).
    Removing stm32g4xx_hal_pwr_ex.o(i.HAL_PWREx_EnterSHUTDOWNMode), (36 bytes).
    Removing stm32g4xx_hal_pwr_ex.o(i.HAL_PWREx_EnterSTOP0Mode), (52 bytes).
    Removing stm32g4xx_hal_pwr_ex.o(i.HAL_PWREx_EnterSTOP1Mode), (56 bytes).
    Removing stm32g4xx_hal_pwr_ex.o(i.HAL_PWREx_GetVoltageRange), (40 bytes).
    Removing stm32g4xx_hal_pwr_ex.o(i.HAL_PWREx_PVD_PVM_IRQHandler), (88 bytes).
    Removing stm32g4xx_hal_pwr_ex.o(i.HAL_PWREx_PVM1Callback), (2 bytes).
    Removing stm32g4xx_hal_pwr_ex.o(i.HAL_PWREx_PVM2Callback), (2 bytes).
    Removing stm32g4xx_hal_pwr_ex.o(i.HAL_PWREx_PVM3Callback), (2 bytes).
    Removing stm32g4xx_hal_pwr_ex.o(i.HAL_PWREx_PVM4Callback), (2 bytes).
    Removing stm32g4xx_hal_cortex.o(.rev16_text), (4 bytes).
    Removing stm32g4xx_hal_cortex.o(.revsh_text), (4 bytes).
    Removing stm32g4xx_hal_cortex.o(.rrx_text), (6 bytes).
    Removing stm32g4xx_hal_cortex.o(i.HAL_MPU_ConfigRegion), (84 bytes).
    Removing stm32g4xx_hal_cortex.o(i.HAL_MPU_Disable), (16 bytes).
    Removing stm32g4xx_hal_cortex.o(i.HAL_MPU_Enable), (24 bytes).
    Removing stm32g4xx_hal_cortex.o(i.HAL_NVIC_ClearPendingIRQ), (26 bytes).
    Removing stm32g4xx_hal_cortex.o(i.HAL_NVIC_DisableIRQ), (34 bytes).
    Removing stm32g4xx_hal_cortex.o(i.HAL_NVIC_EnableIRQ), (26 bytes).
    Removing stm32g4xx_hal_cortex.o(i.HAL_NVIC_GetActive), (36 bytes).
    Removing stm32g4xx_hal_cortex.o(i.HAL_NVIC_GetPendingIRQ), (36 bytes).
    Removing stm32g4xx_hal_cortex.o(i.HAL_NVIC_GetPriority), (82 bytes).
    Removing stm32g4xx_hal_cortex.o(i.HAL_NVIC_GetPriorityGrouping), (16 bytes).
    Removing stm32g4xx_hal_cortex.o(i.HAL_NVIC_SetPendingIRQ), (26 bytes).
    Removing stm32g4xx_hal_cortex.o(i.HAL_NVIC_SystemReset), (36 bytes).
    Removing stm32g4xx_hal_cortex.o(i.HAL_SYSTICK_CLKSourceConfig), (24 bytes).
    Removing stm32g4xx_hal_cortex.o(i.HAL_SYSTICK_Callback), (2 bytes).
    Removing stm32g4xx_hal_cortex.o(i.HAL_SYSTICK_IRQHandler), (8 bytes).
    Removing stm32g4xx_hal_qspi.o(.rev16_text), (4 bytes).
    Removing stm32g4xx_hal_qspi.o(.revsh_text), (4 bytes).
    Removing stm32g4xx_hal_qspi.o(.rrx_text), (6 bytes).
    Removing stm32g4xx_hal_qspi.o(i.HAL_QSPI_Abort), (134 bytes).
    Removing stm32g4xx_hal_qspi.o(i.HAL_QSPI_AbortCpltCallback), (2 bytes).
    Removing stm32g4xx_hal_qspi.o(i.HAL_QSPI_Abort_IT), (112 bytes).
    Removing stm32g4xx_hal_qspi.o(i.HAL_QSPI_AutoPolling), (172 bytes).
    Removing stm32g4xx_hal_qspi.o(i.HAL_QSPI_AutoPolling_IT), (160 bytes).
    Removing stm32g4xx_hal_qspi.o(i.HAL_QSPI_CmdCpltCallback), (2 bytes).
    Removing stm32g4xx_hal_qspi.o(i.HAL_QSPI_Command), (134 bytes).
    Removing stm32g4xx_hal_qspi.o(i.HAL_QSPI_Command_IT), (128 bytes).
    Removing stm32g4xx_hal_qspi.o(i.HAL_QSPI_DeInit), (58 bytes).
    Removing stm32g4xx_hal_qspi.o(i.HAL_QSPI_ErrorCallback), (2 bytes).
    Removing stm32g4xx_hal_qspi.o(i.HAL_QSPI_FifoThresholdCallback), (2 bytes).
    Removing stm32g4xx_hal_qspi.o(i.HAL_QSPI_GetError), (4 bytes).
    Removing stm32g4xx_hal_qspi.o(i.HAL_QSPI_GetFifoThreshold), (12 bytes).
    Removing stm32g4xx_hal_qspi.o(i.HAL_QSPI_GetState), (6 bytes).
    Removing stm32g4xx_hal_qspi.o(i.HAL_QSPI_IRQHandler), (484 bytes).
    Removing stm32g4xx_hal_qspi.o(i.HAL_QSPI_MemoryMapped), (140 bytes).
    Removing stm32g4xx_hal_qspi.o(i.HAL_QSPI_MspDeInit), (2 bytes).
    Removing stm32g4xx_hal_qspi.o(i.HAL_QSPI_MspInit), (2 bytes).
    Removing stm32g4xx_hal_qspi.o(i.HAL_QSPI_Receive), (190 bytes).
    Removing stm32g4xx_hal_qspi.o(i.HAL_QSPI_Receive_DMA), (276 bytes).
    Removing stm32g4xx_hal_qspi.o(i.HAL_QSPI_Receive_IT), (120 bytes).
    Removing stm32g4xx_hal_qspi.o(i.HAL_QSPI_RxCpltCallback), (2 bytes).
    Removing stm32g4xx_hal_qspi.o(i.HAL_QSPI_RxHalfCpltCallback), (2 bytes).
    Removing stm32g4xx_hal_qspi.o(i.HAL_QSPI_SetFifoThreshold), (66 bytes).
    Removing stm32g4xx_hal_qspi.o(i.HAL_QSPI_SetFlashID), (58 bytes).
    Removing stm32g4xx_hal_qspi.o(i.HAL_QSPI_SetTimeout), (4 bytes).
    Removing stm32g4xx_hal_qspi.o(i.HAL_QSPI_StatusMatchCallback), (2 bytes).
    Removing stm32g4xx_hal_qspi.o(i.HAL_QSPI_TimeOutCallback), (2 bytes).
    Removing stm32g4xx_hal_qspi.o(i.HAL_QSPI_Transmit), (182 bytes).
    Removing stm32g4xx_hal_qspi.o(i.HAL_QSPI_Transmit_DMA), (256 bytes).
    Removing stm32g4xx_hal_qspi.o(i.HAL_QSPI_Transmit_IT), (110 bytes).
    Removing stm32g4xx_hal_qspi.o(i.HAL_QSPI_TxCpltCallback), (2 bytes).
    Removing stm32g4xx_hal_qspi.o(i.HAL_QSPI_TxHalfCpltCallback), (2 bytes).
    Removing stm32g4xx_hal_qspi.o(i.QSPI_Config), (350 bytes).
    Removing stm32g4xx_hal_qspi.o(i.QSPI_DMAAbortCplt), (58 bytes).
    Removing stm32g4xx_hal_qspi.o(i.QSPI_DMAError), (30 bytes).
    Removing stm32g4xx_hal_qspi.o(i.QSPI_DMARxCplt), (18 bytes).
    Removing stm32g4xx_hal_qspi.o(i.QSPI_DMARxHalfCplt), (10 bytes).
    Removing stm32g4xx_hal_qspi.o(i.QSPI_DMATxCplt), (18 bytes).
    Removing stm32g4xx_hal_qspi.o(i.QSPI_DMATxHalfCplt), (10 bytes).
    Removing stm32g4xx_hal_tim.o(.rev16_text), (4 bytes).
    Removing stm32g4xx_hal_tim.o(.revsh_text), (4 bytes).
    Removing stm32g4xx_hal_tim.o(.rrx_text), (6 bytes).
    Removing stm32g4xx_hal_tim_ex.o(.rev16_text), (4 bytes).
    Removing stm32g4xx_hal_tim_ex.o(.revsh_text), (4 bytes).
    Removing stm32g4xx_hal_tim_ex.o(.rrx_text), (6 bytes).
    Removing stm32g4xx_hal_uart.o(.rev16_text), (4 bytes).
    Removing stm32g4xx_hal_uart.o(.revsh_text), (4 bytes).
    Removing stm32g4xx_hal_uart.o(.rrx_text), (6 bytes).
    Removing stm32g4xx_hal_uart.o(i.HAL_HalfDuplex_EnableReceiver), (58 bytes).
    Removing stm32g4xx_hal_uart.o(i.HAL_HalfDuplex_EnableTransmitter), (58 bytes).
    Removing stm32g4xx_hal_uart.o(i.HAL_HalfDuplex_Init), (116 bytes).
    Removing stm32g4xx_hal_uart.o(i.HAL_LIN_Init), (140 bytes).
    Removing stm32g4xx_hal_uart.o(i.HAL_LIN_SendBreak), (46 bytes).
    Removing stm32g4xx_hal_uart.o(i.HAL_MultiProcessor_DisableMuteMode), (44 bytes).
    Removing stm32g4xx_hal_uart.o(i.HAL_MultiProcessor_EnableMuteMode), (44 bytes).
    Removing stm32g4xx_hal_uart.o(i.HAL_MultiProcessor_EnterMuteMode), (12 bytes).
    Removing stm32g4xx_hal_uart.o(i.HAL_MultiProcessor_Init), (138 bytes).
    Removing stm32g4xx_hal_uart.o(i.HAL_UARTEx_RxEventCallback), (2 bytes).
    Removing stm32g4xx_hal_uart.o(i.HAL_UART_Abort), (204 bytes).
    Removing stm32g4xx_hal_uart.o(i.HAL_UART_AbortCpltCallback), (2 bytes).
    Removing stm32g4xx_hal_uart.o(i.HAL_UART_AbortReceive), (132 bytes).
    Removing stm32g4xx_hal_uart.o(i.HAL_UART_AbortReceiveCpltCallback), (2 bytes).
    Removing stm32g4xx_hal_uart.o(i.HAL_UART_AbortReceive_IT), (148 bytes).
    Removing stm32g4xx_hal_uart.o(i.HAL_UART_AbortTransmit), (112 bytes).
    Removing stm32g4xx_hal_uart.o(i.HAL_UART_AbortTransmitCpltCallback), (2 bytes).
    Removing stm32g4xx_hal_uart.o(i.HAL_UART_AbortTransmit_IT), (120 bytes).
    Removing stm32g4xx_hal_uart.o(i.HAL_UART_Abort_IT), (236 bytes).
    Removing stm32g4xx_hal_uart.o(i.HAL_UART_DMAPause), (100 bytes).
    Removing stm32g4xx_hal_uart.o(i.HAL_UART_DMAResume), (92 bytes).
    Removing stm32g4xx_hal_uart.o(i.HAL_UART_DMAStop), (120 bytes).
    Removing stm32g4xx_hal_uart.o(i.HAL_UART_DeInit), (68 bytes).
    Removing stm32g4xx_hal_uart.o(i.HAL_UART_DisableReceiverTimeout), (68 bytes).
    Removing stm32g4xx_hal_uart.o(i.HAL_UART_EnableReceiverTimeout), (68 bytes).
    Removing stm32g4xx_hal_uart.o(i.HAL_UART_ErrorCallback), (2 bytes).
    Removing stm32g4xx_hal_uart.o(i.HAL_UART_GetError), (6 bytes).
    Removing stm32g4xx_hal_uart.o(i.HAL_UART_GetState), (12 bytes).
    Removing stm32g4xx_hal_uart.o(i.HAL_UART_IRQHandler), (644 bytes).
    Removing stm32g4xx_hal_uart.o(i.HAL_UART_MspDeInit), (2 bytes).
    Removing stm32g4xx_hal_uart.o(i.HAL_UART_MspInit), (2 bytes).
    Removing stm32g4xx_hal_uart.o(i.HAL_UART_Receive), (250 bytes).
    Removing stm32g4xx_hal_uart.o(i.HAL_UART_Receive_DMA), (76 bytes).
    Removing stm32g4xx_hal_uart.o(i.HAL_UART_Receive_IT), (76 bytes).
    Removing stm32g4xx_hal_uart.o(i.HAL_UART_ReceiverTimeout_Config), (24 bytes).
    Removing stm32g4xx_hal_uart.o(i.HAL_UART_RxCpltCallback), (2 bytes).
    Removing stm32g4xx_hal_uart.o(i.HAL_UART_RxHalfCpltCallback), (2 bytes).
    Removing stm32g4xx_hal_uart.o(i.HAL_UART_Transmit_DMA), (152 bytes).
    Removing stm32g4xx_hal_uart.o(i.HAL_UART_Transmit_IT), (156 bytes).
    Removing stm32g4xx_hal_uart.o(i.HAL_UART_TxCpltCallback), (2 bytes).
    Removing stm32g4xx_hal_uart.o(i.HAL_UART_TxHalfCpltCallback), (2 bytes).
    Removing stm32g4xx_hal_uart.o(i.UART_DMAAbortOnError), (20 bytes).
    Removing stm32g4xx_hal_uart.o(i.UART_DMAError), (80 bytes).
    Removing stm32g4xx_hal_uart.o(i.UART_DMAReceiveCplt), (94 bytes).
    Removing stm32g4xx_hal_uart.o(i.UART_DMARxAbortCallback), (66 bytes).
    Removing stm32g4xx_hal_uart.o(i.UART_DMARxHalfCplt), (28 bytes).
    Removing stm32g4xx_hal_uart.o(i.UART_DMARxOnlyAbortCallback), (40 bytes).
    Removing stm32g4xx_hal_uart.o(i.UART_DMATransmitCplt), (48 bytes).
    Removing stm32g4xx_hal_uart.o(i.UART_DMATxAbortCallback), (74 bytes).
    Removing stm32g4xx_hal_uart.o(i.UART_DMATxHalfCplt), (10 bytes).
    Removing stm32g4xx_hal_uart.o(i.UART_DMATxOnlyAbortCallback), (40 bytes).
    Removing stm32g4xx_hal_uart.o(i.UART_EndRxTransfer), (56 bytes).
    Removing stm32g4xx_hal_uart.o(i.UART_EndTxTransfer), (28 bytes).
    Removing stm32g4xx_hal_uart.o(i.UART_RxISR_16BIT), (128 bytes).
    Removing stm32g4xx_hal_uart.o(i.UART_RxISR_16BIT_FIFOEN), (316 bytes).
    Removing stm32g4xx_hal_uart.o(i.UART_RxISR_8BIT), (128 bytes).
    Removing stm32g4xx_hal_uart.o(i.UART_RxISR_8BIT_FIFOEN), (316 bytes).
    Removing stm32g4xx_hal_uart.o(i.UART_Start_Receive_DMA), (132 bytes).
    Removing stm32g4xx_hal_uart.o(i.UART_Start_Receive_IT), (216 bytes).
    Removing stm32g4xx_hal_uart.o(i.UART_TxISR_16BIT), (66 bytes).
    Removing stm32g4xx_hal_uart.o(i.UART_TxISR_16BIT_FIFOEN), (88 bytes).
    Removing stm32g4xx_hal_uart.o(i.UART_TxISR_8BIT), (62 bytes).
    Removing stm32g4xx_hal_uart.o(i.UART_TxISR_8BIT_FIFOEN), (84 bytes).
    Removing stm32g4xx_hal_uart_ex.o(.rev16_text), (4 bytes).
    Removing stm32g4xx_hal_uart_ex.o(.revsh_text), (4 bytes).
    Removing stm32g4xx_hal_uart_ex.o(.rrx_text), (6 bytes).
    Removing stm32g4xx_hal_uart_ex.o(i.HAL_MultiProcessorEx_AddressLength_Set), (48 bytes).
    Removing stm32g4xx_hal_uart_ex.o(i.HAL_RS485Ex_Init), (140 bytes).
    Removing stm32g4xx_hal_uart_ex.o(i.HAL_UARTEx_DisableStopMode), (38 bytes).
    Removing stm32g4xx_hal_uart_ex.o(i.HAL_UARTEx_EnableFifoMode), (74 bytes).
    Removing stm32g4xx_hal_uart_ex.o(i.HAL_UARTEx_EnableStopMode), (38 bytes).
    Removing stm32g4xx_hal_uart_ex.o(i.HAL_UARTEx_ReceiveToIdle), (308 bytes).
    Removing stm32g4xx_hal_uart_ex.o(i.HAL_UARTEx_ReceiveToIdle_DMA), (74 bytes).
    Removing stm32g4xx_hal_uart_ex.o(i.HAL_UARTEx_ReceiveToIdle_IT), (74 bytes).
    Removing stm32g4xx_hal_uart_ex.o(i.HAL_UARTEx_RxFifoFullCallback), (2 bytes).
    Removing stm32g4xx_hal_uart_ex.o(i.HAL_UARTEx_StopModeWakeUpSourceConfig), (138 bytes).
    Removing stm32g4xx_hal_uart_ex.o(i.HAL_UARTEx_TxFifoEmptyCallback), (2 bytes).
    Removing stm32g4xx_hal_uart_ex.o(i.HAL_UARTEx_WakeupCallback), (2 bytes).
    Removing stm32g4xx_hal_pcd.o(.rev16_text), (4 bytes).
    Removing stm32g4xx_hal_pcd.o(.revsh_text), (4 bytes).
    Removing stm32g4xx_hal_pcd.o(.rrx_text), (6 bytes).
    Removing stm32g4xx_hal_pcd.o(i.HAL_PCD_ActivateRemoteWakeup), (6 bytes).
    Removing stm32g4xx_hal_pcd.o(i.HAL_PCD_ConnectCallback), (2 bytes).
    Removing stm32g4xx_hal_pcd.o(i.HAL_PCD_DataInStageCallback), (2 bytes).
    Removing stm32g4xx_hal_pcd.o(i.HAL_PCD_DataOutStageCallback), (2 bytes).
    Removing stm32g4xx_hal_pcd.o(i.HAL_PCD_DeActivateRemoteWakeup), (6 bytes).
    Removing stm32g4xx_hal_pcd.o(i.HAL_PCD_DeInit), (38 bytes).
    Removing stm32g4xx_hal_pcd.o(i.HAL_PCD_DevConnect), (36 bytes).
    Removing stm32g4xx_hal_pcd.o(i.HAL_PCD_DevDisconnect), (36 bytes).
    Removing stm32g4xx_hal_pcd.o(i.HAL_PCD_DisconnectCallback), (2 bytes).
    Removing stm32g4xx_hal_pcd.o(i.HAL_PCD_EP_Close), (76 bytes).
    Removing stm32g4xx_hal_pcd.o(i.HAL_PCD_EP_ClrStall), (92 bytes).
    Removing stm32g4xx_hal_pcd.o(i.HAL_PCD_EP_DB_Receive), (220 bytes).
    Removing stm32g4xx_hal_pcd.o(i.HAL_PCD_EP_DB_Transmit), (816 bytes).
    Removing stm32g4xx_hal_pcd.o(i.HAL_PCD_EP_Flush), (4 bytes).
    Removing stm32g4xx_hal_pcd.o(i.HAL_PCD_EP_GetRxCount), (18 bytes).
    Removing stm32g4xx_hal_pcd.o(i.HAL_PCD_EP_Open), (96 bytes).
    Removing stm32g4xx_hal_pcd.o(i.HAL_PCD_EP_Receive), (50 bytes).
    Removing stm32g4xx_hal_pcd.o(i.HAL_PCD_EP_SetStall), (96 bytes).
    Removing stm32g4xx_hal_pcd.o(i.HAL_PCD_EP_Transmit), (52 bytes).
    Removing stm32g4xx_hal_pcd.o(i.HAL_PCD_GetState), (6 bytes).
    Removing stm32g4xx_hal_pcd.o(i.HAL_PCD_IRQHandler), (368 bytes).
    Removing stm32g4xx_hal_pcd.o(i.HAL_PCD_ISOINIncompleteCallback), (2 bytes).
    Removing stm32g4xx_hal_pcd.o(i.HAL_PCD_ISOOUTIncompleteCallback), (2 bytes).
    Removing stm32g4xx_hal_pcd.o(i.HAL_PCD_MspDeInit), (2 bytes).
    Removing stm32g4xx_hal_pcd.o(i.HAL_PCD_MspInit), (2 bytes).
    Removing stm32g4xx_hal_pcd.o(i.HAL_PCD_ResetCallback), (2 bytes).
    Removing stm32g4xx_hal_pcd.o(i.HAL_PCD_ResumeCallback), (2 bytes).
    Removing stm32g4xx_hal_pcd.o(i.HAL_PCD_SOFCallback), (2 bytes).
    Removing stm32g4xx_hal_pcd.o(i.HAL_PCD_SetAddress), (40 bytes).
    Removing stm32g4xx_hal_pcd.o(i.HAL_PCD_SetupStageCallback), (2 bytes).
    Removing stm32g4xx_hal_pcd.o(i.HAL_PCD_Start), (42 bytes).
    Removing stm32g4xx_hal_pcd.o(i.HAL_PCD_Stop), (42 bytes).
    Removing stm32g4xx_hal_pcd.o(i.HAL_PCD_SuspendCallback), (2 bytes).
    Removing stm32g4xx_hal_pcd.o(i.PCD_EP_ISR_Handler), (734 bytes).
    Removing stm32g4xx_hal_pcd_ex.o(.rev16_text), (4 bytes).
    Removing stm32g4xx_hal_pcd_ex.o(.revsh_text), (4 bytes).
    Removing stm32g4xx_hal_pcd_ex.o(.rrx_text), (6 bytes).
    Removing stm32g4xx_hal_pcd_ex.o(i.HAL_PCDEx_ActivateBCD), (46 bytes).
    Removing stm32g4xx_hal_pcd_ex.o(i.HAL_PCDEx_BCD_Callback), (2 bytes).
    Removing stm32g4xx_hal_pcd_ex.o(i.HAL_PCDEx_BCD_VBUSDetect), (172 bytes).
    Removing stm32g4xx_hal_pcd_ex.o(i.HAL_PCDEx_DeActivateBCD), (22 bytes).
    Removing stm32g4xx_hal_pcd_ex.o(i.HAL_PCDEx_DeActivateLPM), (30 bytes).
    Removing stm32g4xx_hal_pcd_ex.o(i.HAL_PCDEx_LPM_Callback), (2 bytes).
    Removing stm32g4xx_hal_pcd_ex.o(i.HAL_PCDEx_PMAConfig), (60 bytes).
    Removing stm32g4xx_ll_usb.o(.rev16_text), (4 bytes).
    Removing stm32g4xx_ll_usb.o(.revsh_text), (4 bytes).
    Removing stm32g4xx_ll_usb.o(.rrx_text), (6 bytes).
    Removing stm32g4xx_ll_usb.o(i.USB_ActivateEndpoint), (600 bytes).
    Removing stm32g4xx_ll_usb.o(i.USB_ActivateRemoteWakeup), (14 bytes).
    Removing stm32g4xx_ll_usb.o(i.USB_CoreInit), (4 bytes).
    Removing stm32g4xx_ll_usb.o(i.USB_DeActivateRemoteWakeup), (14 bytes).
    Removing stm32g4xx_ll_usb.o(i.USB_DeactivateEndpoint), (270 bytes).
    Removing stm32g4xx_ll_usb.o(i.USB_DevConnect), (14 bytes).
    Removing stm32g4xx_ll_usb.o(i.USB_DevDisconnect), (14 bytes).
    Removing stm32g4xx_ll_usb.o(i.USB_EPClearStall), (120 bytes).
    Removing stm32g4xx_ll_usb.o(i.USB_EPSetStall), (50 bytes).
    Removing stm32g4xx_ll_usb.o(i.USB_EPStartXfer), (1548 bytes).
    Removing stm32g4xx_ll_usb.o(i.USB_EnableGlobalInt), (18 bytes).
    Removing stm32g4xx_ll_usb.o(i.USB_ReadInterrupts), (6 bytes).
    Removing stm32g4xx_ll_usb.o(i.USB_ReadPMA), (40 bytes).
    Removing stm32g4xx_ll_usb.o(i.USB_SetCurrentMode), (4 bytes).
    Removing stm32g4xx_ll_usb.o(i.USB_SetDevAddress), (12 bytes).
    Removing stm32g4xx_ll_usb.o(i.USB_StopDevice), (18 bytes).
    Removing stm32g4xx_ll_usb.o(i.USB_WritePMA), (38 bytes).
    Removing system_stm32g4xx.o(.rev16_text), (4 bytes).
    Removing system_stm32g4xx.o(.revsh_text), (4 bytes).
    Removing system_stm32g4xx.o(.rrx_text), (6 bytes).
    Removing system_stm32g4xx.o(i.SystemCoreClockUpdate), (128 bytes).
    Removing dadd.o(.text), (334 bytes).
    Removing dmul.o(.text), (228 bytes).
    Removing ddiv.o(.text), (222 bytes).
    Removing dfixul.o(.text), (48 bytes).
    Removing cdrcmple.o(.text), (48 bytes).
    Removing depilogue.o(.text), (186 bytes).

565 unused section(s) (total 46446 bytes) removed from the image.

==============================================================================

Image Symbol Table

    Local Symbols

    Symbol Name                              Value     Ov Type        Size  Object(Section)

    ../Core/Src/gpio.c                       0x00000000   Number         0  gpio.o ABSOLUTE
    ../Core/Src/i2c.c                        0x00000000   Number         0  i2c.o ABSOLUTE
    ../Core/Src/main.c                       0x00000000   Number         0  main.o ABSOLUTE
    ../Core/Src/quadspi.c                    0x00000000   Number         0  quadspi.o ABSOLUTE
    ../Core/Src/stm32g4xx_hal_msp.c          0x00000000   Number         0  stm32g4xx_hal_msp.o ABSOLUTE
    ../Core/Src/stm32g4xx_it.c               0x00000000   Number         0  stm32g4xx_it.o ABSOLUTE
    ../Core/Src/system_stm32g4xx.c           0x00000000   Number         0  system_stm32g4xx.o ABSOLUTE
    ../Core/Src/usart.c                      0x00000000   Number         0  usart.o ABSOLUTE
    ../Core/Src/usb.c                        0x00000000   Number         0  usb.o ABSOLUTE
    ../Drivers/STM32G4xx_HAL_Driver/Src/stm32g4xx_hal.c 0x00000000   Number         0  stm32g4xx_hal.o ABSOLUTE
    ../Drivers/STM32G4xx_HAL_Driver/Src/stm32g4xx_hal_cortex.c 0x00000000   Number         0  stm32g4xx_hal_cortex.o ABSOLUTE
    ../Drivers/STM32G4xx_HAL_Driver/Src/stm32g4xx_hal_dma.c 0x00000000   Number         0  stm32g4xx_hal_dma.o ABSOLUTE
    ../Drivers/STM32G4xx_HAL_Driver/Src/stm32g4xx_hal_dma_ex.c 0x00000000   Number         0  stm32g4xx_hal_dma_ex.o ABSOLUTE
    ../Drivers/STM32G4xx_HAL_Driver/Src/stm32g4xx_hal_exti.c 0x00000000   Number         0  stm32g4xx_hal_exti.o ABSOLUTE
    ../Drivers/STM32G4xx_HAL_Driver/Src/stm32g4xx_hal_flash.c 0x00000000   Number         0  stm32g4xx_hal_flash.o ABSOLUTE
    ../Drivers/STM32G4xx_HAL_Driver/Src/stm32g4xx_hal_flash_ex.c 0x00000000   Number         0  stm32g4xx_hal_flash_ex.o ABSOLUTE
    ../Drivers/STM32G4xx_HAL_Driver/Src/stm32g4xx_hal_flash_ramfunc.c 0x00000000   Number         0  stm32g4xx_hal_flash_ramfunc.o ABSOLUTE
    ../Drivers/STM32G4xx_HAL_Driver/Src/stm32g4xx_hal_gpio.c 0x00000000   Number         0  stm32g4xx_hal_gpio.o ABSOLUTE
    ../Drivers/STM32G4xx_HAL_Driver/Src/stm32g4xx_hal_i2c.c 0x00000000   Number         0  stm32g4xx_hal_i2c.o ABSOLUTE
    ../Drivers/STM32G4xx_HAL_Driver/Src/stm32g4xx_hal_i2c_ex.c 0x00000000   Number         0  stm32g4xx_hal_i2c_ex.o ABSOLUTE
    ../Drivers/STM32G4xx_HAL_Driver/Src/stm32g4xx_hal_pcd.c 0x00000000   Number         0  stm32g4xx_hal_pcd.o ABSOLUTE
    ../Drivers/STM32G4xx_HAL_Driver/Src/stm32g4xx_hal_pcd_ex.c 0x00000000   Number         0  stm32g4xx_hal_pcd_ex.o ABSOLUTE
    ../Drivers/STM32G4xx_HAL_Driver/Src/stm32g4xx_hal_pwr.c 0x00000000   Number         0  stm32g4xx_hal_pwr.o ABSOLUTE
    ../Drivers/STM32G4xx_HAL_Driver/Src/stm32g4xx_hal_pwr_ex.c 0x00000000   Number         0  stm32g4xx_hal_pwr_ex.o ABSOLUTE
    ../Drivers/STM32G4xx_HAL_Driver/Src/stm32g4xx_hal_qspi.c 0x00000000   Number         0  stm32g4xx_hal_qspi.o ABSOLUTE
    ../Drivers/STM32G4xx_HAL_Driver/Src/stm32g4xx_hal_rcc.c 0x00000000   Number         0  stm32g4xx_hal_rcc.o ABSOLUTE
    ../Drivers/STM32G4xx_HAL_Driver/Src/stm32g4xx_hal_rcc_ex.c 0x00000000   Number         0  stm32g4xx_hal_rcc_ex.o ABSOLUTE
    ../Drivers/STM32G4xx_HAL_Driver/Src/stm32g4xx_hal_tim.c 0x00000000   Number         0  stm32g4xx_hal_tim.o ABSOLUTE
    ../Drivers/STM32G4xx_HAL_Driver/Src/stm32g4xx_hal_tim_ex.c 0x00000000   Number         0  stm32g4xx_hal_tim_ex.o ABSOLUTE
    ../Drivers/STM32G4xx_HAL_Driver/Src/stm32g4xx_hal_uart.c 0x00000000   Number         0  stm32g4xx_hal_uart.o ABSOLUTE
    ../Drivers/STM32G4xx_HAL_Driver/Src/stm32g4xx_hal_uart_ex.c 0x00000000   Number         0  stm32g4xx_hal_uart_ex.o ABSOLUTE
    ../Drivers/STM32G4xx_HAL_Driver/Src/stm32g4xx_ll_usb.c 0x00000000   Number         0  stm32g4xx_ll_usb.o ABSOLUTE
    ../clib/microlib/division.c              0x00000000   Number         0  uldiv.o ABSOLUTE
    ../clib/microlib/division.c              0x00000000   Number         0  uidiv.o ABSOLUTE
    ../clib/microlib/init/entry.s            0x00000000   Number         0  entry10a.o ABSOLUTE
    ../clib/microlib/init/entry.s            0x00000000   Number         0  entry9b.o ABSOLUTE
    ../clib/microlib/init/entry.s            0x00000000   Number         0  entry9a.o ABSOLUTE
    ../clib/microlib/init/entry.s            0x00000000   Number         0  entry8b.o ABSOLUTE
    ../clib/microlib/init/entry.s            0x00000000   Number         0  entry7b.o ABSOLUTE
    ../clib/microlib/init/entry.s            0x00000000   Number         0  entry7a.o ABSOLUTE
    ../clib/microlib/init/entry.s            0x00000000   Number         0  entry5.o ABSOLUTE
    ../clib/microlib/init/entry.s            0x00000000   Number         0  entry8a.o ABSOLUTE
    ../clib/microlib/init/entry.s            0x00000000   Number         0  entry2.o ABSOLUTE
    ../clib/microlib/init/entry.s            0x00000000   Number         0  entry11b.o ABSOLUTE
    ../clib/microlib/init/entry.s            0x00000000   Number         0  entry11a.o ABSOLUTE
    ../clib/microlib/init/entry.s            0x00000000   Number         0  entry.o ABSOLUTE
    ../clib/microlib/init/entry.s            0x00000000   Number         0  entry10b.o ABSOLUTE
    ../clib/microlib/longlong.c              0x00000000   Number         0  llshl.o ABSOLUTE
    ../clib/microlib/longlong.c              0x00000000   Number         0  llsshr.o ABSOLUTE
    ../clib/microlib/longlong.c              0x00000000   Number         0  llushr.o ABSOLUTE
    ../clib/microlib/printf/printf.c         0x00000000   Number         0  printfb.o ABSOLUTE
    ../clib/microlib/printf/printf.c         0x00000000   Number         0  printf0.o ABSOLUTE
    ../clib/microlib/printf/printf.c         0x00000000   Number         0  printf1.o ABSOLUTE
    ../clib/microlib/printf/printf.c         0x00000000   Number         0  printf2.o ABSOLUTE
    ../clib/microlib/printf/printf.c         0x00000000   Number         0  printf3.o ABSOLUTE
    ../clib/microlib/printf/printf.c         0x00000000   Number         0  printf4.o ABSOLUTE
    ../clib/microlib/printf/printf.c         0x00000000   Number         0  printf5.o ABSOLUTE
    ../clib/microlib/printf/printf.c         0x00000000   Number         0  printf6.o ABSOLUTE
    ../clib/microlib/printf/printf.c         0x00000000   Number         0  printfa.o ABSOLUTE
    ../clib/microlib/printf/printf.c         0x00000000   Number         0  printf8.o ABSOLUTE
    ../clib/microlib/printf/printf.c         0x00000000   Number         0  printf7.o ABSOLUTE
    ../clib/microlib/printf/stubs.s          0x00000000   Number         0  stubs.o ABSOLUTE
    ../clib/microlib/stdio/streams.c         0x00000000   Number         0  stdout.o ABSOLUTE
    ../clib/microlib/string/memcpy.c         0x00000000   Number         0  memcpyb.o ABSOLUTE
    ../clib/microlib/string/memcpy.c         0x00000000   Number         0  memcpya.o ABSOLUTE
    ../clib/microlib/string/memset.c         0x00000000   Number         0  memseta.o ABSOLUTE
    ../clib/microlib/stubs.s                 0x00000000   Number         0  iusefp.o ABSOLUTE
    ../fplib/microlib/fpadd.c                0x00000000   Number         0  dadd.o ABSOLUTE
    ../fplib/microlib/fpdiv.c                0x00000000   Number         0  ddiv.o ABSOLUTE
    ../fplib/microlib/fpepilogue.c           0x00000000   Number         0  depilogue.o ABSOLUTE
    ../fplib/microlib/fpfix.c                0x00000000   Number         0  dfixul.o ABSOLUTE
    ../fplib/microlib/fpmul.c                0x00000000   Number         0  dmul.o ABSOLUTE
    ..\Core\Src\BNO055.c                     0x00000000   Number         0  bno055.o ABSOLUTE
    ..\Core\Src\gpio.c                       0x00000000   Number         0  gpio.o ABSOLUTE
    ..\Core\Src\i2c.c                        0x00000000   Number         0  i2c.o ABSOLUTE
    ..\Core\Src\main.c                       0x00000000   Number         0  main.o ABSOLUTE
    ..\Core\Src\oled.c                       0x00000000   Number         0  oled.o ABSOLUTE
    ..\Core\Src\quadspi.c                    0x00000000   Number         0  quadspi.o ABSOLUTE
    ..\Core\Src\stm32g4xx_hal_msp.c          0x00000000   Number         0  stm32g4xx_hal_msp.o ABSOLUTE
    ..\Core\Src\stm32g4xx_it.c               0x00000000   Number         0  stm32g4xx_it.o ABSOLUTE
    ..\Core\Src\system_stm32g4xx.c           0x00000000   Number         0  system_stm32g4xx.o ABSOLUTE
    ..\Core\Src\usart.c                      0x00000000   Number         0  usart.o ABSOLUTE
    ..\Core\Src\usb.c                        0x00000000   Number         0  usb.o ABSOLUTE
    ..\Drivers\STM32G4xx_HAL_Driver\Src\stm32g4xx_hal.c 0x00000000   Number         0  stm32g4xx_hal.o ABSOLUTE
    ..\Drivers\STM32G4xx_HAL_Driver\Src\stm32g4xx_hal_cortex.c 0x00000000   Number         0  stm32g4xx_hal_cortex.o ABSOLUTE
    ..\Drivers\STM32G4xx_HAL_Driver\Src\stm32g4xx_hal_dma.c 0x00000000   Number         0  stm32g4xx_hal_dma.o ABSOLUTE
    ..\Drivers\STM32G4xx_HAL_Driver\Src\stm32g4xx_hal_dma_ex.c 0x00000000   Number         0  stm32g4xx_hal_dma_ex.o ABSOLUTE
    ..\Drivers\STM32G4xx_HAL_Driver\Src\stm32g4xx_hal_exti.c 0x00000000   Number         0  stm32g4xx_hal_exti.o ABSOLUTE
    ..\Drivers\STM32G4xx_HAL_Driver\Src\stm32g4xx_hal_flash.c 0x00000000   Number         0  stm32g4xx_hal_flash.o ABSOLUTE
    ..\Drivers\STM32G4xx_HAL_Driver\Src\stm32g4xx_hal_flash_ex.c 0x00000000   Number         0  stm32g4xx_hal_flash_ex.o ABSOLUTE
    ..\Drivers\STM32G4xx_HAL_Driver\Src\stm32g4xx_hal_flash_ramfunc.c 0x00000000   Number         0  stm32g4xx_hal_flash_ramfunc.o ABSOLUTE
    ..\Drivers\STM32G4xx_HAL_Driver\Src\stm32g4xx_hal_gpio.c 0x00000000   Number         0  stm32g4xx_hal_gpio.o ABSOLUTE
    ..\Drivers\STM32G4xx_HAL_Driver\Src\stm32g4xx_hal_i2c.c 0x00000000   Number         0  stm32g4xx_hal_i2c.o ABSOLUTE
    ..\Drivers\STM32G4xx_HAL_Driver\Src\stm32g4xx_hal_i2c_ex.c 0x00000000   Number         0  stm32g4xx_hal_i2c_ex.o ABSOLUTE
    ..\Drivers\STM32G4xx_HAL_Driver\Src\stm32g4xx_hal_pcd.c 0x00000000   Number         0  stm32g4xx_hal_pcd.o ABSOLUTE
    ..\Drivers\STM32G4xx_HAL_Driver\Src\stm32g4xx_hal_pcd_ex.c 0x00000000   Number         0  stm32g4xx_hal_pcd_ex.o ABSOLUTE
    ..\Drivers\STM32G4xx_HAL_Driver\Src\stm32g4xx_hal_pwr.c 0x00000000   Number         0  stm32g4xx_hal_pwr.o ABSOLUTE
    ..\Drivers\STM32G4xx_HAL_Driver\Src\stm32g4xx_hal_pwr_ex.c 0x00000000   Number         0  stm32g4xx_hal_pwr_ex.o ABSOLUTE
    ..\Drivers\STM32G4xx_HAL_Driver\Src\stm32g4xx_hal_qspi.c 0x00000000   Number         0  stm32g4xx_hal_qspi.o ABSOLUTE
    ..\Drivers\STM32G4xx_HAL_Driver\Src\stm32g4xx_hal_rcc.c 0x00000000   Number         0  stm32g4xx_hal_rcc.o ABSOLUTE
    ..\Drivers\STM32G4xx_HAL_Driver\Src\stm32g4xx_hal_rcc_ex.c 0x00000000   Number         0  stm32g4xx_hal_rcc_ex.o ABSOLUTE
    ..\Drivers\STM32G4xx_HAL_Driver\Src\stm32g4xx_hal_tim.c 0x00000000   Number         0  stm32g4xx_hal_tim.o ABSOLUTE
    ..\Drivers\STM32G4xx_HAL_Driver\Src\stm32g4xx_hal_tim_ex.c 0x00000000   Number         0  stm32g4xx_hal_tim_ex.o ABSOLUTE
    ..\Drivers\STM32G4xx_HAL_Driver\Src\stm32g4xx_hal_uart.c 0x00000000   Number         0  stm32g4xx_hal_uart.o ABSOLUTE
    ..\Drivers\STM32G4xx_HAL_Driver\Src\stm32g4xx_hal_uart_ex.c 0x00000000   Number         0  stm32g4xx_hal_uart_ex.o ABSOLUTE
    ..\Drivers\STM32G4xx_HAL_Driver\Src\stm32g4xx_ll_usb.c 0x00000000   Number         0  stm32g4xx_ll_usb.o ABSOLUTE
    ..\\Core\\Src\\BNO055.c                  0x00000000   Number         0  bno055.o ABSOLUTE
    ..\\Core\\Src\\oled.c                    0x00000000   Number         0  oled.o ABSOLUTE
    cdrcmple.s                               0x00000000   Number         0  cdrcmple.o ABSOLUTE
    dc.s                                     0x00000000   Number         0  dc.o ABSOLUTE
    handlers.s                               0x00000000   Number         0  handlers.o ABSOLUTE
    init.s                                   0x00000000   Number         0  init.o ABSOLUTE
    startup_stm32g474xx.s                    0x00000000   Number         0  startup_stm32g474xx.o ABSOLUTE
    RESET                                    0x08000000   Section      472  startup_stm32g474xx.o(RESET)
    .ARM.Collect$$$$00000000                 0x080001d8   Section        0  entry.o(.ARM.Collect$$$$00000000)
    .ARM.Collect$$$$00000001                 0x080001d8   Section        4  entry2.o(.ARM.Collect$$$$00000001)
    .ARM.Collect$$$$00000004                 0x080001dc   Section        4  entry5.o(.ARM.Collect$$$$00000004)
    .ARM.Collect$$$$00000008                 0x080001e0   Section        0  entry7b.o(.ARM.Collect$$$$00000008)
    .ARM.Collect$$$$0000000A                 0x080001e0   Section        0  entry8b.o(.ARM.Collect$$$$0000000A)
    .ARM.Collect$$$$0000000B                 0x080001e0   Section        8  entry9a.o(.ARM.Collect$$$$0000000B)
    .ARM.Collect$$$$0000000D                 0x080001e8   Section        0  entry10a.o(.ARM.Collect$$$$0000000D)
    .ARM.Collect$$$$0000000F                 0x080001e8   Section        0  entry11a.o(.ARM.Collect$$$$0000000F)
    .ARM.Collect$$$$00002712                 0x080001e8   Section        4  entry2.o(.ARM.Collect$$$$00002712)
    __lit__00000000                          0x080001e8   Data           4  entry2.o(.ARM.Collect$$$$00002712)
    .text                                    0x080001ec   Section       36  startup_stm32g474xx.o(.text)
    $v0                                      0x080001ec   Number         0  startup_stm32g474xx.o(.text)
    .text                                    0x08000210   Section        0  uldiv.o(.text)
    .text                                    0x08000272   Section        0  memcpya.o(.text)
    .text                                    0x08000296   Section        0  memseta.o(.text)
    .text                                    0x080002ba   Section        0  llshl.o(.text)
    .text                                    0x080002d8   Section        0  llushr.o(.text)
    .text                                    0x080002f8   Section       36  init.o(.text)
    i.BNO055_Init                            0x0800031c   Section        0  bno055.o(i.BNO055_Init)
    i.BusFault_Handler                       0x080003b8   Section        0  stm32g4xx_it.o(i.BusFault_Handler)
    i.DebugMon_Handler                       0x080003ba   Section        0  stm32g4xx_it.o(i.DebugMon_Handler)
    i.Error_Handler                          0x080003bc   Section        0  main.o(i.Error_Handler)
    i.HAL_Delay                              0x080003c0   Section        0  stm32g4xx_hal.o(i.HAL_Delay)
    i.HAL_GPIO_Init                          0x080003e4   Section        0  stm32g4xx_hal_gpio.o(i.HAL_GPIO_Init)
    i.HAL_GPIO_WritePin                      0x080005ac   Section        0  stm32g4xx_hal_gpio.o(i.HAL_GPIO_WritePin)
    i.HAL_GetTick                            0x080005b8   Section        0  stm32g4xx_hal.o(i.HAL_GetTick)
    i.HAL_I2CEx_ConfigAnalogFilter           0x080005c4   Section        0  stm32g4xx_hal_i2c_ex.o(i.HAL_I2CEx_ConfigAnalogFilter)
    i.HAL_I2CEx_ConfigDigitalFilter          0x0800061a   Section        0  stm32g4xx_hal_i2c_ex.o(i.HAL_I2CEx_ConfigDigitalFilter)
    i.HAL_I2C_Init                           0x0800066c   Section        0  stm32g4xx_hal_i2c.o(i.HAL_I2C_Init)
    i.HAL_I2C_Master_Receive                 0x08000724   Section        0  stm32g4xx_hal_i2c.o(i.HAL_I2C_Master_Receive)
    i.HAL_I2C_Master_Transmit                0x08000848   Section        0  stm32g4xx_hal_i2c.o(i.HAL_I2C_Master_Transmit)
    i.HAL_I2C_MspInit                        0x0800096c   Section        0  i2c.o(i.HAL_I2C_MspInit)
    i.HAL_IncTick                            0x08000a40   Section        0  stm32g4xx_hal.o(i.HAL_IncTick)
    i.HAL_Init                               0x08000a50   Section        0  stm32g4xx_hal.o(i.HAL_Init)
    i.HAL_InitTick                           0x08000a70   Section        0  stm32g4xx_hal.o(i.HAL_InitTick)
    i.HAL_MspInit                            0x08000ab4   Section        0  stm32g4xx_hal_msp.o(i.HAL_MspInit)
    i.HAL_NVIC_SetPriority                   0x08000ae4   Section        0  stm32g4xx_hal_cortex.o(i.HAL_NVIC_SetPriority)
    i.HAL_NVIC_SetPriorityGrouping           0x08000b24   Section        0  stm32g4xx_hal_cortex.o(i.HAL_NVIC_SetPriorityGrouping)
    i.HAL_PCDEx_ActivateLPM                  0x08000b48   Section        0  stm32g4xx_hal_pcd_ex.o(i.HAL_PCDEx_ActivateLPM)
    i.HAL_PCD_Init                           0x08000b6c   Section        0  stm32g4xx_hal_pcd.o(i.HAL_PCD_Init)
    i.HAL_PCD_MspInit                        0x08000c20   Section        0  usb.o(i.HAL_PCD_MspInit)
    i.HAL_PWREx_ControlVoltageScaling        0x08000c48   Section        0  stm32g4xx_hal_pwr_ex.o(i.HAL_PWREx_ControlVoltageScaling)
    i.HAL_PWREx_DisableUCPDDeadBattery       0x08000d04   Section        0  stm32g4xx_hal_pwr_ex.o(i.HAL_PWREx_DisableUCPDDeadBattery)
    i.HAL_QSPI_Init                          0x08000d14   Section        0  stm32g4xx_hal_qspi.o(i.HAL_QSPI_Init)
    i.HAL_QSPI_MspInit                       0x08000dcc   Section        0  quadspi.o(i.HAL_QSPI_MspInit)
    i.HAL_RCCEx_PeriphCLKConfig              0x08000e30   Section        0  stm32g4xx_hal_rcc_ex.o(i.HAL_RCCEx_PeriphCLKConfig)
    i.HAL_RCC_ClockConfig                    0x08001130   Section        0  stm32g4xx_hal_rcc.o(i.HAL_RCC_ClockConfig)
    i.HAL_RCC_GetPCLK1Freq                   0x0800130c   Section        0  stm32g4xx_hal_rcc.o(i.HAL_RCC_GetPCLK1Freq)
    i.HAL_RCC_GetPCLK2Freq                   0x08001330   Section        0  stm32g4xx_hal_rcc.o(i.HAL_RCC_GetPCLK2Freq)
    i.HAL_RCC_GetSysClockFreq                0x08001354   Section        0  stm32g4xx_hal_rcc.o(i.HAL_RCC_GetSysClockFreq)
    i.HAL_RCC_OscConfig                      0x080013c4   Section        0  stm32g4xx_hal_rcc.o(i.HAL_RCC_OscConfig)
    i.HAL_SYSTICK_Config                     0x080017d0   Section        0  stm32g4xx_hal_cortex.o(i.HAL_SYSTICK_Config)
    i.HAL_UARTEx_DisableFifoMode             0x080017f8   Section        0  stm32g4xx_hal_uart_ex.o(i.HAL_UARTEx_DisableFifoMode)
    i.HAL_UARTEx_SetRxFifoThreshold          0x08001836   Section        0  stm32g4xx_hal_uart_ex.o(i.HAL_UARTEx_SetRxFifoThreshold)
    i.HAL_UARTEx_SetTxFifoThreshold          0x08001882   Section        0  stm32g4xx_hal_uart_ex.o(i.HAL_UARTEx_SetTxFifoThreshold)
    i.HAL_UART_Init                          0x080018ce   Section        0  stm32g4xx_hal_uart.o(i.HAL_UART_Init)
    i.HAL_UART_MspInit                       0x08001938   Section        0  usart.o(i.HAL_UART_MspInit)
    i.HAL_UART_Transmit                      0x0800199c   Section        0  stm32g4xx_hal_uart.o(i.HAL_UART_Transmit)
    i.HardFault_Handler                      0x08001a58   Section        0  stm32g4xx_it.o(i.HardFault_Handler)
    i.I2C_Flush_TXDR                         0x08001a5a   Section        0  stm32g4xx_hal_i2c.o(i.I2C_Flush_TXDR)
    I2C_Flush_TXDR                           0x08001a5b   Thumb Code    34  stm32g4xx_hal_i2c.o(i.I2C_Flush_TXDR)
    i.I2C_IsAcknowledgeFailed                0x08001a7c   Section        0  stm32g4xx_hal_i2c.o(i.I2C_IsAcknowledgeFailed)
    I2C_IsAcknowledgeFailed                  0x08001a7d   Thumb Code   128  stm32g4xx_hal_i2c.o(i.I2C_IsAcknowledgeFailed)
    i.I2C_TransferConfig                     0x08001b00   Section        0  stm32g4xx_hal_i2c.o(i.I2C_TransferConfig)
    I2C_TransferConfig                       0x08001b01   Thumb Code    40  stm32g4xx_hal_i2c.o(i.I2C_TransferConfig)
    i.I2C_WaitOnFlagUntilTimeout             0x08001b2c   Section        0  stm32g4xx_hal_i2c.o(i.I2C_WaitOnFlagUntilTimeout)
    I2C_WaitOnFlagUntilTimeout               0x08001b2d   Thumb Code    88  stm32g4xx_hal_i2c.o(i.I2C_WaitOnFlagUntilTimeout)
    i.I2C_WaitOnRXNEFlagUntilTimeout         0x08001b84   Section        0  stm32g4xx_hal_i2c.o(i.I2C_WaitOnRXNEFlagUntilTimeout)
    I2C_WaitOnRXNEFlagUntilTimeout           0x08001b85   Thumb Code   128  stm32g4xx_hal_i2c.o(i.I2C_WaitOnRXNEFlagUntilTimeout)
    i.I2C_WaitOnSTOPFlagUntilTimeout         0x08001c08   Section        0  stm32g4xx_hal_i2c.o(i.I2C_WaitOnSTOPFlagUntilTimeout)
    I2C_WaitOnSTOPFlagUntilTimeout           0x08001c09   Thumb Code    76  stm32g4xx_hal_i2c.o(i.I2C_WaitOnSTOPFlagUntilTimeout)
    i.I2C_WaitOnTXISFlagUntilTimeout         0x08001c54   Section        0  stm32g4xx_hal_i2c.o(i.I2C_WaitOnTXISFlagUntilTimeout)
    I2C_WaitOnTXISFlagUntilTimeout           0x08001c55   Thumb Code    80  stm32g4xx_hal_i2c.o(i.I2C_WaitOnTXISFlagUntilTimeout)
    i.MX_GPIO_Init                           0x08001ca4   Section        0  gpio.o(i.MX_GPIO_Init)
    i.MX_I2C1_Init                           0x08001d88   Section        0  i2c.o(i.MX_I2C1_Init)
    i.MX_I2C3_Init                           0x08001de0   Section        0  i2c.o(i.MX_I2C3_Init)
    i.MX_QUADSPI1_Init                       0x08001e38   Section        0  quadspi.o(i.MX_QUADSPI1_Init)
    i.MX_USART1_UART_Init                    0x08001e70   Section        0  usart.o(i.MX_USART1_UART_Init)
    i.MX_USB_PCD_Init                        0x08001ed8   Section        0  usb.o(i.MX_USB_PCD_Init)
    i.MemManage_Handler                      0x08001f10   Section        0  stm32g4xx_it.o(i.MemManage_Handler)
    i.NMI_Handler                            0x08001f12   Section        0  stm32g4xx_it.o(i.NMI_Handler)
    i.OLED_Clear                             0x08001f14   Section        0  oled.o(i.OLED_Clear)
    i.OLED_Init                              0x08001f48   Section        0  oled.o(i.OLED_Init)
    i.OLED_Set_Pos                           0x0800200a   Section        0  oled.o(i.OLED_Set_Pos)
    i.OLED_Write_Cmd                         0x08002030   Section        0  oled.o(i.OLED_Write_Cmd)
    OLED_Write_Cmd                           0x08002031   Thumb Code    32  oled.o(i.OLED_Write_Cmd)
    i.OLED_Write_Dat                         0x08002054   Section        0  oled.o(i.OLED_Write_Dat)
    OLED_Write_Dat                           0x08002055   Thumb Code    32  oled.o(i.OLED_Write_Dat)
    i.PendSV_Handler                         0x08002078   Section        0  stm32g4xx_it.o(i.PendSV_Handler)
    i.QSPI_WaitFlagStateUntilTimeout         0x0800207a   Section        0  stm32g4xx_hal_qspi.o(i.QSPI_WaitFlagStateUntilTimeout)
    QSPI_WaitFlagStateUntilTimeout           0x0800207b   Thumb Code    72  stm32g4xx_hal_qspi.o(i.QSPI_WaitFlagStateUntilTimeout)
    i.SVC_Handler                            0x080020c2   Section        0  stm32g4xx_it.o(i.SVC_Handler)
    i.SysTick_Handler                        0x080020c4   Section        0  stm32g4xx_it.o(i.SysTick_Handler)
    i.SystemClock_Config                     0x080020c8   Section        0  main.o(i.SystemClock_Config)
    i.SystemInit                             0x0800215c   Section        0  system_stm32g4xx.o(i.SystemInit)
    i.UARTEx_SetNbDataToProcess              0x0800216c   Section        0  stm32g4xx_hal_uart_ex.o(i.UARTEx_SetNbDataToProcess)
    UARTEx_SetNbDataToProcess                0x0800216d   Thumb Code    62  stm32g4xx_hal_uart_ex.o(i.UARTEx_SetNbDataToProcess)
    i.UART_AdvFeatureConfig                  0x080021b0   Section        0  stm32g4xx_hal_uart.o(i.UART_AdvFeatureConfig)
    i.UART_CheckIdleState                    0x08002278   Section        0  stm32g4xx_hal_uart.o(i.UART_CheckIdleState)
    i.UART_SetConfig                         0x080022d8   Section        0  stm32g4xx_hal_uart.o(i.UART_SetConfig)
    i.UART_WaitOnFlagUntilTimeout            0x08002574   Section        0  stm32g4xx_hal_uart.o(i.UART_WaitOnFlagUntilTimeout)
    i.USB_DevInit                            0x08002618   Section        0  stm32g4xx_ll_usb.o(i.USB_DevInit)
    i.USB_DisableGlobalInt                   0x0800262a   Section        0  stm32g4xx_ll_usb.o(i.USB_DisableGlobalInt)
    i.UsageFault_Handler                     0x0800263a   Section        0  stm32g4xx_it.o(i.UsageFault_Handler)
    i.__0printf$5                            0x0800263c   Section        0  printf5.o(i.__0printf$5)
    i.__NVIC_SetPriority                     0x0800265c   Section        0  stm32g4xx_hal_cortex.o(i.__NVIC_SetPriority)
    __NVIC_SetPriority                       0x0800265d   Thumb Code    32  stm32g4xx_hal_cortex.o(i.__NVIC_SetPriority)
    i.__scatterload_copy                     0x0800267c   Section       14  handlers.o(i.__scatterload_copy)
    i.__scatterload_null                     0x0800268a   Section        2  handlers.o(i.__scatterload_null)
    i.__scatterload_zeroinit                 0x0800268c   Section       14  handlers.o(i.__scatterload_zeroinit)
    i._printf_core                           0x0800269c   Section        0  printf5.o(i._printf_core)
    _printf_core                             0x0800269d   Thumb Code   658  printf5.o(i._printf_core)
    i.fputc                                  0x0800295c   Section        0  usart.o(i.fputc)
    i.main                                   0x08002974   Section        0  main.o(i.main)
    .constdata                               0x080029bc   Section       24  stm32g4xx_hal_uart.o(.constdata)
    .constdata                               0x080029d4   Section       16  stm32g4xx_hal_uart_ex.o(.constdata)
    numerator                                0x080029d4   Data           8  stm32g4xx_hal_uart_ex.o(.constdata)
    denominator                              0x080029dc   Data           8  stm32g4xx_hal_uart_ex.o(.constdata)
    .constdata                               0x080029e4   Section       16  system_stm32g4xx.o(.constdata)
    .constdata                               0x080029f4   Section        8  system_stm32g4xx.o(.constdata)
    .data                                    0x20000000   Section       12  stm32g4xx_hal.o(.data)
    .data                                    0x2000000c   Section        4  system_stm32g4xx.o(.data)
    .data                                    0x20000010   Section        4  stdout.o(.data)
    .bss                                     0x20000014   Section      152  i2c.o(.bss)
    .bss                                     0x200000ac   Section       76  quadspi.o(.bss)
    .bss                                     0x200000f8   Section      144  usart.o(.bss)
    .bss                                     0x20000188   Section      756  usb.o(.bss)
    STACK                                    0x20000480   Section     1024  startup_stm32g474xx.o(STACK)

    Global Symbols

    Symbol Name                              Value     Ov Type        Size  Object(Section)

    BuildAttributes$$THM_ISAv4$E$P$D$K$B$S$7EM$VFPi3$EXTD16$VFPS$VFMA$PE$A:L22UL41UL21$X:L11$S22US41US21$IEEE1$IW$USESV6$~STKCKD$USESV7$~SHL$OSPACE$ROPI$EBA8$MICROLIB$REQ8$PRES8$EABIv2 0x00000000   Number         0  anon$$obj.o ABSOLUTE
    __ARM_use_no_argv                        0x00000000   Number         0  main.o ABSOLUTE
    _printf_a                                0x00000000   Number         0  stubs.o ABSOLUTE
    _printf_c                                0x00000000   Number         0  stubs.o ABSOLUTE
    _printf_charcount                        0x00000000   Number         0  stubs.o ABSOLUTE
    _printf_d                                0x00000000   Number         0  stubs.o ABSOLUTE
    _printf_e                                0x00000000   Number         0  stubs.o ABSOLUTE
    _printf_f                                0x00000000   Number         0  stubs.o ABSOLUTE
    _printf_flags                            0x00000000   Number         0  stubs.o ABSOLUTE
    _printf_fp_dec                           0x00000000   Number         0  stubs.o ABSOLUTE
    _printf_fp_hex                           0x00000000   Number         0  stubs.o ABSOLUTE
    _printf_g                                0x00000000   Number         0  stubs.o ABSOLUTE
    _printf_i                                0x00000000   Number         0  stubs.o ABSOLUTE
    _printf_int_dec                          0x00000000   Number         0  stubs.o ABSOLUTE
    _printf_l                                0x00000000   Number         0  stubs.o ABSOLUTE
    _printf_lc                               0x00000000   Number         0  stubs.o ABSOLUTE
    _printf_ll                               0x00000000   Number         0  stubs.o ABSOLUTE
    _printf_lld                              0x00000000   Number         0  stubs.o ABSOLUTE
    _printf_lli                              0x00000000   Number         0  stubs.o ABSOLUTE
    _printf_llo                              0x00000000   Number         0  stubs.o ABSOLUTE
    _printf_llu                              0x00000000   Number         0  stubs.o ABSOLUTE
    _printf_llx                              0x00000000   Number         0  stubs.o ABSOLUTE
    _printf_longlong_dec                     0x00000000   Number         0  stubs.o ABSOLUTE
    _printf_longlong_hex                     0x00000000   Number         0  stubs.o ABSOLUTE
    _printf_longlong_oct                     0x00000000   Number         0  stubs.o ABSOLUTE
    _printf_ls                               0x00000000   Number         0  stubs.o ABSOLUTE
    _printf_mbtowc                           0x00000000   Number         0  stubs.o ABSOLUTE
    _printf_n                                0x00000000   Number         0  stubs.o ABSOLUTE
    _printf_o                                0x00000000   Number         0  stubs.o ABSOLUTE
    _printf_p                                0x00000000   Number         0  stubs.o ABSOLUTE
    _printf_percent                          0x00000000   Number         0  stubs.o ABSOLUTE
    _printf_pre_padding                      0x00000000   Number         0  stubs.o ABSOLUTE
    _printf_return_value                     0x00000000   Number         0  stubs.o ABSOLUTE
    _printf_s                                0x00000000   Number         0  stubs.o ABSOLUTE
    _printf_sizespec                         0x00000000   Number         0  stubs.o ABSOLUTE
    _printf_str                              0x00000000   Number         0  stubs.o ABSOLUTE
    _printf_truncate_signed                  0x00000000   Number         0  stubs.o ABSOLUTE
    _printf_truncate_unsigned                0x00000000   Number         0  stubs.o ABSOLUTE
    _printf_u                                0x00000000   Number         0  stubs.o ABSOLUTE
    _printf_wc                               0x00000000   Number         0  stubs.o ABSOLUTE
    _printf_wctomb                           0x00000000   Number         0  stubs.o ABSOLUTE
    _printf_widthprec                        0x00000000   Number         0  stubs.o ABSOLUTE
    _printf_x                                0x00000000   Number         0  stubs.o ABSOLUTE
    __cpp_initialize__aeabi_                  - Undefined Weak Reference
    __cxa_finalize                            - Undefined Weak Reference
    __decompress                              - Undefined Weak Reference
    _clock_init                               - Undefined Weak Reference
    _microlib_exit                            - Undefined Weak Reference
    __Vectors_Size                           0x000001d8   Number         0  startup_stm32g474xx.o ABSOLUTE
    __Vectors                                0x08000000   Data           4  startup_stm32g474xx.o(RESET)
    __Vectors_End                            0x080001d8   Data           0  startup_stm32g474xx.o(RESET)
    __main                                   0x080001d9   Thumb Code     0  entry.o(.ARM.Collect$$$$00000000)
    _main_stk                                0x080001d9   Thumb Code     0  entry2.o(.ARM.Collect$$$$00000001)
    _main_scatterload                        0x080001dd   Thumb Code     0  entry5.o(.ARM.Collect$$$$00000004)
    __main_after_scatterload                 0x080001e1   Thumb Code     0  entry5.o(.ARM.Collect$$$$00000004)
    _main_clock                              0x080001e1   Thumb Code     0  entry7b.o(.ARM.Collect$$$$00000008)
    _main_cpp_init                           0x080001e1   Thumb Code     0  entry8b.o(.ARM.Collect$$$$0000000A)
    _main_init                               0x080001e1   Thumb Code     0  entry9a.o(.ARM.Collect$$$$0000000B)
    __rt_final_cpp                           0x080001e9   Thumb Code     0  entry10a.o(.ARM.Collect$$$$0000000D)
    __rt_final_exit                          0x080001e9   Thumb Code     0  entry11a.o(.ARM.Collect$$$$0000000F)
    Reset_Handler                            0x080001ed   Thumb Code     8  startup_stm32g474xx.o(.text)
    ADC1_2_IRQHandler                        0x08000207   Thumb Code     0  startup_stm32g474xx.o(.text)
    ADC3_IRQHandler                          0x08000207   Thumb Code     0  startup_stm32g474xx.o(.text)
    ADC4_IRQHandler                          0x08000207   Thumb Code     0  startup_stm32g474xx.o(.text)
    ADC5_IRQHandler                          0x08000207   Thumb Code     0  startup_stm32g474xx.o(.text)
    COMP1_2_3_IRQHandler                     0x08000207   Thumb Code     0  startup_stm32g474xx.o(.text)
    COMP4_5_6_IRQHandler                     0x08000207   Thumb Code     0  startup_stm32g474xx.o(.text)
    COMP7_IRQHandler                         0x08000207   Thumb Code     0  startup_stm32g474xx.o(.text)
    CORDIC_IRQHandler                        0x08000207   Thumb Code     0  startup_stm32g474xx.o(.text)
    CRS_IRQHandler                           0x08000207   Thumb Code     0  startup_stm32g474xx.o(.text)
    DMA1_Channel1_IRQHandler                 0x08000207   Thumb Code     0  startup_stm32g474xx.o(.text)
    DMA1_Channel2_IRQHandler                 0x08000207   Thumb Code     0  startup_stm32g474xx.o(.text)
    DMA1_Channel3_IRQHandler                 0x08000207   Thumb Code     0  startup_stm32g474xx.o(.text)
    DMA1_Channel4_IRQHandler                 0x08000207   Thumb Code     0  startup_stm32g474xx.o(.text)
    DMA1_Channel5_IRQHandler                 0x08000207   Thumb Code     0  startup_stm32g474xx.o(.text)
    DMA1_Channel6_IRQHandler                 0x08000207   Thumb Code     0  startup_stm32g474xx.o(.text)
    DMA1_Channel7_IRQHandler                 0x08000207   Thumb Code     0  startup_stm32g474xx.o(.text)
    DMA1_Channel8_IRQHandler                 0x08000207   Thumb Code     0  startup_stm32g474xx.o(.text)
    DMA2_Channel1_IRQHandler                 0x08000207   Thumb Code     0  startup_stm32g474xx.o(.text)
    DMA2_Channel2_IRQHandler                 0x08000207   Thumb Code     0  startup_stm32g474xx.o(.text)
    DMA2_Channel3_IRQHandler                 0x08000207   Thumb Code     0  startup_stm32g474xx.o(.text)
    DMA2_Channel4_IRQHandler                 0x08000207   Thumb Code     0  startup_stm32g474xx.o(.text)
    DMA2_Channel5_IRQHandler                 0x08000207   Thumb Code     0  startup_stm32g474xx.o(.text)
    DMA2_Channel6_IRQHandler                 0x08000207   Thumb Code     0  startup_stm32g474xx.o(.text)
    DMA2_Channel7_IRQHandler                 0x08000207   Thumb Code     0  startup_stm32g474xx.o(.text)
    DMA2_Channel8_IRQHandler                 0x08000207   Thumb Code     0  startup_stm32g474xx.o(.text)
    DMAMUX_OVR_IRQHandler                    0x08000207   Thumb Code     0  startup_stm32g474xx.o(.text)
    EXTI0_IRQHandler                         0x08000207   Thumb Code     0  startup_stm32g474xx.o(.text)
    EXTI15_10_IRQHandler                     0x08000207   Thumb Code     0  startup_stm32g474xx.o(.text)
    EXTI1_IRQHandler                         0x08000207   Thumb Code     0  startup_stm32g474xx.o(.text)
    EXTI2_IRQHandler                         0x08000207   Thumb Code     0  startup_stm32g474xx.o(.text)
    EXTI3_IRQHandler                         0x08000207   Thumb Code     0  startup_stm32g474xx.o(.text)
    EXTI4_IRQHandler                         0x08000207   Thumb Code     0  startup_stm32g474xx.o(.text)
    EXTI9_5_IRQHandler                       0x08000207   Thumb Code     0  startup_stm32g474xx.o(.text)
    FDCAN1_IT0_IRQHandler                    0x08000207   Thumb Code     0  startup_stm32g474xx.o(.text)
    FDCAN1_IT1_IRQHandler                    0x08000207   Thumb Code     0  startup_stm32g474xx.o(.text)
    FDCAN2_IT0_IRQHandler                    0x08000207   Thumb Code     0  startup_stm32g474xx.o(.text)
    FDCAN2_IT1_IRQHandler                    0x08000207   Thumb Code     0  startup_stm32g474xx.o(.text)
    FDCAN3_IT0_IRQHandler                    0x08000207   Thumb Code     0  startup_stm32g474xx.o(.text)
    FDCAN3_IT1_IRQHandler                    0x08000207   Thumb Code     0  startup_stm32g474xx.o(.text)
    FLASH_IRQHandler                         0x08000207   Thumb Code     0  startup_stm32g474xx.o(.text)
    FMAC_IRQHandler                          0x08000207   Thumb Code     0  startup_stm32g474xx.o(.text)
    FMC_IRQHandler                           0x08000207   Thumb Code     0  startup_stm32g474xx.o(.text)
    FPU_IRQHandler                           0x08000207   Thumb Code     0  startup_stm32g474xx.o(.text)
    HRTIM1_FLT_IRQHandler                    0x08000207   Thumb Code     0  startup_stm32g474xx.o(.text)
    HRTIM1_Master_IRQHandler                 0x08000207   Thumb Code     0  startup_stm32g474xx.o(.text)
    HRTIM1_TIMA_IRQHandler                   0x08000207   Thumb Code     0  startup_stm32g474xx.o(.text)
    HRTIM1_TIMB_IRQHandler                   0x08000207   Thumb Code     0  startup_stm32g474xx.o(.text)
    HRTIM1_TIMC_IRQHandler                   0x08000207   Thumb Code     0  startup_stm32g474xx.o(.text)
    HRTIM1_TIMD_IRQHandler                   0x08000207   Thumb Code     0  startup_stm32g474xx.o(.text)
    HRTIM1_TIME_IRQHandler                   0x08000207   Thumb Code     0  startup_stm32g474xx.o(.text)
    HRTIM1_TIMF_IRQHandler                   0x08000207   Thumb Code     0  startup_stm32g474xx.o(.text)
    I2C1_ER_IRQHandler                       0x08000207   Thumb Code     0  startup_stm32g474xx.o(.text)
    I2C1_EV_IRQHandler                       0x08000207   Thumb Code     0  startup_stm32g474xx.o(.text)
    I2C2_ER_IRQHandler                       0x08000207   Thumb Code     0  startup_stm32g474xx.o(.text)
    I2C2_EV_IRQHandler                       0x08000207   Thumb Code     0  startup_stm32g474xx.o(.text)
    I2C3_ER_IRQHandler                       0x08000207   Thumb Code     0  startup_stm32g474xx.o(.text)
    I2C3_EV_IRQHandler                       0x08000207   Thumb Code     0  startup_stm32g474xx.o(.text)
    I2C4_ER_IRQHandler                       0x08000207   Thumb Code     0  startup_stm32g474xx.o(.text)
    I2C4_EV_IRQHandler                       0x08000207   Thumb Code     0  startup_stm32g474xx.o(.text)
    LPTIM1_IRQHandler                        0x08000207   Thumb Code     0  startup_stm32g474xx.o(.text)
    LPUART1_IRQHandler                       0x08000207   Thumb Code     0  startup_stm32g474xx.o(.text)
    PVD_PVM_IRQHandler                       0x08000207   Thumb Code     0  startup_stm32g474xx.o(.text)
    QUADSPI_IRQHandler                       0x08000207   Thumb Code     0  startup_stm32g474xx.o(.text)
    RCC_IRQHandler                           0x08000207   Thumb Code     0  startup_stm32g474xx.o(.text)
    RNG_IRQHandler                           0x08000207   Thumb Code     0  startup_stm32g474xx.o(.text)
    RTC_Alarm_IRQHandler                     0x08000207   Thumb Code     0  startup_stm32g474xx.o(.text)
    RTC_TAMP_LSECSS_IRQHandler               0x08000207   Thumb Code     0  startup_stm32g474xx.o(.text)
    RTC_WKUP_IRQHandler                      0x08000207   Thumb Code     0  startup_stm32g474xx.o(.text)
    SAI1_IRQHandler                          0x08000207   Thumb Code     0  startup_stm32g474xx.o(.text)
    SPI1_IRQHandler                          0x08000207   Thumb Code     0  startup_stm32g474xx.o(.text)
    SPI2_IRQHandler                          0x08000207   Thumb Code     0  startup_stm32g474xx.o(.text)
    SPI3_IRQHandler                          0x08000207   Thumb Code     0  startup_stm32g474xx.o(.text)
    SPI4_IRQHandler                          0x08000207   Thumb Code     0  startup_stm32g474xx.o(.text)
    TIM1_BRK_TIM15_IRQHandler                0x08000207   Thumb Code     0  startup_stm32g474xx.o(.text)
    TIM1_CC_IRQHandler                       0x08000207   Thumb Code     0  startup_stm32g474xx.o(.text)
    TIM1_TRG_COM_TIM17_IRQHandler            0x08000207   Thumb Code     0  startup_stm32g474xx.o(.text)
    TIM1_UP_TIM16_IRQHandler                 0x08000207   Thumb Code     0  startup_stm32g474xx.o(.text)
    TIM20_BRK_IRQHandler                     0x08000207   Thumb Code     0  startup_stm32g474xx.o(.text)
    TIM20_CC_IRQHandler                      0x08000207   Thumb Code     0  startup_stm32g474xx.o(.text)
    TIM20_TRG_COM_IRQHandler                 0x08000207   Thumb Code     0  startup_stm32g474xx.o(.text)
    TIM20_UP_IRQHandler                      0x08000207   Thumb Code     0  startup_stm32g474xx.o(.text)
    TIM2_IRQHandler                          0x08000207   Thumb Code     0  startup_stm32g474xx.o(.text)
    TIM3_IRQHandler                          0x08000207   Thumb Code     0  startup_stm32g474xx.o(.text)
    TIM4_IRQHandler                          0x08000207   Thumb Code     0  startup_stm32g474xx.o(.text)
    TIM5_IRQHandler                          0x08000207   Thumb Code     0  startup_stm32g474xx.o(.text)
    TIM6_DAC_IRQHandler                      0x08000207   Thumb Code     0  startup_stm32g474xx.o(.text)
    TIM7_DAC_IRQHandler                      0x08000207   Thumb Code     0  startup_stm32g474xx.o(.text)
    TIM8_BRK_IRQHandler                      0x08000207   Thumb Code     0  startup_stm32g474xx.o(.text)
    TIM8_CC_IRQHandler                       0x08000207   Thumb Code     0  startup_stm32g474xx.o(.text)
    TIM8_TRG_COM_IRQHandler                  0x08000207   Thumb Code     0  startup_stm32g474xx.o(.text)
    TIM8_UP_IRQHandler                       0x08000207   Thumb Code     0  startup_stm32g474xx.o(.text)
    UART4_IRQHandler                         0x08000207   Thumb Code     0  startup_stm32g474xx.o(.text)
    UART5_IRQHandler                         0x08000207   Thumb Code     0  startup_stm32g474xx.o(.text)
    UCPD1_IRQHandler                         0x08000207   Thumb Code     0  startup_stm32g474xx.o(.text)
    USART1_IRQHandler                        0x08000207   Thumb Code     0  startup_stm32g474xx.o(.text)
    USART2_IRQHandler                        0x08000207   Thumb Code     0  startup_stm32g474xx.o(.text)
    USART3_IRQHandler                        0x08000207   Thumb Code     0  startup_stm32g474xx.o(.text)
    USBWakeUp_IRQHandler                     0x08000207   Thumb Code     0  startup_stm32g474xx.o(.text)
    USB_HP_IRQHandler                        0x08000207   Thumb Code     0  startup_stm32g474xx.o(.text)
    USB_LP_IRQHandler                        0x08000207   Thumb Code     0  startup_stm32g474xx.o(.text)
    WWDG_IRQHandler                          0x08000207   Thumb Code     0  startup_stm32g474xx.o(.text)
    __aeabi_uldivmod                         0x08000211   Thumb Code    98  uldiv.o(.text)
    __aeabi_memcpy                           0x08000273   Thumb Code    36  memcpya.o(.text)
    __aeabi_memcpy4                          0x08000273   Thumb Code     0  memcpya.o(.text)
    __aeabi_memcpy8                          0x08000273   Thumb Code     0  memcpya.o(.text)
    __aeabi_memset                           0x08000297   Thumb Code    14  memseta.o(.text)
    __aeabi_memset4                          0x08000297   Thumb Code     0  memseta.o(.text)
    __aeabi_memset8                          0x08000297   Thumb Code     0  memseta.o(.text)
    __aeabi_memclr                           0x080002a5   Thumb Code     4  memseta.o(.text)
    __aeabi_memclr4                          0x080002a5   Thumb Code     0  memseta.o(.text)
    __aeabi_memclr8                          0x080002a5   Thumb Code     0  memseta.o(.text)
    _memset$wrapper                          0x080002a9   Thumb Code    18  memseta.o(.text)
    __aeabi_llsl                             0x080002bb   Thumb Code    30  llshl.o(.text)
    _ll_shift_l                              0x080002bb   Thumb Code     0  llshl.o(.text)
    __aeabi_llsr                             0x080002d9   Thumb Code    32  llushr.o(.text)
    _ll_ushift_r                             0x080002d9   Thumb Code     0  llushr.o(.text)
    __scatterload                            0x080002f9   Thumb Code    28  init.o(.text)
    __scatterload_rt2                        0x080002f9   Thumb Code     0  init.o(.text)
    BNO055_Init                              0x0800031d   Thumb Code   108  bno055.o(i.BNO055_Init)
    BusFault_Handler                         0x080003b9   Thumb Code     2  stm32g4xx_it.o(i.BusFault_Handler)
    DebugMon_Handler                         0x080003bb   Thumb Code     2  stm32g4xx_it.o(i.DebugMon_Handler)
    Error_Handler                            0x080003bd   Thumb Code     4  main.o(i.Error_Handler)
    HAL_Delay                                0x080003c1   Thumb Code    32  stm32g4xx_hal.o(i.HAL_Delay)
    HAL_GPIO_Init                            0x080003e5   Thumb Code   422  stm32g4xx_hal_gpio.o(i.HAL_GPIO_Init)
    HAL_GPIO_WritePin                        0x080005ad   Thumb Code    10  stm32g4xx_hal_gpio.o(i.HAL_GPIO_WritePin)
    HAL_GetTick                              0x080005b9   Thumb Code     6  stm32g4xx_hal.o(i.HAL_GetTick)
    HAL_I2CEx_ConfigAnalogFilter             0x080005c5   Thumb Code    86  stm32g4xx_hal_i2c_ex.o(i.HAL_I2CEx_ConfigAnalogFilter)
    HAL_I2CEx_ConfigDigitalFilter            0x0800061b   Thumb Code    82  stm32g4xx_hal_i2c_ex.o(i.HAL_I2CEx_ConfigDigitalFilter)
    HAL_I2C_Init                             0x0800066d   Thumb Code   178  stm32g4xx_hal_i2c.o(i.HAL_I2C_Init)
    HAL_I2C_Master_Receive                   0x08000725   Thumb Code   282  stm32g4xx_hal_i2c.o(i.HAL_I2C_Master_Receive)
    HAL_I2C_Master_Transmit                  0x08000849   Thumb Code   282  stm32g4xx_hal_i2c.o(i.HAL_I2C_Master_Transmit)
    HAL_I2C_MspInit                          0x0800096d   Thumb Code   186  i2c.o(i.HAL_I2C_MspInit)
    HAL_IncTick                              0x08000a41   Thumb Code    12  stm32g4xx_hal.o(i.HAL_IncTick)
    HAL_Init                                 0x08000a51   Thumb Code    30  stm32g4xx_hal.o(i.HAL_Init)
    HAL_InitTick                             0x08000a71   Thumb Code    58  stm32g4xx_hal.o(i.HAL_InitTick)
    HAL_MspInit                              0x08000ab5   Thumb Code    42  stm32g4xx_hal_msp.o(i.HAL_MspInit)
    HAL_NVIC_SetPriority                     0x08000ae5   Thumb Code    60  stm32g4xx_hal_cortex.o(i.HAL_NVIC_SetPriority)
    HAL_NVIC_SetPriorityGrouping             0x08000b25   Thumb Code    26  stm32g4xx_hal_cortex.o(i.HAL_NVIC_SetPriorityGrouping)
    HAL_PCDEx_ActivateLPM                    0x08000b49   Thumb Code    36  stm32g4xx_hal_pcd_ex.o(i.HAL_PCDEx_ActivateLPM)
    HAL_PCD_Init                             0x08000b6d   Thumb Code   178  stm32g4xx_hal_pcd.o(i.HAL_PCD_Init)
    HAL_PCD_MspInit                          0x08000c21   Thumb Code    30  usb.o(i.HAL_PCD_MspInit)
    HAL_PWREx_ControlVoltageScaling          0x08000c49   Thumb Code   174  stm32g4xx_hal_pwr_ex.o(i.HAL_PWREx_ControlVoltageScaling)
    HAL_PWREx_DisableUCPDDeadBattery         0x08000d05   Thumb Code    12  stm32g4xx_hal_pwr_ex.o(i.HAL_PWREx_DisableUCPDDeadBattery)
    HAL_QSPI_Init                            0x08000d15   Thumb Code   174  stm32g4xx_hal_qspi.o(i.HAL_QSPI_Init)
    HAL_QSPI_MspInit                         0x08000dcd   Thumb Code    88  quadspi.o(i.HAL_QSPI_MspInit)
    HAL_RCCEx_PeriphCLKConfig                0x08000e31   Thumb Code   758  stm32g4xx_hal_rcc_ex.o(i.HAL_RCCEx_PeriphCLKConfig)
    HAL_RCC_ClockConfig                      0x08001131   Thumb Code   444  stm32g4xx_hal_rcc.o(i.HAL_RCC_ClockConfig)
    HAL_RCC_GetPCLK1Freq                     0x0800130d   Thumb Code    24  stm32g4xx_hal_rcc.o(i.HAL_RCC_GetPCLK1Freq)
    HAL_RCC_GetPCLK2Freq                     0x08001331   Thumb Code    24  stm32g4xx_hal_rcc.o(i.HAL_RCC_GetPCLK2Freq)
    HAL_RCC_GetSysClockFreq                  0x08001355   Thumb Code    98  stm32g4xx_hal_rcc.o(i.HAL_RCC_GetSysClockFreq)
    HAL_RCC_OscConfig                        0x080013c5   Thumb Code  1036  stm32g4xx_hal_rcc.o(i.HAL_RCC_OscConfig)
    HAL_SYSTICK_Config                       0x080017d1   Thumb Code    40  stm32g4xx_hal_cortex.o(i.HAL_SYSTICK_Config)
    HAL_UARTEx_DisableFifoMode               0x080017f9   Thumb Code    62  stm32g4xx_hal_uart_ex.o(i.HAL_UARTEx_DisableFifoMode)
    HAL_UARTEx_SetRxFifoThreshold            0x08001837   Thumb Code    76  stm32g4xx_hal_uart_ex.o(i.HAL_UARTEx_SetRxFifoThreshold)
    HAL_UARTEx_SetTxFifoThreshold            0x08001883   Thumb Code    76  stm32g4xx_hal_uart_ex.o(i.HAL_UARTEx_SetTxFifoThreshold)
    HAL_UART_Init                            0x080018cf   Thumb Code   106  stm32g4xx_hal_uart.o(i.HAL_UART_Init)
    HAL_UART_MspInit                         0x08001939   Thumb Code    90  usart.o(i.HAL_UART_MspInit)
    HAL_UART_Transmit                        0x0800199d   Thumb Code   188  stm32g4xx_hal_uart.o(i.HAL_UART_Transmit)
    HardFault_Handler                        0x08001a59   Thumb Code     2  stm32g4xx_it.o(i.HardFault_Handler)
    MX_GPIO_Init                             0x08001ca5   Thumb Code   212  gpio.o(i.MX_GPIO_Init)
    MX_I2C1_Init                             0x08001d89   Thumb Code    76  i2c.o(i.MX_I2C1_Init)
    MX_I2C3_Init                             0x08001de1   Thumb Code    76  i2c.o(i.MX_I2C3_Init)
    MX_QUADSPI1_Init                         0x08001e39   Thumb Code    48  quadspi.o(i.MX_QUADSPI1_Init)
    MX_USART1_UART_Init                      0x08001e71   Thumb Code    94  usart.o(i.MX_USART1_UART_Init)
    MX_USB_PCD_Init                          0x08001ed9   Thumb Code    46  usb.o(i.MX_USB_PCD_Init)
    MemManage_Handler                        0x08001f11   Thumb Code     2  stm32g4xx_it.o(i.MemManage_Handler)
    NMI_Handler                              0x08001f13   Thumb Code     2  stm32g4xx_it.o(i.NMI_Handler)
    OLED_Clear                               0x08001f15   Thumb Code    52  oled.o(i.OLED_Clear)
    OLED_Init                                0x08001f49   Thumb Code   194  oled.o(i.OLED_Init)
    OLED_Set_Pos                             0x0800200b   Thumb Code    38  oled.o(i.OLED_Set_Pos)
    PendSV_Handler                           0x08002079   Thumb Code     2  stm32g4xx_it.o(i.PendSV_Handler)
    SVC_Handler                              0x080020c3   Thumb Code     2  stm32g4xx_it.o(i.SVC_Handler)
    SysTick_Handler                          0x080020c5   Thumb Code     4  stm32g4xx_it.o(i.SysTick_Handler)
    SystemClock_Config                       0x080020c9   Thumb Code   142  main.o(i.SystemClock_Config)
    SystemInit                               0x0800215d   Thumb Code    12  system_stm32g4xx.o(i.SystemInit)
    UART_AdvFeatureConfig                    0x080021b1   Thumb Code   200  stm32g4xx_hal_uart.o(i.UART_AdvFeatureConfig)
    UART_CheckIdleState                      0x08002279   Thumb Code    96  stm32g4xx_hal_uart.o(i.UART_CheckIdleState)
    UART_SetConfig                           0x080022d9   Thumb Code   618  stm32g4xx_hal_uart.o(i.UART_SetConfig)
    UART_WaitOnFlagUntilTimeout              0x08002575   Thumb Code   164  stm32g4xx_hal_uart.o(i.UART_WaitOnFlagUntilTimeout)
    USB_DevInit                              0x08002619   Thumb Code    18  stm32g4xx_ll_usb.o(i.USB_DevInit)
    USB_DisableGlobalInt                     0x0800262b   Thumb Code    16  stm32g4xx_ll_usb.o(i.USB_DisableGlobalInt)
    UsageFault_Handler                       0x0800263b   Thumb Code     2  stm32g4xx_it.o(i.UsageFault_Handler)
    __0printf$5                              0x0800263d   Thumb Code    22  printf5.o(i.__0printf$5)
    __1printf$5                              0x0800263d   Thumb Code     0  printf5.o(i.__0printf$5)
    __2printf                                0x0800263d   Thumb Code     0  printf5.o(i.__0printf$5)
    __scatterload_copy                       0x0800267d   Thumb Code    14  handlers.o(i.__scatterload_copy)
    __scatterload_null                       0x0800268b   Thumb Code     2  handlers.o(i.__scatterload_null)
    __scatterload_zeroinit                   0x0800268d   Thumb Code    14  handlers.o(i.__scatterload_zeroinit)
    fputc                                    0x0800295d   Thumb Code    20  usart.o(i.fputc)
    main                                     0x08002975   Thumb Code    48  main.o(i.main)
    UARTPrescTable                           0x080029bc   Data          24  stm32g4xx_hal_uart.o(.constdata)
    AHBPrescTable                            0x080029e4   Data          16  system_stm32g4xx.o(.constdata)
    APBPrescTable                            0x080029f4   Data           8  system_stm32g4xx.o(.constdata)
    Region$$Table$$Base                      0x080029fc   Number         0  anon$$obj.o(Region$$Table)
    Region$$Table$$Limit                     0x08002a1c   Number         0  anon$$obj.o(Region$$Table)
    uwTickPrio                               0x20000000   Data           4  stm32g4xx_hal.o(.data)
    uwTickFreq                               0x20000004   Data           4  stm32g4xx_hal.o(.data)
    uwTick                                   0x20000008   Data           4  stm32g4xx_hal.o(.data)
    SystemCoreClock                          0x2000000c   Data           4  system_stm32g4xx.o(.data)
    __stdout                                 0x20000010   Data           4  stdout.o(.data)
    hi2c1                                    0x20000014   Data          76  i2c.o(.bss)
    hi2c3                                    0x20000060   Data          76  i2c.o(.bss)
    hqspi1                                   0x200000ac   Data          76  quadspi.o(.bss)
    huart1                                   0x200000f8   Data         144  usart.o(.bss)
    hpcd_USB_FS                              0x20000188   Data         756  usb.o(.bss)
    __initial_sp                             0x20000880   Data           0  startup_stm32g474xx.o(STACK)



==============================================================================

Memory Map of the image

  Image Entry point : 0x080001d9

  Load Region LR_IROM1 (Base: 0x08000000, Size: 0x00002a30, Max: 0x00080000, ABSOLUTE)

    Execution Region ER_IROM1 (Exec base: 0x08000000, Load base: 0x08000000, Size: 0x00002a1c, Max: 0x00080000, ABSOLUTE)

    Exec Addr    Load Addr    Size         Type   Attr      Idx    E Section Name        Object

    0x08000000   0x08000000   0x000001d8   Data   RO            3    RESET               startup_stm32g474xx.o
    0x080001d8   0x080001d8   0x00000000   Code   RO         3945  * .ARM.Collect$$$$00000000  mc_w.l(entry.o)
    0x080001d8   0x080001d8   0x00000004   Code   RO         4217    .ARM.Collect$$$$00000001  mc_w.l(entry2.o)
    0x080001dc   0x080001dc   0x00000004   Code   RO         4220    .ARM.Collect$$$$00000004  mc_w.l(entry5.o)
    0x080001e0   0x080001e0   0x00000000   Code   RO         4222    .ARM.Collect$$$$00000008  mc_w.l(entry7b.o)
    0x080001e0   0x080001e0   0x00000000   Code   RO         4224    .ARM.Collect$$$$0000000A  mc_w.l(entry8b.o)
    0x080001e0   0x080001e0   0x00000008   Code   RO         4225    .ARM.Collect$$$$0000000B  mc_w.l(entry9a.o)
    0x080001e8   0x080001e8   0x00000000   Code   RO         4227    .ARM.Collect$$$$0000000D  mc_w.l(entry10a.o)
    0x080001e8   0x080001e8   0x00000000   Code   RO         4229    .ARM.Collect$$$$0000000F  mc_w.l(entry11a.o)
    0x080001e8   0x080001e8   0x00000004   Code   RO         4218    .ARM.Collect$$$$00002712  mc_w.l(entry2.o)
    0x080001ec   0x080001ec   0x00000024   Code   RO            4    .text               startup_stm32g474xx.o
    0x08000210   0x08000210   0x00000062   Code   RO         3948    .text               mc_w.l(uldiv.o)
    0x08000272   0x08000272   0x00000024   Code   RO         3950    .text               mc_w.l(memcpya.o)
    0x08000296   0x08000296   0x00000024   Code   RO         3952    .text               mc_w.l(memseta.o)
    0x080002ba   0x080002ba   0x0000001e   Code   RO         4234    .text               mc_w.l(llshl.o)
    0x080002d8   0x080002d8   0x00000020   Code   RO         4236    .text               mc_w.l(llushr.o)
    0x080002f8   0x080002f8   0x00000024   Code   RO         4249    .text               mc_w.l(init.o)
    0x0800031c   0x0800031c   0x0000009c   Code   RO          235    i.BNO055_Init       bno055.o
    0x080003b8   0x080003b8   0x00000002   Code   RO          551    i.BusFault_Handler  stm32g4xx_it.o
    0x080003ba   0x080003ba   0x00000002   Code   RO          552    i.DebugMon_Handler  stm32g4xx_it.o
    0x080003bc   0x080003bc   0x00000004   Code   RO          282    i.Error_Handler     main.o
    0x080003c0   0x080003c0   0x00000024   Code   RO         1173    i.HAL_Delay         stm32g4xx_hal.o
    0x080003e4   0x080003e4   0x000001c8   Code   RO         1880    i.HAL_GPIO_Init     stm32g4xx_hal_gpio.o
    0x080005ac   0x080005ac   0x0000000a   Code   RO         1884    i.HAL_GPIO_WritePin  stm32g4xx_hal_gpio.o
    0x080005b6   0x080005b6   0x00000002   PAD
    0x080005b8   0x080005b8   0x0000000c   Code   RO         1177    i.HAL_GetTick       stm32g4xx_hal.o
    0x080005c4   0x080005c4   0x00000056   Code   RO         1112    i.HAL_I2CEx_ConfigAnalogFilter  stm32g4xx_hal_i2c_ex.o
    0x0800061a   0x0800061a   0x00000052   Code   RO         1113    i.HAL_I2CEx_ConfigDigitalFilter  stm32g4xx_hal_i2c_ex.o
    0x0800066c   0x0800066c   0x000000b8   Code   RO          661    i.HAL_I2C_Init      stm32g4xx_hal_i2c.o
    0x08000724   0x08000724   0x00000124   Code   RO          667    i.HAL_I2C_Master_Receive  stm32g4xx_hal_i2c.o
    0x08000848   0x08000848   0x00000124   Code   RO          674    i.HAL_I2C_Master_Transmit  stm32g4xx_hal_i2c.o
    0x0800096c   0x0800096c   0x000000d4   Code   RO          360    i.HAL_I2C_MspInit   i2c.o
    0x08000a40   0x08000a40   0x00000010   Code   RO         1180    i.HAL_IncTick       stm32g4xx_hal.o
    0x08000a50   0x08000a50   0x0000001e   Code   RO         1181    i.HAL_Init          stm32g4xx_hal.o
    0x08000a6e   0x08000a6e   0x00000002   PAD
    0x08000a70   0x08000a70   0x00000044   Code   RO         1182    i.HAL_InitTick      stm32g4xx_hal.o
    0x08000ab4   0x08000ab4   0x00000030   Code   RO          626    i.HAL_MspInit       stm32g4xx_hal_msp.o
    0x08000ae4   0x08000ae4   0x00000040   Code   RO         2533    i.HAL_NVIC_SetPriority  stm32g4xx_hal_cortex.o
    0x08000b24   0x08000b24   0x00000024   Code   RO         2534    i.HAL_NVIC_SetPriorityGrouping  stm32g4xx_hal_cortex.o
    0x08000b48   0x08000b48   0x00000024   Code   RO         3713    i.HAL_PCDEx_ActivateLPM  stm32g4xx_hal_pcd_ex.o
    0x08000b6c   0x08000b6c   0x000000b2   Code   RO         3510    i.HAL_PCD_Init      stm32g4xx_hal_pcd.o
    0x08000c1e   0x08000c1e   0x00000002   PAD
    0x08000c20   0x08000c20   0x00000028   Code   RO          510    i.HAL_PCD_MspInit   usb.o
    0x08000c48   0x08000c48   0x000000bc   Code   RO         2283    i.HAL_PWREx_ControlVoltageScaling  stm32g4xx_hal_pwr_ex.o
    0x08000d04   0x08000d04   0x00000010   Code   RO         2295    i.HAL_PWREx_DisableUCPDDeadBattery  stm32g4xx_hal_pwr_ex.o
    0x08000d14   0x08000d14   0x000000b8   Code   RO         2672    i.HAL_QSPI_Init     stm32g4xx_hal_qspi.o
    0x08000dcc   0x08000dcc   0x00000064   Code   RO          408    i.HAL_QSPI_MspInit  quadspi.o
    0x08000e30   0x08000e30   0x00000300   Code   RO         1526    i.HAL_RCCEx_PeriphCLKConfig  stm32g4xx_hal_rcc_ex.o
    0x08001130   0x08001130   0x000001dc   Code   RO         1401    i.HAL_RCC_ClockConfig  stm32g4xx_hal_rcc.o
    0x0800130c   0x0800130c   0x00000024   Code   RO         1409    i.HAL_RCC_GetPCLK1Freq  stm32g4xx_hal_rcc.o
    0x08001330   0x08001330   0x00000024   Code   RO         1410    i.HAL_RCC_GetPCLK2Freq  stm32g4xx_hal_rcc.o
    0x08001354   0x08001354   0x00000070   Code   RO         1411    i.HAL_RCC_GetSysClockFreq  stm32g4xx_hal_rcc.o
    0x080013c4   0x080013c4   0x0000040c   Code   RO         1414    i.HAL_RCC_OscConfig  stm32g4xx_hal_rcc.o
    0x080017d0   0x080017d0   0x00000028   Code   RO         2538    i.HAL_SYSTICK_Config  stm32g4xx_hal_cortex.o
    0x080017f8   0x080017f8   0x0000003e   Code   RO         3375    i.HAL_UARTEx_DisableFifoMode  stm32g4xx_hal_uart_ex.o
    0x08001836   0x08001836   0x0000004c   Code   RO         3383    i.HAL_UARTEx_SetRxFifoThreshold  stm32g4xx_hal_uart_ex.o
    0x08001882   0x08001882   0x0000004c   Code   RO         3384    i.HAL_UARTEx_SetTxFifoThreshold  stm32g4xx_hal_uart_ex.o
    0x080018ce   0x080018ce   0x0000006a   Code   RO         2984    i.HAL_UART_Init     stm32g4xx_hal_uart.o
    0x08001938   0x08001938   0x00000064   Code   RO          450    i.HAL_UART_MspInit  usart.o
    0x0800199c   0x0800199c   0x000000bc   Code   RO         2993    i.HAL_UART_Transmit  stm32g4xx_hal_uart.o
    0x08001a58   0x08001a58   0x00000002   Code   RO          553    i.HardFault_Handler  stm32g4xx_it.o
    0x08001a5a   0x08001a5a   0x00000022   Code   RO          708    i.I2C_Flush_TXDR    stm32g4xx_hal_i2c.o
    0x08001a7c   0x08001a7c   0x00000084   Code   RO          716    i.I2C_IsAcknowledgeFailed  stm32g4xx_hal_i2c.o
    0x08001b00   0x08001b00   0x0000002c   Code   RO          723    i.I2C_TransferConfig  stm32g4xx_hal_i2c.o
    0x08001b2c   0x08001b2c   0x00000058   Code   RO          725    i.I2C_WaitOnFlagUntilTimeout  stm32g4xx_hal_i2c.o
    0x08001b84   0x08001b84   0x00000084   Code   RO          726    i.I2C_WaitOnRXNEFlagUntilTimeout  stm32g4xx_hal_i2c.o
    0x08001c08   0x08001c08   0x0000004c   Code   RO          727    i.I2C_WaitOnSTOPFlagUntilTimeout  stm32g4xx_hal_i2c.o
    0x08001c54   0x08001c54   0x00000050   Code   RO          728    i.I2C_WaitOnTXISFlagUntilTimeout  stm32g4xx_hal_i2c.o
    0x08001ca4   0x08001ca4   0x000000e4   Code   RO          335    i.MX_GPIO_Init      gpio.o
    0x08001d88   0x08001d88   0x00000058   Code   RO          361    i.MX_I2C1_Init      i2c.o
    0x08001de0   0x08001de0   0x00000058   Code   RO          362    i.MX_I2C3_Init      i2c.o
    0x08001e38   0x08001e38   0x00000038   Code   RO          409    i.MX_QUADSPI1_Init  quadspi.o
    0x08001e70   0x08001e70   0x00000068   Code   RO          451    i.MX_USART1_UART_Init  usart.o
    0x08001ed8   0x08001ed8   0x00000038   Code   RO          511    i.MX_USB_PCD_Init   usb.o
    0x08001f10   0x08001f10   0x00000002   Code   RO          554    i.MemManage_Handler  stm32g4xx_it.o
    0x08001f12   0x08001f12   0x00000002   Code   RO          555    i.NMI_Handler       stm32g4xx_it.o
    0x08001f14   0x08001f14   0x00000034   Code   RO           13    i.OLED_Clear        oled.o
    0x08001f48   0x08001f48   0x000000c2   Code   RO           17    i.OLED_Init         oled.o
    0x0800200a   0x0800200a   0x00000026   Code   RO           19    i.OLED_Set_Pos      oled.o
    0x08002030   0x08002030   0x00000024   Code   RO           24    i.OLED_Write_Cmd    oled.o
    0x08002054   0x08002054   0x00000024   Code   RO           25    i.OLED_Write_Dat    oled.o
    0x08002078   0x08002078   0x00000002   Code   RO          556    i.PendSV_Handler    stm32g4xx_it.o
    0x0800207a   0x0800207a   0x00000048   Code   RO         2698    i.QSPI_WaitFlagStateUntilTimeout  stm32g4xx_hal_qspi.o
    0x080020c2   0x080020c2   0x00000002   Code   RO          557    i.SVC_Handler       stm32g4xx_it.o
    0x080020c4   0x080020c4   0x00000004   Code   RO          558    i.SysTick_Handler   stm32g4xx_it.o
    0x080020c8   0x080020c8   0x00000094   Code   RO          283    i.SystemClock_Config  main.o
    0x0800215c   0x0800215c   0x00000010   Code   RO         3911    i.SystemInit        system_stm32g4xx.o
    0x0800216c   0x0800216c   0x00000044   Code   RO         3388    i.UARTEx_SetNbDataToProcess  stm32g4xx_hal_uart_ex.o
    0x080021b0   0x080021b0   0x000000c8   Code   RO         2998    i.UART_AdvFeatureConfig  stm32g4xx_hal_uart.o
    0x08002278   0x08002278   0x00000060   Code   RO         2999    i.UART_CheckIdleState  stm32g4xx_hal_uart.o
    0x080022d8   0x080022d8   0x0000029c   Code   RO         3016    i.UART_SetConfig    stm32g4xx_hal_uart.o
    0x08002574   0x08002574   0x000000a4   Code   RO         3023    i.UART_WaitOnFlagUntilTimeout  stm32g4xx_hal_uart.o
    0x08002618   0x08002618   0x00000012   Code   RO         3785    i.USB_DevInit       stm32g4xx_ll_usb.o
    0x0800262a   0x0800262a   0x00000010   Code   RO         3786    i.USB_DisableGlobalInt  stm32g4xx_ll_usb.o
    0x0800263a   0x0800263a   0x00000002   Code   RO          559    i.UsageFault_Handler  stm32g4xx_it.o
    0x0800263c   0x0800263c   0x00000020   Code   RO         4089    i.__0printf$5       mc_w.l(printf5.o)
    0x0800265c   0x0800265c   0x00000020   Code   RO         2540    i.__NVIC_SetPriority  stm32g4xx_hal_cortex.o
    0x0800267c   0x0800267c   0x0000000e   Code   RO         4257    i.__scatterload_copy  mc_w.l(handlers.o)
    0x0800268a   0x0800268a   0x00000002   Code   RO         4258    i.__scatterload_null  mc_w.l(handlers.o)
    0x0800268c   0x0800268c   0x0000000e   Code   RO         4259    i.__scatterload_zeroinit  mc_w.l(handlers.o)
    0x0800269a   0x0800269a   0x00000002   PAD
    0x0800269c   0x0800269c   0x000002c0   Code   RO         4096    i._printf_core      mc_w.l(printf5.o)
    0x0800295c   0x0800295c   0x00000018   Code   RO          454    i.fputc             usart.o
    0x08002974   0x08002974   0x00000048   Code   RO          284    i.main              main.o
    0x080029bc   0x080029bc   0x00000018   Data   RO         3024    .constdata          stm32g4xx_hal_uart.o
    0x080029d4   0x080029d4   0x00000010   Data   RO         3389    .constdata          stm32g4xx_hal_uart_ex.o
    0x080029e4   0x080029e4   0x00000010   Data   RO         3912    .constdata          system_stm32g4xx.o
    0x080029f4   0x080029f4   0x00000008   Data   RO         3913    .constdata          system_stm32g4xx.o
    0x080029fc   0x080029fc   0x00000020   Data   RO         4255    Region$$Table       anon$$obj.o


    Execution Region RW_IRAM1 (Exec base: 0x20000000, Load base: 0x08002a1c, Size: 0x00000880, Max: 0x00020000, ABSOLUTE)

    Exec Addr    Load Addr    Size         Type   Attr      Idx    E Section Name        Object

    0x20000000   0x08002a1c   0x0000000c   Data   RW         1201    .data               stm32g4xx_hal.o
    0x2000000c   0x08002a28   0x00000004   Data   RW         3914    .data               system_stm32g4xx.o
    0x20000010   0x08002a2c   0x00000004   Data   RW         4231    .data               mc_w.l(stdout.o)
    0x20000014        -       0x00000098   Zero   RW          363    .bss                i2c.o
    0x200000ac        -       0x0000004c   Zero   RW          410    .bss                quadspi.o
    0x200000f8        -       0x00000090   Zero   RW          455    .bss                usart.o
    0x20000188        -       0x000002f4   Zero   RW          512    .bss                usb.o
    0x2000047c   0x08002a30   0x00000004   PAD
    0x20000480        -       0x00000400   Zero   RW            1    STACK               startup_stm32g474xx.o


==============================================================================

Image component sizes


      Code (inc. data)   RO Data    RW Data    ZI Data      Debug   Object Name

       156         48          0          0          0       1826   bno055.o
       228         16          0          0          0       1071   gpio.o
       388         50          0          0        152       2454   i2c.o
       224         30          0          0          0       2100   main.o
       356          8          0          0          0     822077   oled.o
       156         20          0          0         76       1727   quadspi.o
        36          8        472          0       1024        836   startup_stm32g474xx.o
       162         24          0         12          0       4325   stm32g4xx_hal.o
       172         14          0          0          0      33150   stm32g4xx_hal_cortex.o
       466         34          0          0          0       2444   stm32g4xx_hal_gpio.o
      1354         38          0          0          0      10670   stm32g4xx_hal_i2c.o
       168          0          0          0          0       1911   stm32g4xx_hal_i2c_ex.o
        48          6          0          0          0        862   stm32g4xx_hal_msp.o
       178          0          0          0          0       1468   stm32g4xx_hal_pcd.o
        36          0          0          0          0       1134   stm32g4xx_hal_pcd_ex.o
       204         18          0          0          0       1405   stm32g4xx_hal_pwr_ex.o
       256         10          0          0          0       2726   stm32g4xx_hal_qspi.o
      1696         92          0          0          0       5976   stm32g4xx_hal_rcc.o
       768         10          0          0          0       1960   stm32g4xx_hal_rcc_ex.o
      1422         70         24          0          0      25314   stm32g4xx_hal_uart.o
       282          6         16          0          0       3661   stm32g4xx_hal_uart_ex.o
        20          0          0          0          0       4166   stm32g4xx_it.o
        34          0          0          0          0       1784   stm32g4xx_ll_usb.o
        16          4         24          4          0       1127   system_stm32g4xx.o
       228         24          0          0        144       2282   usart.o
        96         20          0          0        756       1566   usb.o

    ----------------------------------------------------------------------
      9156        550        568         16       2156     940022   Object Totals
         0          0         32          0          0          0   (incl. Generated)
         6          0          0          0          4          0   (incl. Padding)

    ----------------------------------------------------------------------

      Code (inc. data)   RO Data    RW Data    ZI Data      Debug   Library Member Name

         0          0          0          0          0          0   entry.o
         0          0          0          0          0          0   entry10a.o
         0          0          0          0          0          0   entry11a.o
         8          4          0          0          0          0   entry2.o
         4          0          0          0          0          0   entry5.o
         0          0          0          0          0          0   entry7b.o
         0          0          0          0          0          0   entry8b.o
         8          4          0          0          0          0   entry9a.o
        30          0          0          0          0          0   handlers.o
        36          8          0          0          0         68   init.o
        30          0          0          0          0         68   llshl.o
        32          0          0          0          0         68   llushr.o
        36          0          0          0          0         68   memcpya.o
        36          0          0          0          0        108   memseta.o
       736         56          0          0          0        184   printf5.o
         0          0          0          4          0          0   stdout.o
        98          0          0          0          0         92   uldiv.o

    ----------------------------------------------------------------------
      1056         72          0          4          0        656   Library Totals
         2          0          0          0          0          0   (incl. Padding)

    ----------------------------------------------------------------------

      Code (inc. data)   RO Data    RW Data    ZI Data      Debug   Library Name

      1054         72          0          4          0        656   mc_w.l

    ----------------------------------------------------------------------
      1056         72          0          4          0        656   Library Totals

    ----------------------------------------------------------------------

==============================================================================


      Code (inc. data)   RO Data    RW Data    ZI Data      Debug   

     10212        622        568         20       2156     933522   Grand Totals
     10212        622        568         20       2156     933522   ELF Image Totals
     10212        622        568         20          0          0   ROM Totals

==============================================================================

    Total RO  Size (Code + RO Data)                10780 (  10.53kB)
    Total RW  Size (RW Data + ZI Data)              2176 (   2.13kB)
    Total ROM Size (Code + RO Data + RW Data)      10800 (  10.55kB)

==============================================================================

